Archive member included because of file (symbol)

C:/Freescale/CW MCU v10.6/MCU/ARM_GCC_Support/ewl/lib/armv6-m\libc.a(vsprintf.o)
                              ./Sources/TFC/TFC_Queue.o (vsprintf)
C:/Freescale/CW MCU v10.6/MCU/ARM_GCC_Support/ewl/lib/armv6-m\libc.a(sscanf.o)
                              ./Sources/TFC/TFC_Terminal.o (sscanf)
C:/Freescale/CW MCU v10.6/MCU/ARM_GCC_Support/ewl/lib/armv6-m\libc.a(sprintf.o)
                              ./Sources/demo.o (sprintf)
C:/Freescale/CW MCU v10.6/MCU/ARM_GCC_Support/ewl/lib/armv6-m\libc.a(vsscanf.o)
                              C:/Freescale/CW MCU v10.6/MCU/ARM_GCC_Support/ewl/lib/armv6-m\libc.a(sscanf.o) (vsscanf)
C:/Freescale/CW MCU v10.6/MCU/ARM_GCC_Support/ewl/lib/armv6-m\libc.a(exit.o)
                              ./Project_Settings/Startup_Code/__arm_start.o (exit)
C:/Freescale/CW MCU v10.6/MCU/ARM_GCC_Support/ewl/lib/armv6-m\libc.a(memset.o)
                              ./Project_Settings/Startup_Code/__arm_start.o (memset)
C:/Freescale/CW MCU v10.6/MCU/ARM_GCC_Support/ewl/lib/armv6-m\libc.a(__filll_mem.o)
                              C:/Freescale/CW MCU v10.6/MCU/ARM_GCC_Support/ewl/lib/armv6-m\libc.a(memset.o) (__fill_mem)
C:/Freescale/CW MCU v10.6/MCU/ARM_GCC_Support/ewl/lib/armv6-m\libc.a(strcpy.o)
                              ./Sources/TFC/TFC_Terminal.o (strcpy)
C:/Freescale/CW MCU v10.6/MCU/ARM_GCC_Support/ewl/lib/armv6-m\libc.a(strcmp.o)
                              ./Sources/TFC/TFC_Terminal.o (strcmp)
C:/Freescale/CW MCU v10.6/MCU/ARM_GCC_Support/ewl/lib/armv6-m\libc.a(strlen.o)
                              ./Sources/TFC/TFC_Queue.o (strlen)
C:/Freescale/CW MCU v10.6/MCU/ARM_GCC_Support/ewl/lib/armv6-m\libc.a(printformat_.o)
                              (__pformatter_)
C:/Freescale/CW MCU v10.6/MCU/ARM_GCC_Support/ewl/lib/armv6-m\libc.a(scanformat_.o)
                              (__sformatter)
C:/Freescale/CW MCU v10.6/MCU/ARM_GCC_Support/ewl/lib/armv6-m\libc.a(ctype_aeabi.o)
                              C:/Freescale/CW MCU v10.6/MCU/ARM_GCC_Support/ewl/lib/armv6-m\libc.a(scanformat_.o) (isspace)
C:/Freescale/CW MCU v10.6/MCU/ARM_GCC_Support/ewl/lib/armv6-m\libc.a(vsnprintf.o)
                              C:/Freescale/CW MCU v10.6/MCU/ARM_GCC_Support/ewl/lib/armv6-m\libc.a(vsprintf.o) (vsnprintf)
C:/Freescale/CW MCU v10.6/MCU/ARM_GCC_Support/ewl/lib/armv6-m\libc.a(__strtoul.o)
                              C:/Freescale/CW MCU v10.6/MCU/ARM_GCC_Support/ewl/lib/armv6-m\libc.a(scanformat_.o) (__strtoul)
C:/Freescale/CW MCU v10.6/MCU/ARM_GCC_Support/ewl/lib/armv6-m\libc.a(strchr.o)
                              C:/Freescale/CW MCU v10.6/MCU/ARM_GCC_Support/ewl/lib/armv6-m\libc.a(printformat_.o) (strchr)
C:/Freescale/CW MCU v10.6/MCU/ARM_GCC_Support/ewl/lib/armv6-m\libc.a(memcpy.o)
                              C:/Freescale/CW MCU v10.6/MCU/ARM_GCC_Support/ewl/lib/armv6-m\libc.a(scanformat_.o) (memcpy)
C:/Freescale/CW MCU v10.6/MCU/ARM_GCC_Support/ewl/lib/armv6-m\libc.a(memchr.o)
                              C:/Freescale/CW MCU v10.6/MCU/ARM_GCC_Support/ewl/lib/armv6-m\libc.a(printformat_.o) (memchr)
C:/Freescale/CW MCU v10.6/MCU/ARM_GCC_Support/ewl/lib/armv6-m\libm.a(w_log.o)
                              ./Sources/demo.o (log)
C:/Freescale/CW MCU v10.6/MCU/ARM_GCC_Support/ewl/lib/armv6-m\libm.a(w_exp.o)
                              ./Sources/demo.o (exp)
C:/Freescale/CW MCU v10.6/MCU/ARM_GCC_Support/ewl/lib/armv6-m\libm.a(e_log.o)
                              C:/Freescale/CW MCU v10.6/MCU/ARM_GCC_Support/ewl/lib/armv6-m\libm.a(w_log.o) (__ieee754_log)
C:/Freescale/CW MCU v10.6/MCU/ARM_GCC_Support/ewl/lib/armv6-m\libm.a(e_exp.o)
                              C:/Freescale/CW MCU v10.6/MCU/ARM_GCC_Support/ewl/lib/armv6-m\libm.a(w_exp.o) (__ieee754_exp)
c:/freescale/cw mcu v10.6/cross_tools/arm-none-eabi-gcc-4_7_3/bin/../lib/gcc/arm-none-eabi/4.7.3/armv6-m\libgcc.a(_thumb1_case_sqi.o)
                              C:/Freescale/CW MCU v10.6/MCU/ARM_GCC_Support/ewl/lib/armv6-m\libc.a(__strtoul.o) (__gnu_thumb1_case_sqi)
c:/freescale/cw mcu v10.6/cross_tools/arm-none-eabi-gcc-4_7_3/bin/../lib/gcc/arm-none-eabi/4.7.3/armv6-m\libgcc.a(_thumb1_case_uqi.o)
                              C:/Freescale/CW MCU v10.6/MCU/ARM_GCC_Support/ewl/lib/armv6-m\libc.a(scanformat_.o) (__gnu_thumb1_case_uqi)
c:/freescale/cw mcu v10.6/cross_tools/arm-none-eabi-gcc-4_7_3/bin/../lib/gcc/arm-none-eabi/4.7.3/armv6-m\libgcc.a(_udivsi3.o)
                              ./Sources/TFC/TFC_UART.o (__aeabi_uidiv)
c:/freescale/cw mcu v10.6/cross_tools/arm-none-eabi-gcc-4_7_3/bin/../lib/gcc/arm-none-eabi/4.7.3/armv6-m\libgcc.a(_divsi3.o)
                              ./Sources/TFC/TFC_CrystalClock.o (__aeabi_idiv)
c:/freescale/cw mcu v10.6/cross_tools/arm-none-eabi-gcc-4_7_3/bin/../lib/gcc/arm-none-eabi/4.7.3/armv6-m\libgcc.a(_dvmd_tls.o)
[...]
Memory Configuration

Name             Origin             Length             Attributes
m_interrupts     0x00000000         0x000000c0         xr
m_cfmprotrom     0x00000400         0x00000010         xr
m_text           0x00000800         0x0001f800         xr
m_data           0x1ffff000         0x00004000         xrw
*default*        0x00000000         0xffffffff

Linker script and memory map

LOAD ./Project_Settings/Startup_Code/kinetis_sysinit.o
LOAD ./Project_Settings/Startup_Code/__arm_start.o
LOAD ./Project_Settings/Startup_Code/__arm_end.o
LOAD ./Sources/TFC/TFC_arm_cm0.o
LOAD ./Sources/TFC/TFC_UART.o
LOAD ./Sources/TFC/TFC_Terminal.o
LOAD ./Sources/TFC/TFC_Servo.o
LOAD ./Sources/TFC/TFC_Queue.o
LOAD ./Sources/TFC/TFC_Motor.o
LOAD ./Sources/TFC/TFC_LineScanCamera.o
LOAD ./Sources/TFC/TFC_CrystalClock.o
LOAD ./Sources/TFC/TFC_BoardSupport.o
LOAD ./Sources/TFC/TFC_ARM_SysTick.o
LOAD ./Sources/TFC/TFC_ADC.o
LOAD ./Sources/TFC/TFC.o
LOAD ./Sources/sa_mtb.o
LOAD ./Sources/main.o
LOAD ./Sources/i2c.o
LOAD ./Sources/demo.o
LOAD ./Sources/Spices.o
                0x00007780                __pformatter = __pformatter_
                [0x00007ba8]                __sformatter = __sformatter
START GROUP
LOAD C:/Freescale/CW MCU v10.6/MCU/ARM_GCC_Support/ewl/lib/armv6-m\libc.a
LOAD C:/Freescale/CW MCU v10.6/MCU/ARM_GCC_Support/ewl/lib/armv6-m\libm.a
LOAD c:/freescale/cw mcu v10.6/cross_tools/arm-none-eabi-gcc-4_7_3/bin/../lib/gcc/arm-none-eabi/4.7.3/armv6-m\libgcc.a
LOAD C:/Freescale/CW MCU v10.6/MCU/ARM_GCC_Support/ewl/lib/armv6-m\librt.a
LOAD C:/Freescale/CW MCU v10.6/MCU/ARM_GCC_Support/ewl/lib/armv6-m\libuart.a
END GROUP
                0x20003000                _estack = 0x20003000
                0x20003000                __SP_INIT = _estack
                0x00000400                __heap_size = 0x400
                0x00000400                __stack_size = 0x400

.interrupts     0x00000000       0xc0
                0x00000000                __vector_table = .
                0x00000000                . = ALIGN (0x4)
 *(.vectortable)
 .vectortable   0x00000000       0xc0 ./Project_Settings/Startup_Code/kinetis_sysinit.o
                0x00000000                InterruptVector
                0x000000c0                . = ALIGN (0x4)

.cfmprotect     0x00000400        0x0
                0x00000400                . = ALIGN (0x4)
 *(.cfmconfig)
                0x00000400                . = ALIGN (0x4)

.text           0x00000800     0x8b90
                0x00000800                . = ALIGN (0x4)
 *(.text)
 .text          0x00000800       0x14 c:/freescale/cw mcu v10.6/cross_tools/arm-none-eabi-gcc-4_7_3/bin/../lib/gcc/arm-none-eabi/4.7.3/armv6-m\libgcc.a(_thumb1_case_sqi.o)
                0x00000800                __gnu_thumb1_case_sqi
 .text          0x00000814       0x14 c:/freescale/cw mcu v10.6/cross_tools/arm-none-eabi-gcc-4_7_3/bin/../lib/gcc/arm-none-eabi/4.7.3/armv6-m\libgcc.a(_thumb1_case_uqi.o)
                0x00000814                __gnu_thumb1_case_uqi
 .text          0x00000828       0x9c c:/freescale/cw mcu v10.6/cross_tools/arm-none-eabi-gcc-4_7_3/bin/../lib/gcc/arm-none-eabi/4.7.3/armv6-m\libgcc.a(_udivsi3.o)
                0x00000828                __aeabi_uidiv
                0x00000828                __udivsi3
                0x000008b0                __aeabi_uidivmod
 .text          0x000008c4       0xc0 c:/freescale/cw mcu v10.6/cross_tools/arm-none-eabi-gcc-4_7_3/bin/../lib/gcc/arm-none-eabi/4.7.3/armv6-m\libgcc.a(_divsi3.o)
                0x000008c4                __divsi3
                0x000008c4                __aeabi_idiv
                0x00000970                __aeabi_idivmod
 .text          0x00000984        0x4 c:/freescale/cw mcu v10.6/cross_tools/arm-none-eabi-gcc-4_7_3/bin/../lib/gcc/arm-none-eabi/4.7.3/armv6-m\libgcc.a(_dvmd_tls.o)
                0x00000984                __aeabi_idiv0
                0x00000984                __aeabi_ldiv0
 .text          0x00000988       0x7c c:/freescale/cw mcu v10.6/cross_tools/arm-none-eabi-gcc-4_7_3/bin/../lib/gcc/arm-none-eabi/4.7.3/armv6-m\libgcc.a(_arm_cmpdf2.o)
                0x00000988                __aeabi_cdrcmple
                0x00000998                __aeabi_cdcmple
                0x00000998                __aeabi_cdcmpeq
                0x000009a8                __aeabi_dcmpeq
                0x000009b4                __aeabi_dcmplt
                0x000009c8                __aeabi_dcmple
                0x000009dc                __aeabi_dcmpgt
                0x000009f0                __aeabi_dcmpge
 .text          0x00000a04       0x74 c:/freescale/cw mcu v10.6/cross_tools/arm-none-eabi-gcc-4_7_3/bin/../lib/gcc/arm-none-eabi/4.7.3/armv6-m\libgcc.a(_arm_cmpsf2.o)
                0x00000a04                __aeabi_cfrcmple
                0x00000a0c                __aeabi_cfcmpeq
                0x00000a0c                __aeabi_cfcmple
                0x00000a1c                __aeabi_fcmpeq
                0x00000a28                __aeabi_fcmplt
                0x00000a3c                __aeabi_fcmple
                0x00000a50                __aeabi_fcmpgt
                0x00000a64                __aeabi_fcmpge
 .text          0x00000a78       0x30 c:/freescale/cw mcu v10.6/cross_tools/arm-none-eabi-gcc-4_7_3/bin/../lib/gcc/arm-none-eabi/4.7.3/armv6-m\libgcc.a(_fixunssfsi.o)
                0x00000a78                __fixunssfsi
                0x00000a78                __aeabi_f2uiz
 .text          0x00000aa8      0x3a4 c:/freescale/cw mcu v10.6/cross_tools/arm-none-eabi-gcc-4_7_3/bin/../lib/gcc/arm-none-eabi/4.7.3/armv6-m\libgcc.a(addsf3.o)
                0x00000aa8                __aeabi_fadd
 .text          0x00000e4c      0x274 c:/freescale/cw mcu v10.6/cross_tools/arm-none-eabi-gcc-4_7_3/bin/../lib/gcc/arm-none-eabi/4.7.3/armv6-m\libgcc.a(divsf3.o)
                0x00000e4c                __aeabi_fdiv
 .text          0x000010c0       0x50 c:/freescale/cw mcu v10.6/cross_tools/arm-none-eabi-gcc-4_7_3/bin/../lib/gcc/arm-none-eabi/4.7.3/armv6-m\libgcc.a(eqsf2.o)
                0x000010c0                __eqsf2
                0x000010c0                __nesf2
 .text          0x00001110       0x90 c:/freescale/cw mcu v10.6/cross_tools/arm-none-eabi-gcc-4_7_3/bin/../lib/gcc/arm-none-eabi/4.7.3/armv6-m\libgcc.a(gesf2.o)
                0x00001110                __gesf2
                0x00001110                __gtsf2
 .text          0x000011a0       0x90 c:/freescale/cw mcu v10.6/cross_tools/arm-none-eabi-gcc-4_7_3/bin/../lib/gcc/arm-none-eabi/4.7.3/armv6-m\libgcc.a(lesf2.o)
                0x000011a0                __ltsf2
                0x000011a0                __lesf2
 .text          0x00001230      0x260 c:/freescale/cw mcu v10.6/cross_tools/arm-none-eabi-gcc-4_7_3/bin/../lib/gcc/arm-none-eabi/4.7.3/armv6-m\libgcc.a(mulsf3.o)
                0x00001230                __aeabi_fmul
 .text          0x00001490      0x3ac c:/freescale/cw mcu v10.6/cross_tools/arm-none-eabi-gcc-4_7_3/bin/../lib/gcc/arm-none-eabi/4.7.3/armv6-m\libgcc.a(subsf3.o)
                0x00001490                __aeabi_fsub
 .text          0x0000183c       0x40 c:/freescale/cw mcu v10.6/cross_tools/arm-none-eabi-gcc-4_7_3/bin/../lib/gcc/arm-none-eabi/4.7.3/armv6-m\libgcc.a(fixsfsi.o)
                0x0000183c                __aeabi_f2iz
 .text          0x0000187c       0xa8 c:/freescale/cw mcu v10.6/cross_tools/arm-none-eabi-gcc-4_7_3/bin/../lib/gcc/arm-none-eabi/4.7.3/armv6-m\libgcc.a(floatsisf.o)
                0x0000187c                __aeabi_i2f
 .text          0x00001924       0xa8 c:/freescale/cw mcu v10.6/cross_tools/arm-none-eabi-gcc-4_7_3/bin/../lib/gcc/arm-none-eabi/4.7.3/armv6-m\libgcc.a(floatunsisf.o)
                0x00001924                __aeabi_ui2f
 .text          0x000019cc      0x758 c:/freescale/cw mcu v10.6/cross_tools/arm-none-eabi-gcc-4_7_3/bin/../lib/gcc/arm-none-eabi/4.7.3/armv6-m\libgcc.a(adddf3.o)
                0x000019cc                __aeabi_dadd
 .text          0x00002124      0x5b8 c:/freescale/cw mcu v10.6/cross_tools/arm-none-eabi-gcc-4_7_3/bin/../lib/gcc/arm-none-eabi/4.7.3/armv6-m\libgcc.a(divdf3.o)
                0x00002124                __aeabi_ddiv
 .text          0x000026dc       0x7c c:/freescale/cw mcu v10.6/cross_tools/arm-none-eabi-gcc-4_7_3/bin/../lib/gcc/arm-none-eabi/4.7.3/armv6-m\libgcc.a(eqdf2.o)
                0x000026dc                __nedf2
                0x000026dc                __eqdf2
 .text          0x00002758       0xe8 c:/freescale/cw mcu v10.6/cross_tools/arm-none-eabi-gcc-4_7_3/bin/../lib/gcc/arm-none-eabi/4.7.3/armv6-m\libgcc.a(gedf2.o)
                0x00002758                __gedf2
                0x00002758                __gtdf2
 .text          0x00002840       0xd8 c:/freescale/cw mcu v10.6/cross_tools/arm-none-eabi-gcc-4_7_3/bin/../lib/gcc/arm-none-eabi/4.7.3/armv6-m\libgcc.a(ledf2.o)
                0x00002840                __ledf2
                0x00002840                __ltdf2
 .text          0x00002918      0x4e4 c:/freescale/cw mcu v10.6/cross_tools/arm-none-eabi-gcc-4_7_3/bin/../lib/gcc/arm-none-eabi/4.7.3/armv6-m\libgcc.a(muldf3.o)
                0x00002918                __aeabi_dmul
 .text          0x00002dfc      0x6f8 c:/freescale/cw mcu v10.6/cross_tools/arm-none-eabi-gcc-4_7_3/bin/../lib/gcc/arm-none-eabi/4.7.3/armv6-m\libgcc.a(subdf3.o)
                0x00002dfc                __aeabi_dsub
 .text          0x000034f4       0x68 c:/freescale/cw mcu v10.6/cross_tools/arm-none-eabi-gcc-4_7_3/bin/../lib/gcc/arm-none-eabi/4.7.3/armv6-m\libgcc.a(fixdfsi.o)
                0x000034f4                __aeabi_d2iz
 .text          0x0000355c       0x74 c:/freescale/cw mcu v10.6/cross_tools/arm-none-eabi-gcc-4_7_3/bin/../lib/gcc/arm-none-eabi/4.7.3/armv6-m\libgcc.a(floatsidf.o)
                0x0000355c                __aeabi_i2d
 .text          0x000035d0       0x64 c:/freescale/cw mcu v10.6/cross_tools/arm-none-eabi-gcc-4_7_3/bin/../lib/gcc/arm-none-eabi/4.7.3/armv6-m\libgcc.a(floatunsidf.o)
                0x000035d0                __aeabi_ui2d
 .text          0x00003634       0xa8 c:/freescale/cw mcu v10.6/cross_tools/arm-none-eabi-gcc-4_7_3/bin/../lib/gcc/arm-none-eabi/4.7.3/armv6-m\libgcc.a(extendsfdf2.o)
                0x00003634                __aeabi_f2d
 .text          0x000036dc      0x134 c:/freescale/cw mcu v10.6/cross_tools/arm-none-eabi-gcc-4_7_3/bin/../lib/gcc/arm-none-eabi/4.7.3/armv6-m\libgcc.a(truncdfsf2.o)
                0x000036dc                __aeabi_d2f
 .text          0x00003810       0x3c c:/freescale/cw mcu v10.6/cross_tools/arm-none-eabi-gcc-4_7_3/bin/../lib/gcc/arm-none-eabi/4.7.3/armv6-m\libgcc.a(_clzsi2.o)
                0x00003810                __clzsi2
 *(.text*)
 .text.Default_Handler
                0x0000384c        0xc ./Project_Settings/Startup_Code/kinetis_sysinit.o
                0x0000384c                RTC_Alarm_IRQHandler
                0x0000384c                I2C0_IRQHandler
                0x0000384c                HardFault_Handler
                0x0000384c                PendSV_Handler
                0x0000384c                NMI_Handler
                0x0000384c                I2C1_IRQHandler
                0x0000384c                UART1_IRQHandler
                0x0000384c                DMA2_IRQHandler
                0x0000384c                TSI0_IRQHandler
                0x0000384c                SPI1_IRQHandler
                0x0000384c                PORTD_IRQHandler
                0x0000384c                LPTimer_IRQHandler
                0x0000384c                RTC_Seconds_IRQHandler
                0x0000384c                MCG_IRQHandler
                0x0000384c                UART2_IRQHandler
                0x0000384c                Default_Handler
                0x0000384c                LLW_IRQHandler
                0x0000384c                SVC_Handler
                0x0000384c                USBOTG_IRQHandler
                0x0000384c                DMA3_IRQHandler
                0x0000384c                DMA0_IRQHandler
                0x0000384c                DAC0_IRQHandler
                0x0000384c                PMC_IRQHandler
                0x0000384c                SPI0_IRQHandler
                0x0000384c                FTM0_IRQHandler
                0x0000384c                MCM_IRQHandler
                0x0000384c                FTFL_IRQHandler
                0x0000384c                FTM2_IRQHandler
                0x0000384c                CMP0_IRQHandler
                0x0000384c                DMA1_IRQHandler
 .text.__init_hardware
                0x00003858       0x2c ./Project_Settings/Startup_Code/kinetis_sysinit.o
                0x00003858                __init_hardware
 .text.zero_fill_bss
                0x00003884       0x24 ./Project_Settings/Startup_Code/__arm_start.o
 .text.__thumb_startup
                0x000038a8       0x30 ./Project_Settings/Startup_Code/__arm_start.o
                0x000038a8                __thumb_startup
 .text._ExitProcess
                0x000038d8        0xc ./Project_Settings/Startup_Code/__arm_end.o
                0x000038d8                _ExitProcess
 .text.enable_irq
                0x000038e4       0x6c ./Sources/TFC/TFC_arm_cm0.o
                0x000038e4                enable_irq
 .text.disable_irq
                0x00003950       0x40 ./Sources/TFC/TFC_arm_cm0.o
                0x00003950                disable_irq
 .text.TFC_InitUARTs
                0x00003990       0xd0 ./Sources/TFC/TFC_UART.o
                0x00003990                TFC_InitUARTs
 .text.TFC_UART_Process
                0x00003a60       0x40 ./Sources/TFC/TFC_UART.o
                0x00003a60                TFC_UART_Process
 .text.UART0_IRQHandler
                0x00003aa0       0x78 ./Sources/TFC/TFC_UART.o
                0x00003aa0                UART0_IRQHandler
 .text.uart0_init
                0x00003b18      0x22c ./Sources/TFC/TFC_UART.o
                0x00003b18                uart0_init
 .text.TerminalBootMsg
                0x00003d44       0x6c ./Sources/TFC/TFC_Terminal.o
                0x00003d44                TerminalBootMsg
 .text.TFC_InitTerminal
                0x00003db0       0x20 ./Sources/TFC/TFC_Terminal.o
                0x00003db0                TFC_InitTerminal
 .text.TerminalCmd_Help
                0x00003dd0       0xa4 ./Sources/TFC/TFC_Terminal.o
                0x00003dd0                TerminalCmd_Help
 .text.TerminalCmd_E
                0x00003e74       0x30 ./Sources/TFC/TFC_Terminal.o
                0x00003e74                TerminalCmd_E
 .text.TerminalCmd_D
                0x00003ea4       0x3c ./Sources/TFC/TFC_Terminal.o
                0x00003ea4                TerminalCmd_D
 .text.TerminalCmd_GetLineScan
                0x00003ee0      0x118 ./Sources/TFC/TFC_Terminal.o
                0x00003ee0                TerminalCmd_GetLineScan
 .text.TerminalCmd_S
                0x00003ff8       0xac ./Sources/TFC/TFC_Terminal.o
                0x00003ff8                TerminalCmd_S
 .text.TerminalCmd_H
                0x000040a4       0xa8 ./Sources/TFC/TFC_Terminal.o
                0x000040a4                TerminalCmd_H
 .text.TFC_ProcessTerminal
                0x0000414c      0x2c0 ./Sources/TFC/TFC_Terminal.o
                0x0000414c                TFC_ProcessTerminal
 *fill*         0x0000440c        0x4 00
 .text.TFC_SetServo
                0x00004410       0x98 ./Sources/TFC/TFC_Servo.o
                0x00004410                TFC_SetServo
 .text.TFC_SetServoDutyCycle
                0x000044a8       0x68 ./Sources/TFC/TFC_Servo.o
                0x000044a8                TFC_SetServoDutyCycle
 .text.FTM1_IRQHandler
                0x00004510       0x40 ./Sources/TFC/TFC_Servo.o
                0x00004510                FTM1_IRQHandler
 .text.TFC_InitServos
                0x00004550       0xd4 ./Sources/TFC/TFC_Servo.o
                0x00004550                TFC_InitServos
 .text.InitByteQueue
                0x00004624       0x6c ./Sources/TFC/TFC_Queue.o
                0x00004624                InitByteQueue
 .text.BytesInQueue
                0x00004690       0x50 ./Sources/TFC/TFC_Queue.o
                0x00004690                BytesInQueue
 .text.ByteEnqueue
                0x000046e0       0x64 ./Sources/TFC/TFC_Queue.o
                0x000046e0                ByteEnqueue
 .text.ByteArrayEnqueue
                0x00004744       0x58 ./Sources/TFC/TFC_Queue.o
                0x00004744                ByteArrayEnqueue
 .text.Qprintf  0x0000479c       0x50 ./Sources/TFC/TFC_Queue.o
                0x0000479c                Qprintf
 .text.ByteDequeue
                0x000047ec       0x5c ./Sources/TFC/TFC_Queue.o
                0x000047ec                ByteDequeue
 .text.ForcedByteDequeue
                0x00004848       0x58 ./Sources/TFC/TFC_Queue.o
                0x00004848                ForcedByteDequeue
 .text.TFC_InitMotorPWM
                0x000048a0       0xd4 ./Sources/TFC/TFC_Motor.o
                0x000048a0                TFC_InitMotorPWM
 *fill*         0x00004974        0x4 00
 .text.TFC_SetMotorPWM
                0x00004978      0x140 ./Sources/TFC/TFC_Motor.o
                0x00004978                TFC_SetMotorPWM
 .text.TFC_InitLineScanCamera
                0x00004ab8       0xb4 ./Sources/TFC/TFC_LineScanCamera.o
                0x00004ab8                TFC_InitLineScanCamera
 *fill*         0x00004b6c        0x4 00
 .text.TFC_SetLineScanExposureTime
                0x00004b70       0x70 ./Sources/TFC/TFC_LineScanCamera.o
                0x00004b70                TFC_SetLineScanExposureTime
 .text.TFC_InitClock
                0x00004be0       0x24 ./Sources/TFC/TFC_CrystalClock.o
                0x00004be0                TFC_InitClock
 .text.pll_init
                0x00004c04      0x548 ./Sources/TFC/TFC_CrystalClock.o
                0x00004c04                pll_init
 .text.TFC_InitGPIO
                0x0000514c       0xcc ./Sources/TFC/TFC_BoardSupport.o
                0x0000514c                TFC_InitGPIO
 .text.TFC_SetBatteryLED_Level
                0x00005218       0x78 ./Sources/TFC/TFC_BoardSupport.o
                0x00005218                TFC_SetBatteryLED_Level
 .text.TFC_GetDIP_Switch
                0x00005290       0x2c ./Sources/TFC/TFC_BoardSupport.o
                0x00005290                TFC_GetDIP_Switch
 .text.TFC_InitSysTick
                0x000052bc       0x4c ./Sources/TFC/TFC_ARM_SysTick.o
                0x000052bc                TFC_InitSysTick
 .text.SysTick_Handler
                0x00005308       0x60 ./Sources/TFC/TFC_ARM_SysTick.o
                0x00005308                SysTick_Handler
 .text.ADC_Cal  0x00005368      0x1b4 ./Sources/TFC/TFC_ADC.o
                0x00005368                ADC_Cal
 .text.ADC_Config_Alt
                0x0000551c       0x60 ./Sources/TFC/TFC_ADC.o
                0x0000551c                ADC_Config_Alt
 .text.InitADC0
                0x0000557c       0x90 ./Sources/TFC/TFC_ADC.o
                0x0000557c                InitADC0
 .text.TFC_InitADCs
                0x0000560c       0x70 ./Sources/TFC/TFC_ADC.o
                0x0000560c                TFC_InitADCs
 .text.PIT_IRQHandler
                0x0000567c       0x40 ./Sources/TFC/TFC_ADC.o
                0x0000567c                PIT_IRQHandler
 .text.ADC0_IRQHandler
                0x000056bc      0x270 ./Sources/TFC/TFC_ADC.o
                0x000056bc                ADC0_IRQHandler
 *fill*         0x0000592c        0x4 00
 .text.TFC_ReadPot
                0x00005930       0xc0 ./Sources/TFC/TFC_ADC.o
                0x00005930                TFC_ReadPot
 .text.TFC_ReadBatteryVoltage
                0x000059f0       0x70 ./Sources/TFC/TFC_ADC.o
                0x000059f0                TFC_ReadBatteryVoltage
 .text.TFC_ReadHBridgeFeedBack
                0x00005a60       0xf8 ./Sources/TFC/TFC_ADC.o
                0x00005a60                TFC_ReadHBridgeFeedBack
 .text.TFC_Init
                0x00005b58       0x44 ./Sources/TFC/TFC.o
                0x00005b58                TFC_Init
 .text.TFC_Task
                0x00005b9c       0x10 ./Sources/TFC/TFC.o
                0x00005b9c                TFC_Task
 .text.main     0x00005bac       0x38 ./Sources/main.o
                0x00005bac                main
 .text.Init_Interrupts
                0x00005be4       0x1c ./Sources/main.o
                0x00005be4                Init_Interrupts
 .text.PORTA_IRQHandler
                0x00005c00       0x4c ./Sources/main.o
                0x00005c00                PORTA_IRQHandler
 .text.Init_I2C
                0x00005c4c       0x44 ./Sources/i2c.o
                0x00005c4c                Init_I2C
 .text.IIC_StartTransmission
                0x00005c90       0x68 ./Sources/i2c.o
                0x00005c90                IIC_StartTransmission
 .text.Pause    0x00005cf8       0x20 ./Sources/i2c.o
                0x00005cf8                Pause
 .text.I2CReadRegister
                0x00005d18      0x12c ./Sources/i2c.o
                0x00005d18                I2CReadRegister
 .text.I2CWriteRegister
                0x00005e44       0xb8 ./Sources/i2c.o
                0x00005e44                I2CWriteRegister
 .text.I2CReadMultiRegisters
                0x00005efc      0x1bc ./Sources/i2c.o
                0x00005efc                I2CReadMultiRegisters
 .text.ReadShort
                0x000060b8       0xa0 ./Sources/i2c.o
                0x000060b8                ReadShort
 .text.Init_Accel
                0x00006158       0x30 ./Sources/i2c.o
                0x00006158                Init_Accel
 .text.Init_Demo
                0x00006188       0x68 ./Sources/demo.o
                0x00006188                Init_Demo
 .text.DemoProgram
                0x000061f0      0x640 ./Sources/demo.o
                0x000061f0                DemoProgram
 .text.MasterControlProgram
                0x00006830       0xa0 ./Sources/Spices.o
                0x00006830                MasterControlProgram
 .text.readSwitches
                0x000068d0       0x48 ./Sources/Spices.o
                0x000068d0                readSwitches
 .text.grabCameraFrame
                0x00006918       0x60 ./Sources/Spices.o
                0x00006918                grabCameraFrame
 .text.derivativeLineScan
                0x00006978      0x1c4 ./Sources/Spices.o
                0x00006978                derivativeLineScan
 .text.findEdges_v2
                0x00006b3c      0x13c ./Sources/Spices.o
                0x00006b3c                findEdges_v2
 .text.reviewEdges
                0x00006c78      0x2b8 ./Sources/Spices.o
                0x00006c78                reviewEdges
 .text.ActOnTrackStatus
                0x00006f30       0x48 ./Sources/Spices.o
                0x00006f30                ActOnTrackStatus
 .text.SteeringControl
                0x00006f78      0x188 ./Sources/Spices.o
                0x00006f78                SteeringControl
 .text.Steer    0x00007100       0x54 ./Sources/Spices.o
                0x00007100                Steer
 .text.SpeedControl
                0x00007154      0x120 ./Sources/Spices.o
                0x00007154                SpeedControl
 .text.Drive    0x00007274       0xd8 ./Sources/Spices.o
                0x00007274                Drive
 .text.adjustLights
                0x0000734c       0x64 ./Sources/Spices.o
                0x0000734c                adjustLights
 .text.feedbackLights
                0x000073b0       0x84 ./Sources/Spices.o
                0x000073b0                feedbackLights
 .text.vsprintf
                0x00007434       0x12 C:/Freescale/CW MCU v10.6/MCU/ARM_GCC_Support/ewl/lib/armv6-m\libc.a(vsprintf.o)
                0x00007434                vsprintf
 .text.sscanf   0x00007446       0x18 C:/Freescale/CW MCU v10.6/MCU/ARM_GCC_Support/ewl/lib/armv6-m\libc.a(sscanf.o)
                0x00007446                sscanf
 .text.sprintf  0x0000745e       0x1a C:/Freescale/CW MCU v10.6/MCU/ARM_GCC_Support/ewl/lib/armv6-m\libc.a(sprintf.o)
                0x0000745e                sprintf
 .text.__StringRead
                0x00007478       0x3c C:/Freescale/CW MCU v10.6/MCU/ARM_GCC_Support/ewl/lib/armv6-m\libc.a(vsscanf.o)
                0x00007478                __StringRead
 .text.vsscanf  0x000074b4       0x30 C:/Freescale/CW MCU v10.6/MCU/ARM_GCC_Support/ewl/lib/armv6-m\libc.a(vsscanf.o)
                0x000074b4                vsscanf
 .text.exit     0x000074e4       0x38 C:/Freescale/CW MCU v10.6/MCU/ARM_GCC_Support/ewl/lib/armv6-m\libc.a(exit.o)
                0x000074e4                exit
 .text.memset   0x0000751c        0xc C:/Freescale/CW MCU v10.6/MCU/ARM_GCC_Support/ewl/lib/armv6-m\libc.a(memset.o)
                0x0000751c                memset
 .text.__fill_mem
                0x00007528       0x7e C:/Freescale/CW MCU v10.6/MCU/ARM_GCC_Support/ewl/lib/armv6-m\libc.a(__filll_mem.o)
                0x00007528                __fill_mem
 .text.strcpy   0x000075a6       0x10 C:/Freescale/CW MCU v10.6/MCU/ARM_GCC_Support/ewl/lib/armv6-m\libc.a(strcpy.o)
                0x000075a6                strcpy
 .text.strcmp   0x000075b6       0x1c C:/Freescale/CW MCU v10.6/MCU/ARM_GCC_Support/ewl/lib/armv6-m\libc.a(strcmp.o)
                0x000075b6                strcmp
 .text.strlen   0x000075d2       0x10 C:/Freescale/CW MCU v10.6/MCU/ARM_GCC_Support/ewl/lib/armv6-m\libc.a(strlen.o)
                0x000075d2                strlen
 *fill*         0x000075e2        0x2 00
 .text.long2str.isra.0
                0x000075e4      0x19c C:/Freescale/CW MCU v10.6/MCU/ARM_GCC_Support/ewl/lib/armv6-m\libc.a(printformat_.o)
 .text.__pformatter_
                0x00007780      0x428 C:/Freescale/CW MCU v10.6/MCU/ARM_GCC_Support/ewl/lib/armv6-m\libc.a(printformat_.o)
                0x00007780                __pformatter_
 .text.__sformatter
                0x00007ba8      0x698 C:/Freescale/CW MCU v10.6/MCU/ARM_GCC_Support/ewl/lib/armv6-m\libc.a(scanformat_.o)
                0x00007ba8                __sformatter
 .text.isalpha  0x00008240       0x20 C:/Freescale/CW MCU v10.6/MCU/ARM_GCC_Support/ewl/lib/armv6-m\libc.a(ctype_aeabi.o)
                0x00008240                isalpha
 .text.isspace  0x00008260       0x20 C:/Freescale/CW MCU v10.6/MCU/ARM_GCC_Support/ewl/lib/armv6-m\libc.a(ctype_aeabi.o)
                0x00008260                isspace
 .text.toupper  0x00008280        0xe C:/Freescale/CW MCU v10.6/MCU/ARM_GCC_Support/ewl/lib/armv6-m\libc.a(ctype_aeabi.o)
                0x00008280                toupper
 .text.__StringWrite
                0x0000828e       0x26 C:/Freescale/CW MCU v10.6/MCU/ARM_GCC_Support/ewl/lib/armv6-m\libc.a(vsnprintf.o)
                0x0000828e                __StringWrite
 .text.vsnprintf
                0x000082b4       0x38 C:/Freescale/CW MCU v10.6/MCU/ARM_GCC_Support/ewl/lib/armv6-m\libc.a(vsnprintf.o)
                0x000082b4                vsnprintf
 .text.__strtoul
                0x000082ec      0x1ce C:/Freescale/CW MCU v10.6/MCU/ARM_GCC_Support/ewl/lib/armv6-m\libc.a(__strtoul.o)
                0x000082ec                __strtoul
 .text.strchr   0x000084ba       0x1e C:/Freescale/CW MCU v10.6/MCU/ARM_GCC_Support/ewl/lib/armv6-m\libc.a(strchr.o)
                0x000084ba                strchr
 .text.memcpy   0x000084d8       0x12 C:/Freescale/CW MCU v10.6/MCU/ARM_GCC_Support/ewl/lib/armv6-m\libc.a(memcpy.o)
                0x000084d8                memcpy
 .text.memchr   0x000084ea       0x1a C:/Freescale/CW MCU v10.6/MCU/ARM_GCC_Support/ewl/lib/armv6-m\libc.a(memchr.o)
                0x000084ea                memchr
 .text.log      0x00008504        0x8 C:/Freescale/CW MCU v10.6/MCU/ARM_GCC_Support/ewl/lib/armv6-m\libm.a(w_log.o)
                0x00008504                log
 .text.exp      0x0000850c        0x8 C:/Freescale/CW MCU v10.6/MCU/ARM_GCC_Support/ewl/lib/armv6-m\libm.a(w_exp.o)
                0x0000850c                exp
 *fill*         0x00008514        0x4 00
 .text.__ieee754_log
                0x00008518      0x450 C:/Freescale/CW MCU v10.6/MCU/ARM_GCC_Support/ewl/lib/armv6-m\libm.a(e_log.o)
                0x00008518                __ieee754_log
 .text.__ieee754_exp
                0x00008968      0x318 C:/Freescale/CW MCU v10.6/MCU/ARM_GCC_Support/ewl/lib/armv6-m\libm.a(e_exp.o)
                0x00008968                __ieee754_exp
 .text.__init_cpp
                0x00008c80       0x48 C:/Freescale/CW MCU v10.6/MCU/ARM_GCC_Support/ewl/lib/armv6-m\librt.a(gcc_ctor_dtor.o)
                0x00008c80                __init_cpp
 .text.__fini_cpp
                0x00008cc8       0x34 C:/Freescale/CW MCU v10.6/MCU/ARM_GCC_Support/ewl/lib/armv6-m\librt.a(gcc_ctor_dtor.o)
                0x00008cc8                __fini_cpp
 .text.__destroy_global_chain
                0x00008cfc       0x1c C:/Freescale/CW MCU v10.6/MCU/ARM_GCC_Support/ewl/lib/armv6-m\librt.a(__arm_eabi_init.o)
                0x00008cfc                __destroy_global_chain
 .text.__init_registers
                0x00008d18       0x1c C:/Freescale/CW MCU v10.6/MCU/ARM_GCC_Support/ewl/lib/armv6-m\librt.a(__arm_eabi_init.o)
                0x00008d18                __init_registers
 .text.__init_user
                0x00008d34        0x4 C:/Freescale/CW MCU v10.6/MCU/ARM_GCC_Support/ewl/lib/armv6-m\librt.a(__arm_eabi_init.o)
                0x00008d34                __init_user
 .text.__copy_rom_section
                0x00008d38       0x48 C:/Freescale/CW MCU v10.6/MCU/ARM_GCC_Support/ewl/lib/armv6-m\librt.a(ROMCopy.o)
                0x00008d38                __copy_rom_section
 .text.__copy_rom_sections_to_ram
                0x00008d80       0x34 C:/Freescale/CW MCU v10.6/MCU/ARM_GCC_Support/ewl/lib/armv6-m\librt.a(ROMCopy.o)
                0x00008d80                __copy_rom_sections_to_ram
 *(.rodata)
 .rodata        0x00008db4      0x364 ./Sources/TFC/TFC_Terminal.o
 .rodata        0x00009118       0x20 ./Sources/demo.o
 .rodata        0x00009138       0x40 c:/freescale/cw mcu v10.6/cross_tools/arm-none-eabi-gcc-4_7_3/bin/../lib/gcc/arm-none-eabi/4.7.3/armv6-m\libgcc.a(divsf3.o)
 .rodata        0x00009178       0x40 c:/freescale/cw mcu v10.6/cross_tools/arm-none-eabi-gcc-4_7_3/bin/../lib/gcc/arm-none-eabi/4.7.3/armv6-m\libgcc.a(mulsf3.o)
 .rodata        0x000091b8       0x40 c:/freescale/cw mcu v10.6/cross_tools/arm-none-eabi-gcc-4_7_3/bin/../lib/gcc/arm-none-eabi/4.7.3/armv6-m\libgcc.a(divdf3.o)
 .rodata        0x000091f8       0x40 c:/freescale/cw mcu v10.6/cross_tools/arm-none-eabi-gcc-4_7_3/bin/../lib/gcc/arm-none-eabi/4.7.3/armv6-m\libgcc.a(muldf3.o)
 *(.rodata*)
 .rodata.ADC0_IRQHandler
                0x00009238       0x1c ./Sources/TFC/TFC_ADC.o
 .rodata.str1.1
                0x00009254        0x1 C:/Freescale/CW MCU v10.6/MCU/ARM_GCC_Support/ewl/lib/armv6-m\libc.a(printformat_.o)
 .rodata.CSWTCH.20
                0x00009255        0x5 C:/Freescale/CW MCU v10.6/MCU/ARM_GCC_Support/ewl/lib/armv6-m\libc.a(printformat_.o)
 .rodata.CSWTCH.21
                0x0000925a        0x5 C:/Freescale/CW MCU v10.6/MCU/ARM_GCC_Support/ewl/lib/armv6-m\libc.a(printformat_.o)
 .rodata.__aeabi_ctype_table_C
                0x0000925f      0x101 C:/Freescale/CW MCU v10.6/MCU/ARM_GCC_Support/ewl/lib/armv6-m\libc.a(ctype_aeabi.o)
                0x0000925f                __aeabi_ctype_table_C
 .rodata.halF   0x00009360       0x10 C:/Freescale/CW MCU v10.6/MCU/ARM_GCC_Support/ewl/lib/armv6-m\libm.a(e_exp.o)
 .rodata.ln2LO  0x00009370       0x10 C:/Freescale/CW MCU v10.6/MCU/ARM_GCC_Support/ewl/lib/armv6-m\libm.a(e_exp.o)
 .rodata.ln2HI  0x00009380       0x10 C:/Freescale/CW MCU v10.6/MCU/ARM_GCC_Support/ewl/lib/armv6-m\libm.a(e_exp.o)
 *(.glue_7)
 .glue_7        0x00000000        0x0 linker stubs
 *(.glue_7t)
 .glue_7t       0x00000000        0x0 linker stubs
 *(.eh_frame)
 *(.init)
 *(.fini)
                0x00009390                . = ALIGN (0x4)
                0x00009390                _etext = .

.vfp11_veneer   0x00009390        0x0
 .vfp11_veneer  0x00000000        0x0 linker stubs

.v4_bx          0x00009390        0x0
 .v4_bx         0x00000000        0x0 linker stubs

.iplt           0x00009390        0x0
 .iplt          0x00000000        0x0 ./Project_Settings/Startup_Code/kinetis_sysinit.o

.rel.dyn        0x00009390        0x0
 .rel.iplt      0x00000000        0x0 ./Project_Settings/Startup_Code/kinetis_sysinit.o

.ARM.extab
 *(.ARM.extab* .gnu.linkonce.armextab.*)

.ARM            0x00009390        0x0
                0x00009390                __exidx_start = .
 *(.ARM.exidx*)
                0x00009390                __exidx_end = .

.ctors          0x00009390        0x0
                0x00009390                __CTOR_LIST__ = .
 *crtbegin.o(.ctors)
 *(EXCLUDE_FILE(*crtend.o) .ctors)
 *(SORT(.ctors.*))
 *(.ctors)
                0x00009390                __CTOR_END__ = .

.dtors          0x00009390        0x0
                0x00009390                __DTOR_LIST__ = .
 *crtbegin.o(.dtors)
 *(EXCLUDE_FILE(*crtend.o) .dtors)
 *(SORT(.dtors.*))
 *(.dtors)
                0x00009390                __DTOR_END__ = .

.preinit_array  0x00009390        0x0
                0x00009390                PROVIDE (__preinit_array_start, .)
 *(.preinit_array*)
                0x00009390                PROVIDE (__preinit_array_end, .)

.init_array     0x00009390        0x0
                0x00009390                PROVIDE (__init_array_start, .)
 *(SORT(.init_array.*))
 *(.init_array*)
                0x00009390                PROVIDE (__init_array_end, .)

.fini_array     0x00009390        0x0
                0x00009390                PROVIDE (__fini_array_start, .)
 *(SORT(.fini_array.*))
 *(.fini_array*)
                0x00009390                PROVIDE (__fini_array_end, .)
                0x00009390                ___ROM_AT = .

.mtb            0x1ffff000        0x0
                0x1ffff000                . = ALIGN (0x8)
                0x1ffff000                _mtb_start = .
 *(.mtb_buf)
                0x1ffff000                . = ALIGN (0x8)
                0x1ffff000                _mtb_end = .

.data           0x1ffff000       0x5c load address 0x00009390
                0x1ffff000                . = ALIGN (0x4)
                0x1ffff000                _sdata = .
 *(.data)
 *(.data*)
 .data.MyTerminalCallbackRecords
                0x1ffff000       0x48 ./Sources/TFC/TFC_Terminal.o
                0x1ffff000                MyTerminalCallbackRecords
 .data.MinLightIntensity
                0x1ffff048        0x2 ./Sources/Spices.o
                0x1ffff048                MinLightIntensity
 *fill*         0x1ffff04a        0x2 00
 .data.minDerVal
                0x1ffff04c        0x4 ./Sources/Spices.o
                0x1ffff04c                minDerVal
 .data.PosDerivThreshold
                0x1ffff050        0x4 ./Sources/Spices.o
                0x1ffff050                PosDerivThreshold
 .data.NegDerivThreshold
                0x1ffff054        0x4 ./Sources/Spices.o
                0x1ffff054                NegDerivThreshold
 .data.killSwitch
                0x1ffff058        0x4 ./Sources/Spices.o
                0x1ffff058                killSwitch
                0x1ffff05c                . = ALIGN (0x4)
                0x1ffff05c                _edata = .
                0x0000005c                ___data_size = (_edata - _sdata)

.igot.plt       0x1ffff05c        0x0 load address 0x000093ec
 .igot.plt      0x00000000        0x0 ./Project_Settings/Startup_Code/kinetis_sysinit.o
                0x1ffff05c                . = ALIGN (0x4)

.bss            0x1ffff05c     0x1878 load address 0x000093ec
                0x1ffff05c                __START_BSS = .
                0x1ffff05c                PROVIDE (__bss_start__, __START_BSS)
 *(.bss)
 *(.bss*)
 .bss.argv      0x1ffff05c        0x4 ./Project_Settings/Startup_Code/__arm_start.o
 .bss.StringBuffer
                0x1ffff060      0x100 ./Sources/TFC/TFC_Queue.o
 .bss.LineScanImageReady
                0x1ffff160        0x1 ./Sources/TFC/TFC_LineScanCamera.o
                0x1ffff160                LineScanImageReady
 *fill*         0x1ffff161        0x3 00
 .bss.DelayTimerTick
                0x1ffff164        0x4 ./Sources/TFC/TFC_ARM_SysTick.o
 .bss.CurrentADC_State
                0x1ffff168        0x1 ./Sources/TFC/TFC_ADC.o
 .bss.CurrentLineScanPixel
                0x1ffff169        0x1 ./Sources/TFC/TFC_ADC.o
                0x1ffff169                CurrentLineScanPixel
 .bss.CurrentLineScanChannel
                0x1ffff16a        0x1 ./Sources/TFC/TFC_ADC.o
                0x1ffff16a                CurrentLineScanChannel
 *fill*         0x1ffff16b        0x1 00
 .bss.i         0x1ffff16c        0x4 ./Sources/demo.o
                0x1ffff16c                i
 .bss.numNegEdges
                0x1ffff170        0x2 ./Sources/Spices.o
                0x1ffff170                numNegEdges
 .bss.numPosEdges
                0x1ffff172        0x2 ./Sources/Spices.o
                0x1ffff172                numPosEdges
 .bss.MaxLightIntensity
                0x1ffff174        0x2 ./Sources/Spices.o
                0x1ffff174                MaxLightIntensity
 *fill*         0x1ffff176        0x2 00
 .bss.maxDerVal
                0x1ffff178        0x4 ./Sources/Spices.o
                0x1ffff178                maxDerVal
 .bss.aveDerVal
                0x1ffff17c        0x4 ./Sources/Spices.o
                0x1ffff17c                aveDerVal
 .bss.CurrentLinePosError
                0x1ffff180        0x4 ./Sources/Spices.o
                0x1ffff180                CurrentLinePosError
 .bss.LastLinePosError
                0x1ffff184        0x4 ./Sources/Spices.o
                0x1ffff184                LastLinePosError
 .bss.SumLinePosError
                0x1ffff188        0x4 ./Sources/Spices.o
                0x1ffff188                SumLinePosError
 .bss.DerivError
                0x1ffff18c        0x4 ./Sources/Spices.o
                0x1ffff18c                DerivError
 .bss.CurrentSteerSetting
                0x1ffff190        0x4 ./Sources/Spices.o
                0x1ffff190                CurrentSteerSetting
 .bss.CurrentLeftDriveSetting
                0x1ffff194        0x4 ./Sources/Spices.o
                0x1ffff194                CurrentLeftDriveSetting
 .bss.CurrentRightDriveSetting
                0x1ffff198        0x4 ./Sources/Spices.o
                0x1ffff198                CurrentRightDriveSetting
 .bss.StartGateFoundCount
                0x1ffff19c        0x4 ./Sources/Spices.o
                0x1ffff19c                StartGateFoundCount
 .bss.UnknownCount
                0x1ffff1a0        0x4 ./Sources/Spices.o
                0x1ffff1a0                UnknownCount
 .bss.go        0x1ffff1a4        0x4 ./Sources/Spices.o
                0x1ffff1a4                go
 .bss.debugFakeMode
                0x1ffff1a8        0x4 ./Sources/Spices.o
                0x1ffff1a8                debugFakeMode
 .bss.startGateStop
                0x1ffff1ac        0x4 ./Sources/Spices.o
                0x1ffff1ac                startGateStop
 .bss.doRisky   0x1ffff1b0        0x4 ./Sources/Spices.o
                0x1ffff1b0                doRisky
 .bss.run_once  0x1ffff1b4        0x4 ./Sources/Spices.o
                0x1ffff1b4                run_once
 .bss.__stdio_exit
                0x1ffff1b8        0x4 C:/Freescale/CW MCU v10.6/MCU/ARM_GCC_Support/ewl/lib/armv6-m\libc.a(exit.o)
                0x1ffff1b8                __stdio_exit
 .bss.__console_exit
                0x1ffff1bc        0x4 C:/Freescale/CW MCU v10.6/MCU/ARM_GCC_Support/ewl/lib/armv6-m\libc.a(exit.o)
                0x1ffff1bc                __console_exit
 .bss.__global_destructor_chain
                0x1ffff1c0        0x4 C:/Freescale/CW MCU v10.6/MCU/ARM_GCC_Support/ewl/lib/armv6-m\librt.a(__arm_eabi_init.o)
                0x1ffff1c0                __global_destructor_chain
 .bss.__S_romp  0x1ffff1c4        0xc C:/Freescale/CW MCU v10.6/MCU/ARM_GCC_Support/ewl/lib/armv6-m\librt.a(ROMCopy.o)
 *(COMMON)
 COMMON         0x1ffff1d0      0x898 ./Sources/TFC/TFC_UART.o
                0x1ffff1d0                SDA_SERIAL_INCOMING_QUEUE
                0x1ffff1dc                SDA_SERIAL_OUTGOING_QUEUE
                0x1ffff1e8                SDA_SERIAL_INCOMING_QUEUE_Storage
                0x1ffff268                SDA_SERIAL_OUTGOING_QUEUE_Storage
 COMMON         0x1ffffa68       0x86 ./Sources/TFC/TFC_Terminal.o
                0x1ffffa68                CmdFound
                0x1ffffa69                NextCharIn
                0x1ffffa6c                TerminalLineBuf
                0x1ffffaac                TerminalArgs
                0x1ffffacc                TerminalCmdBuf
                0x1ffffaed                TerminalPos
 COMMON         0x1ffffaee        0x1 ./Sources/TFC/TFC_Servo.o
                0x1ffffaee                ServoTickVar
 *fill*         0x1ffffaef        0x1 00
 COMMON         0x1ffffaf0      0x414 ./Sources/TFC/TFC_LineScanCamera.o
                0x1ffffaf0                LineScanWorkingBuffer
                0x1ffffaf4                LineScanImage1
                0x1ffffaf8                LineScanImage0Buffer
                0x1ffffcf8                LineScanImage0WorkingBuffer
                0x1ffffcfc                LineScanImage1Buffer
                0x1ffffefc                LineScanImage0
                0x1fffff00                LineScanImage1WorkingBuffer
 COMMON         0x1fffff04       0x14 ./Sources/TFC/TFC_ARM_SysTick.o
                0x1fffff04                TFC_Ticker
 COMMON         0x1fffff18        0xa ./Sources/TFC/TFC_ADC.o
                0x1fffff18                HBridge_Value
                0x1fffff1c                PotADC_Value
                0x1fffff20                BatSenseADC_Value
 *fill*         0x1fffff22        0x2 00
 COMMON         0x1fffff24      0x294 ./Sources/demo.o
                0x1fffff24                packet
                0x20000118                vAver
                0x20000120                iq
                0x20000124                buff
                0x20000188                interrupt_source
                0x2000018c                accel
                0x20000194                z
                0x20000198                aq
                0x2000019c                pixel
                0x200001a0                exposureTime
                0x200001a4                gain
                0x200001a8                packet_index
                0x200001ac                iAver
                0x200001b4                e
 COMMON         0x200001b8      0x718 ./Sources/Spices.o
                0x200001b8                startRaceTicker
                0x200001ba                LastTrackStatus
                0x200001bc                CurrentLinePosition
                0x200001c0                GrabLineScanImage0
                0x200002c0                CurrentTrackStatus
                0x200002c4                NegEdges
                0x200004c4                AbsError
                0x200004c8                PosEdges
                0x200006c8                MaxSpeed
                0x200006cc                LastLinePosition
                0x200006d0                DerivLineScanImage0
 COMMON         0x200008d0        0x4 C:/Freescale/CW MCU v10.6/MCU/ARM_GCC_Support/ewl/lib/armv6-m\libc.a(errno.o)
                0x200008d0                errno
                0x200008d4                . = ALIGN (0x4)
                0x200008d4                __END_BSS = .
                0x200008d4                PROVIDE (__bss_end__, __END_BSS)
                0x000093ec                _romp_at = (___ROM_AT + SIZEOF (.data))

.romp           0x200008d4       0x18 load address 0x000093ec
                0x000093ec                __S_romp = _romp_at
                0x200008d4        0x4 LONG 0x9390 ___ROM_AT
                0x200008d8        0x4 LONG 0x1ffff000 _sdata
                0x200008dc        0x4 LONG 0x5c ___data_size
                0x200008e0        0x4 LONG 0x0
                0x200008e4        0x4 LONG 0x0
                0x200008e8        0x4 LONG 0x0

._user_heap_stack
                0x200008ec      0x800 load address 0x00009404
                0x200008ec                . = ALIGN (0x4)
                0x200008ec                PROVIDE (end, .)
                0x200008ec                PROVIDE (_end, .)
                0x200008ec                __heap_addr = .
                0x20000cec                . = (. + __heap_size)
 *fill*         0x200008ec      0x400 00
                0x200010ec                . = (. + __stack_size)
 *fill*         0x20000cec      0x400 00
                0x200010ec                . = ALIGN (0x4)

.ARM.attributes
                0x00000000       0x31
 *(.ARM.attributes)
 .ARM.attributes
                0x00000000       0x31 ./Project_Settings/Startup_Code/kinetis_sysinit.o
 .ARM.attributes
                0x00000031       0x31 ./Project_Settings/Startup_Code/__arm_start.o
 .ARM.attributes
                0x00000062       0x31 ./Project_Settings/Startup_Code/__arm_end.o
 .ARM.attributes
                0x00000093       0x31 ./Sources/TFC/TFC_arm_cm0.o
 .ARM.attributes
                0x000000c4       0x31 ./Sources/TFC/TFC_UART.o
 .ARM.attributes
                0x000000f5       0x31 ./Sources/TFC/TFC_Terminal.o
 .ARM.attributes
                0x00000126       0x31 ./Sources/TFC/TFC_Servo.o
 .ARM.attributes
                0x00000157       0x31 ./Sources/TFC/TFC_Queue.o
 .ARM.attributes
                0x00000188       0x31 ./Sources/TFC/TFC_Motor.o
 .ARM.attributes
                0x000001b9       0x31 ./Sources/TFC/TFC_LineScanCamera.o
 .ARM.attributes
                0x000001ea       0x31 ./Sources/TFC/TFC_CrystalClock.o
 .ARM.attributes
                0x0000021b       0x31 ./Sources/TFC/TFC_BoardSupport.o
 .ARM.attributes
                0x0000024c       0x31 ./Sources/TFC/TFC_ARM_SysTick.o
 .ARM.attributes
                0x0000027d       0x31 ./Sources/TFC/TFC_ADC.o
 .ARM.attributes
                0x000002ae       0x31 ./Sources/TFC/TFC.o
 .ARM.attributes
                0x000002df       0x31 ./Sources/main.o
 .ARM.attributes
                0x00000310       0x31 ./Sources/i2c.o
 .ARM.attributes
                0x00000341       0x31 ./Sources/demo.o
 .ARM.attributes
                0x00000372       0x31 ./Sources/Spices.o
 .ARM.attributes
                0x000003a3       0x31 C:/Freescale/CW MCU v10.6/MCU/ARM_GCC_Support/ewl/lib/armv6-m\libc.a(vsprintf.o)
 .ARM.attributes
                0x000003d4       0x31 C:/Freescale/CW MCU v10.6/MCU/ARM_GCC_Support/ewl/lib/armv6-m\libc.a(sscanf.o)
 .ARM.attributes
                0x00000405       0x31 C:/Freescale/CW MCU v10.6/MCU/ARM_GCC_Support/ewl/lib/armv6-m\libc.a(sprintf.o)
 .ARM.attributes
                0x00000436       0x31 C:/Freescale/CW MCU v10.6/MCU/ARM_GCC_Support/ewl/lib/armv6-m\libc.a(vsscanf.o)
 .ARM.attributes
                0x00000467       0x31 C:/Freescale/CW MCU v10.6/MCU/ARM_GCC_Support/ewl/lib/armv6-m\libc.a(exit.o)
 .ARM.attributes
                0x00000498       0x31 C:/Freescale/CW MCU v10.6/MCU/ARM_GCC_Support/ewl/lib/armv6-m\libc.a(memset.o)
 .ARM.attributes
                0x000004c9       0x31 C:/Freescale/CW MCU v10.6/MCU/ARM_GCC_Support/ewl/lib/armv6-m\libc.a(__filll_mem.o)
 .ARM.attributes
                0x000004fa       0x31 C:/Freescale/CW MCU v10.6/MCU/ARM_GCC_Support/ewl/lib/armv6-m\libc.a(strcpy.o)
 .ARM.attributes
                0x0000052b       0x31 C:/Freescale/CW MCU v10.6/MCU/ARM_GCC_Support/ewl/lib/armv6-m\libc.a(strcmp.o)
 .ARM.attributes
                0x0000055c       0x31 C:/Freescale/CW MCU v10.6/MCU/ARM_GCC_Support/ewl/lib/armv6-m\libc.a(strlen.o)
 .ARM.attributes
                0x0000058d       0x31 C:/Freescale/CW MCU v10.6/MCU/ARM_GCC_Support/ewl/lib/armv6-m\libc.a(printformat_.o)
 .ARM.attributes
                0x000005be       0x31 C:/Freescale/CW MCU v10.6/MCU/ARM_GCC_Support/ewl/lib/armv6-m\libc.a(scanformat_.o)
 .ARM.attributes
                0x000005ef       0x31 C:/Freescale/CW MCU v10.6/MCU/ARM_GCC_Support/ewl/lib/armv6-m\libc.a(ctype_aeabi.o)
 .ARM.attributes
                0x00000620       0x31 C:/Freescale/CW MCU v10.6/MCU/ARM_GCC_Support/ewl/lib/armv6-m\libc.a(vsnprintf.o)
 .ARM.attributes
                0x00000651       0x31 C:/Freescale/CW MCU v10.6/MCU/ARM_GCC_Support/ewl/lib/armv6-m\libc.a(__strtoul.o)
 .ARM.attributes
                0x00000682       0x31 C:/Freescale/CW MCU v10.6/MCU/ARM_GCC_Support/ewl/lib/armv6-m\libc.a(strchr.o)
 .ARM.attributes
                0x000006b3       0x31 C:/Freescale/CW MCU v10.6/MCU/ARM_GCC_Support/ewl/lib/armv6-m\libc.a(memcpy.o)
 .ARM.attributes
                0x000006e4       0x31 C:/Freescale/CW MCU v10.6/MCU/ARM_GCC_Support/ewl/lib/armv6-m\libc.a(memchr.o)
 .ARM.attributes
                0x00000715       0x31 C:/Freescale/CW MCU v10.6/MCU/ARM_GCC_Support/ewl/lib/armv6-m\libm.a(w_log.o)
 .ARM.attributes
                0x00000746       0x31 C:/Freescale/CW MCU v10.6/MCU/ARM_GCC_Support/ewl/lib/armv6-m\libm.a(w_exp.o)
 .ARM.attributes
                0x00000777       0x31 C:/Freescale/CW MCU v10.6/MCU/ARM_GCC_Support/ewl/lib/armv6-m\libm.a(e_log.o)
 .ARM.attributes
                0x000007a8       0x31 C:/Freescale/CW MCU v10.6/MCU/ARM_GCC_Support/ewl/lib/armv6-m\libm.a(e_exp.o)
 .ARM.attributes
                0x000007d9       0x1e c:/freescale/cw mcu v10.6/cross_tools/arm-none-eabi-gcc-4_7_3/bin/../lib/gcc/arm-none-eabi/4.7.3/armv6-m\libgcc.a(_thumb1_case_sqi.o)
 .ARM.attributes
                0x000007f7       0x1e c:/freescale/cw mcu v10.6/cross_tools/arm-none-eabi-gcc-4_7_3/bin/../lib/gcc/arm-none-eabi/4.7.3/armv6-m\libgcc.a(_thumb1_case_uqi.o)
 .ARM.attributes
                0x00000815       0x1e c:/freescale/cw mcu v10.6/cross_tools/arm-none-eabi-gcc-4_7_3/bin/../lib/gcc/arm-none-eabi/4.7.3/armv6-m\libgcc.a(_udivsi3.o)
 .ARM.attributes
                0x00000833       0x1e c:/freescale/cw mcu v10.6/cross_tools/arm-none-eabi-gcc-4_7_3/bin/../lib/gcc/arm-none-eabi/4.7.3/armv6-m\libgcc.a(_divsi3.o)
 .ARM.attributes
                0x00000851       0x1e c:/freescale/cw mcu v10.6/cross_tools/arm-none-eabi-gcc-4_7_3/bin/../lib/gcc/arm-none-eabi/4.7.3/armv6-m\libgcc.a(_dvmd_tls.o)
 .ARM.attributes
                0x0000086f       0x1e c:/freescale/cw mcu v10.6/cross_tools/arm-none-eabi-gcc-4_7_3/bin/../lib/gcc/arm-none-eabi/4.7.3/armv6-m\libgcc.a(_arm_cmpdf2.o)
 .ARM.attributes
                0x0000088d       0x1e c:/freescale/cw mcu v10.6/cross_tools/arm-none-eabi-gcc-4_7_3/bin/../lib/gcc/arm-none-eabi/4.7.3/armv6-m\libgcc.a(_arm_cmpsf2.o)
 .ARM.attributes
                0x000008ab       0x2c c:/freescale/cw mcu v10.6/cross_tools/arm-none-eabi-gcc-4_7_3/bin/../lib/gcc/arm-none-eabi/4.7.3/armv6-m\libgcc.a(_fixunssfsi.o)
 .ARM.attributes
                0x000008d7       0x2c c:/freescale/cw mcu v10.6/cross_tools/arm-none-eabi-gcc-4_7_3/bin/../lib/gcc/arm-none-eabi/4.7.3/armv6-m\libgcc.a(addsf3.o)
 .ARM.attributes
                0x00000903       0x2c c:/freescale/cw mcu v10.6/cross_tools/arm-none-eabi-gcc-4_7_3/bin/../lib/gcc/arm-none-eabi/4.7.3/armv6-m\libgcc.a(divsf3.o)
 .ARM.attributes
                0x0000092f       0x2c c:/freescale/cw mcu v10.6/cross_tools/arm-none-eabi-gcc-4_7_3/bin/../lib/gcc/arm-none-eabi/4.7.3/armv6-m\libgcc.a(eqsf2.o)
 .ARM.attributes
                0x0000095b       0x2c c:/freescale/cw mcu v10.6/cross_tools/arm-none-eabi-gcc-4_7_3/bin/../lib/gcc/arm-none-eabi/4.7.3/armv6-m\libgcc.a(gesf2.o)
 .ARM.attributes
                0x00000987       0x2c c:/freescale/cw mcu v10.6/cross_tools/arm-none-eabi-gcc-4_7_3/bin/../lib/gcc/arm-none-eabi/4.7.3/armv6-m\libgcc.a(lesf2.o)
 .ARM.attributes
                0x000009b3       0x2c c:/freescale/cw mcu v10.6/cross_tools/arm-none-eabi-gcc-4_7_3/bin/../lib/gcc/arm-none-eabi/4.7.3/armv6-m\libgcc.a(mulsf3.o)
 .ARM.attributes
                0x000009df       0x2c c:/freescale/cw mcu v10.6/cross_tools/arm-none-eabi-gcc-4_7_3/bin/../lib/gcc/arm-none-eabi/4.7.3/armv6-m\libgcc.a(subsf3.o)
 .ARM.attributes
                0x00000a0b       0x2c c:/freescale/cw mcu v10.6/cross_tools/arm-none-eabi-gcc-4_7_3/bin/../lib/gcc/arm-none-eabi/4.7.3/armv6-m\libgcc.a(fixsfsi.o)
 .ARM.attributes
                0x00000a37       0x2c c:/freescale/cw mcu v10.6/cross_tools/arm-none-eabi-gcc-4_7_3/bin/../lib/gcc/arm-none-eabi/4.7.3/armv6-m\libgcc.a(floatsisf.o)
 .ARM.attributes
                0x00000a63       0x2c c:/freescale/cw mcu v10.6/cross_tools/arm-none-eabi-gcc-4_7_3/bin/../lib/gcc/arm-none-eabi/4.7.3/armv6-m\libgcc.a(floatunsisf.o)
 .ARM.attributes
                0x00000a8f       0x2c c:/freescale/cw mcu v10.6/cross_tools/arm-none-eabi-gcc-4_7_3/bin/../lib/gcc/arm-none-eabi/4.7.3/armv6-m\libgcc.a(adddf3.o)
 .ARM.attributes
                0x00000abb       0x2c c:/freescale/cw mcu v10.6/cross_tools/arm-none-eabi-gcc-4_7_3/bin/../lib/gcc/arm-none-eabi/4.7.3/armv6-m\libgcc.a(divdf3.o)
 .ARM.attributes
                0x00000ae7       0x2c c:/freescale/cw mcu v10.6/cross_tools/arm-none-eabi-gcc-4_7_3/bin/../lib/gcc/arm-none-eabi/4.7.3/armv6-m\libgcc.a(eqdf2.o)
 .ARM.attributes
                0x00000b13       0x2c c:/freescale/cw mcu v10.6/cross_tools/arm-none-eabi-gcc-4_7_3/bin/../lib/gcc/arm-none-eabi/4.7.3/armv6-m\libgcc.a(gedf2.o)
 .ARM.attributes
                0x00000b3f       0x2c c:/freescale/cw mcu v10.6/cross_tools/arm-none-eabi-gcc-4_7_3/bin/../lib/gcc/arm-none-eabi/4.7.3/armv6-m\libgcc.a(ledf2.o)
 .ARM.attributes
                0x00000b6b       0x2c c:/freescale/cw mcu v10.6/cross_tools/arm-none-eabi-gcc-4_7_3/bin/../lib/gcc/arm-none-eabi/4.7.3/armv6-m\libgcc.a(muldf3.o)
 .ARM.attributes
                0x00000b97       0x2c c:/freescale/cw mcu v10.6/cross_tools/arm-none-eabi-gcc-4_7_3/bin/../lib/gcc/arm-none-eabi/4.7.3/armv6-m\libgcc.a(subdf3.o)
 .ARM.attributes
                0x00000bc3       0x2c c:/freescale/cw mcu v10.6/cross_tools/arm-none-eabi-gcc-4_7_3/bin/../lib/gcc/arm-none-eabi/4.7.3/armv6-m\libgcc.a(fixdfsi.o)
 .ARM.attributes
                0x00000bef       0x2c c:/freescale/cw mcu v10.6/cross_tools/arm-none-eabi-gcc-4_7_3/bin/../lib/gcc/arm-none-eabi/4.7.3/armv6-m\libgcc.a(floatsidf.o)
 .ARM.attributes
                0x00000c1b       0x2c c:/freescale/cw mcu v10.6/cross_tools/arm-none-eabi-gcc-4_7_3/bin/../lib/gcc/arm-none-eabi/4.7.3/armv6-m\libgcc.a(floatunsidf.o)
 .ARM.attributes
                0x00000c47       0x2c c:/freescale/cw mcu v10.6/cross_tools/arm-none-eabi-gcc-4_7_3/bin/../lib/gcc/arm-none-eabi/4.7.3/armv6-m\libgcc.a(extendsfdf2.o)
 .ARM.attributes
                0x00000c73       0x2c c:/freescale/cw mcu v10.6/cross_tools/arm-none-eabi-gcc-4_7_3/bin/../lib/gcc/arm-none-eabi/4.7.3/armv6-m\libgcc.a(truncdfsf2.o)
 .ARM.attributes
                0x00000c9f       0x1e c:/freescale/cw mcu v10.6/cross_tools/arm-none-eabi-gcc-4_7_3/bin/../lib/gcc/arm-none-eabi/4.7.3/armv6-m\libgcc.a(_clzsi2.o)
 .ARM.attributes
                0x00000cbd       0x31 C:/Freescale/CW MCU v10.6/MCU/ARM_GCC_Support/ewl/lib/armv6-m\librt.a(gcc_ctor_dtor.o)
 .ARM.attributes
                0x00000cee       0x31 C:/Freescale/CW MCU v10.6/MCU/ARM_GCC_Support/ewl/lib/armv6-m\librt.a(__arm_eabi_init.o)
 .ARM.attributes
                0x00000d1f       0x31 C:/Freescale/CW MCU v10.6/MCU/ARM_GCC_Support/ewl/lib/armv6-m\librt.a(ROMCopy.o)
 .ARM.attributes
                0x00000d50       0x31 C:/Freescale/CW MCU v10.6/MCU/ARM_GCC_Support/ewl/lib/armv6-m\libc.a(errno.o)
OUTPUT(FRDM-TRC.elf elf32-littlearm)

.debug_info     0x00000000     0x8c15
 .debug_info    0x00000000      0x447 ./Project_Settings/Startup_Code/kinetis_sysinit.o
 .debug_info    0x00000447      0x12a ./Project_Settings/Startup_Code/__arm_start.o
 .debug_info    0x00000571       0x54 ./Project_Settings/Startup_Code/__arm_end.o
 .debug_info    0x000005c5      0x3cb ./Sources/TFC/TFC_arm_cm0.o
 .debug_info    0x00000990      0x84b ./Sources/TFC/TFC_UART.o
 .debug_info    0x000011db      0x494 ./Sources/TFC/TFC_Terminal.o
 .debug_info    0x0000166f      0x614 ./Sources/TFC/TFC_Servo.o
 .debug_info    0x00001c83      0x302 ./Sources/TFC/TFC_Queue.o
 .debug_info    0x00001f85      0x495 ./Sources/TFC/TFC_Motor.o
 .debug_info    0x0000241a      0x5c7 ./Sources/TFC/TFC_LineScanCamera.o
 .debug_info    0x000029e1      0xda8 ./Sources/TFC/TFC_CrystalClock.o
 .debug_info    0x00003789      0x451 ./Sources/TFC/TFC_BoardSupport.o
 .debug_info    0x00003bda      0x19c ./Sources/TFC/TFC_ARM_SysTick.o
 .debug_info    0x00003d76      0xb81 ./Sources/TFC/TFC_ADC.o
 .debug_info    0x000048f7      0x128 ./Sources/TFC/TFC.o
 .debug_info    0x00004a1f      0x331 ./Sources/main.o
 .debug_info    0x00004d50      0x5b4 ./Sources/i2c.o
 .debug_info    0x00005304      0x349 ./Sources/demo.o
 .debug_info    0x0000564d      0x7af ./Sources/Spices.o
 .debug_info    0x00005dfc      0x12a C:/Freescale/CW MCU v10.6/MCU/ARM_GCC_Support/ewl/lib/armv6-m\libc.a(vsprintf.o)
 .debug_info    0x00005f26      0x118 C:/Freescale/CW MCU v10.6/MCU/ARM_GCC_Support/ewl/lib/armv6-m\libc.a(sscanf.o)
 .debug_info    0x0000603e      0x11e C:/Freescale/CW MCU v10.6/MCU/ARM_GCC_Support/ewl/lib/armv6-m\libc.a(sprintf.o)
 .debug_info    0x0000615c      0x253 C:/Freescale/CW MCU v10.6/MCU/ARM_GCC_Support/ewl/lib/armv6-m\libc.a(vsscanf.o)
 .debug_info    0x000063af       0xe8 C:/Freescale/CW MCU v10.6/MCU/ARM_GCC_Support/ewl/lib/armv6-m\libc.a(exit.o)
 .debug_info    0x00006497       0xec C:/Freescale/CW MCU v10.6/MCU/ARM_GCC_Support/ewl/lib/armv6-m\libc.a(memset.o)
 .debug_info    0x00006583      0x137 C:/Freescale/CW MCU v10.6/MCU/ARM_GCC_Support/ewl/lib/armv6-m\libc.a(__filll_mem.o)
 .debug_info    0x000066ba      0x109 C:/Freescale/CW MCU v10.6/MCU/ARM_GCC_Support/ewl/lib/armv6-m\libc.a(strcpy.o)
 .debug_info    0x000067c3      0x114 C:/Freescale/CW MCU v10.6/MCU/ARM_GCC_Support/ewl/lib/armv6-m\libc.a(strcmp.o)
 .debug_info    0x000068d7       0xea C:/Freescale/CW MCU v10.6/MCU/ARM_GCC_Support/ewl/lib/armv6-m\libc.a(strlen.o)
 .debug_info    0x000069c1      0x50d C:/Freescale/CW MCU v10.6/MCU/ARM_GCC_Support/ewl/lib/armv6-m\libc.a(printformat_.o)
 .debug_info    0x00006ece      0x568 C:/Freescale/CW MCU v10.6/MCU/ARM_GCC_Support/ewl/lib/armv6-m\libc.a(scanformat_.o)
 .debug_info    0x00007436      0x313 C:/Freescale/CW MCU v10.6/MCU/ARM_GCC_Support/ewl/lib/armv6-m\libc.a(ctype_aeabi.o)
 .debug_info    0x00007749      0x205 C:/Freescale/CW MCU v10.6/MCU/ARM_GCC_Support/ewl/lib/armv6-m\libc.a(vsnprintf.o)
 .debug_info    0x0000794e      0x1d6 C:/Freescale/CW MCU v10.6/MCU/ARM_GCC_Support/ewl/lib/armv6-m\libc.a(__strtoul.o)
 .debug_info    0x00007b24      0x10b C:/Freescale/CW MCU v10.6/MCU/ARM_GCC_Support/ewl/lib/armv6-m\libc.a(strchr.o)
 .debug_info    0x00007c2f      0x10f C:/Freescale/CW MCU v10.6/MCU/ARM_GCC_Support/ewl/lib/armv6-m\libc.a(memcpy.o)
 .debug_info    0x00007d3e      0x121 C:/Freescale/CW MCU v10.6/MCU/ARM_GCC_Support/ewl/lib/armv6-m\libc.a(memchr.o)
 .debug_info    0x00007e5f       0xb3 C:/Freescale/CW MCU v10.6/MCU/ARM_GCC_Support/ewl/lib/armv6-m\libm.a(w_log.o)
 .debug_info    0x00007f12       0xb3 C:/Freescale/CW MCU v10.6/MCU/ARM_GCC_Support/ewl/lib/armv6-m\libm.a(w_exp.o)
 .debug_info    0x00007fc5      0x304 C:/Freescale/CW MCU v10.6/MCU/ARM_GCC_Support/ewl/lib/armv6-m\libm.a(e_log.o)
 .debug_info    0x000082c9      0x325 C:/Freescale/CW MCU v10.6/MCU/ARM_GCC_Support/ewl/lib/armv6-m\libm.a(e_exp.o)
 .debug_info    0x000085ee      0x136 C:/Freescale/CW MCU v10.6/MCU/ARM_GCC_Support/ewl/lib/armv6-m\librt.a(gcc_ctor_dtor.o)
 .debug_info    0x00008724      0x2b9 C:/Freescale/CW MCU v10.6/MCU/ARM_GCC_Support/ewl/lib/armv6-m\librt.a(__arm_eabi_init.o)
 .debug_info    0x000089dd      0x19b C:/Freescale/CW MCU v10.6/MCU/ARM_GCC_Support/ewl/lib/armv6-m\librt.a(ROMCopy.o)
 .debug_info    0x00008b78       0x9d C:/Freescale/CW MCU v10.6/MCU/ARM_GCC_Support/ewl/lib/armv6-m\libc.a(errno.o)

.debug_abbrev   0x00000000     0x2899
 .debug_abbrev  0x00000000       0xe7 ./Project_Settings/Startup_Code/kinetis_sysinit.o
 .debug_abbrev  0x000000e7       0x92 ./Project_Settings/Startup_Code/__arm_start.o
 .debug_abbrev  0x00000179       0x4c ./Project_Settings/Startup_Code/__arm_end.o
 .debug_abbrev  0x000001c5      0x102 ./Sources/TFC/TFC_arm_cm0.o
 .debug_abbrev  0x000002c7      0x180 ./Sources/TFC/TFC_UART.o
 .debug_abbrev  0x00000447      0x143 ./Sources/TFC/TFC_Terminal.o
 .debug_abbrev  0x0000058a      0x116 ./Sources/TFC/TFC_Servo.o
 .debug_abbrev  0x000006a0      0x107 ./Sources/TFC/TFC_Queue.o
 .debug_abbrev  0x000007a7       0xef ./Sources/TFC/TFC_Motor.o
 .debug_abbrev  0x00000896      0x10f ./Sources/TFC/TFC_LineScanCamera.o
 .debug_abbrev  0x000009a5      0x1a0 ./Sources/TFC/TFC_CrystalClock.o
 .debug_abbrev  0x00000b45      0x11d ./Sources/TFC/TFC_BoardSupport.o
 .debug_abbrev  0x00000c62       0xfb ./Sources/TFC/TFC_ARM_SysTick.o
 .debug_abbrev  0x00000d5d      0x1b5 ./Sources/TFC/TFC_ADC.o
 .debug_abbrev  0x00000f12       0x83 ./Sources/TFC/TFC.o
 .debug_abbrev  0x00000f95       0xf5 ./Sources/main.o
 .debug_abbrev  0x0000108a      0x13d ./Sources/i2c.o
 .debug_abbrev  0x000011c7      0x102 ./Sources/demo.o
 .debug_abbrev  0x000012c9      0x14c ./Sources/Spices.o
 .debug_abbrev  0x00001415       0x9d C:/Freescale/CW MCU v10.6/MCU/ARM_GCC_Support/ewl/lib/armv6-m\libc.a(vsprintf.o)
 .debug_abbrev  0x000014b2       0xb1 C:/Freescale/CW MCU v10.6/MCU/ARM_GCC_Support/ewl/lib/armv6-m\libc.a(sscanf.o)
 .debug_abbrev  0x00001563       0xb1 C:/Freescale/CW MCU v10.6/MCU/ARM_GCC_Support/ewl/lib/armv6-m\libc.a(sprintf.o)
 .debug_abbrev  0x00001614      0x15f C:/Freescale/CW MCU v10.6/MCU/ARM_GCC_Support/ewl/lib/armv6-m\libc.a(vsscanf.o)
 .debug_abbrev  0x00001773       0x7a C:/Freescale/CW MCU v10.6/MCU/ARM_GCC_Support/ewl/lib/armv6-m\libc.a(exit.o)
 .debug_abbrev  0x000017ed       0x62 C:/Freescale/CW MCU v10.6/MCU/ARM_GCC_Support/ewl/lib/armv6-m\libc.a(memset.o)
 .debug_abbrev  0x0000184f       0x78 C:/Freescale/CW MCU v10.6/MCU/ARM_GCC_Support/ewl/lib/armv6-m\libc.a(__filll_mem.o)
 .debug_abbrev  0x000018c7       0x78 C:/Freescale/CW MCU v10.6/MCU/ARM_GCC_Support/ewl/lib/armv6-m\libc.a(strcpy.o)
 .debug_abbrev  0x0000193f       0x89 C:/Freescale/CW MCU v10.6/MCU/ARM_GCC_Support/ewl/lib/armv6-m\libc.a(strcmp.o)
 .debug_abbrev  0x000019c8       0x7a C:/Freescale/CW MCU v10.6/MCU/ARM_GCC_Support/ewl/lib/armv6-m\libc.a(strlen.o)
 .debug_abbrev  0x00001a42      0x200 C:/Freescale/CW MCU v10.6/MCU/ARM_GCC_Support/ewl/lib/armv6-m\libc.a(printformat_.o)
 .debug_abbrev  0x00001c42      0x1f0 C:/Freescale/CW MCU v10.6/MCU/ARM_GCC_Support/ewl/lib/armv6-m\libc.a(scanformat_.o)
 .debug_abbrev  0x00001e32       0x9e C:/Freescale/CW MCU v10.6/MCU/ARM_GCC_Support/ewl/lib/armv6-m\libc.a(ctype_aeabi.o)
 .debug_abbrev  0x00001ed0       0xf0 C:/Freescale/CW MCU v10.6/MCU/ARM_GCC_Support/ewl/lib/armv6-m\libc.a(vsnprintf.o)
 .debug_abbrev  0x00001fc0       0xc2 C:/Freescale/CW MCU v10.6/MCU/ARM_GCC_Support/ewl/lib/armv6-m\libc.a(__strtoul.o)
 .debug_abbrev  0x00002082       0x7a C:/Freescale/CW MCU v10.6/MCU/ARM_GCC_Support/ewl/lib/armv6-m\libc.a(strchr.o)
 .debug_abbrev  0x000020fc       0x95 C:/Freescale/CW MCU v10.6/MCU/ARM_GCC_Support/ewl/lib/armv6-m\libc.a(memcpy.o)
 .debug_abbrev  0x00002191       0x95 C:/Freescale/CW MCU v10.6/MCU/ARM_GCC_Support/ewl/lib/armv6-m\libc.a(memchr.o)
 .debug_abbrev  0x00002226       0x59 C:/Freescale/CW MCU v10.6/MCU/ARM_GCC_Support/ewl/lib/armv6-m\libm.a(w_log.o)
 .debug_abbrev  0x0000227f       0x59 C:/Freescale/CW MCU v10.6/MCU/ARM_GCC_Support/ewl/lib/armv6-m\libm.a(w_exp.o)
 .debug_abbrev  0x000022d8       0xfb C:/Freescale/CW MCU v10.6/MCU/ARM_GCC_Support/ewl/lib/armv6-m\libm.a(e_log.o)
 .debug_abbrev  0x000023d3      0x116 C:/Freescale/CW MCU v10.6/MCU/ARM_GCC_Support/ewl/lib/armv6-m\libm.a(e_exp.o)
 .debug_abbrev  0x000024e9       0x99 C:/Freescale/CW MCU v10.6/MCU/ARM_GCC_Support/ewl/lib/armv6-m\librt.a(gcc_ctor_dtor.o)
 .debug_abbrev  0x00002582      0x1b3 C:/Freescale/CW MCU v10.6/MCU/ARM_GCC_Support/ewl/lib/armv6-m\librt.a(__arm_eabi_init.o)
 .debug_abbrev  0x00002735      0x120 C:/Freescale/CW MCU v10.6/MCU/ARM_GCC_Support/ewl/lib/armv6-m\librt.a(ROMCopy.o)
 .debug_abbrev  0x00002855       0x44 C:/Freescale/CW MCU v10.6/MCU/ARM_GCC_Support/ewl/lib/armv6-m\libc.a(errno.o)

.debug_loc      0x00000000     0x4807
 .debug_loc     0x00000000       0x58 ./Project_Settings/Startup_Code/kinetis_sysinit.o
 .debug_loc     0x00000058       0x2c ./Project_Settings/Startup_Code/__arm_start.o
 .debug_loc     0x00000084       0x38 ./Project_Settings/Startup_Code/__arm_end.o
 .debug_loc     0x000000bc      0x138 ./Sources/TFC/TFC_arm_cm0.o
 .debug_loc     0x000001f4      0x170 ./Sources/TFC/TFC_UART.o
 .debug_loc     0x00000364      0x218 ./Sources/TFC/TFC_Terminal.o
 .debug_loc     0x0000057c       0xc8 ./Sources/TFC/TFC_Servo.o
 .debug_loc     0x00000644      0x194 ./Sources/TFC/TFC_Queue.o
 .debug_loc     0x000007d8       0x64 ./Sources/TFC/TFC_Motor.o
 .debug_loc     0x0000083c       0x64 ./Sources/TFC/TFC_LineScanCamera.o
 .debug_loc     0x000008a0      0x614 ./Sources/TFC/TFC_CrystalClock.o
 .debug_loc     0x00000eb4       0xd4 ./Sources/TFC/TFC_BoardSupport.o
 .debug_loc     0x00000f88       0xa8 ./Sources/TFC/TFC_ARM_SysTick.o
 .debug_loc     0x00001030      0x20c ./Sources/TFC/TFC_ADC.o
 .debug_loc     0x0000123c       0x58 ./Sources/TFC/TFC.o
 .debug_loc     0x00001294       0x90 ./Sources/main.o
 .debug_loc     0x00001324      0x1a8 ./Sources/i2c.o
 .debug_loc     0x000014cc       0x71 ./Sources/demo.o
 .debug_loc     0x0000153d      0x2b0 ./Sources/Spices.o
 .debug_loc     0x000017ed       0x64 C:/Freescale/CW MCU v10.6/MCU/ARM_GCC_Support/ewl/lib/armv6-m\libc.a(vsprintf.o)
 .debug_loc     0x00001851       0x3f C:/Freescale/CW MCU v10.6/MCU/ARM_GCC_Support/ewl/lib/armv6-m\libc.a(sscanf.o)
 .debug_loc     0x00001890       0x3f C:/Freescale/CW MCU v10.6/MCU/ARM_GCC_Support/ewl/lib/armv6-m\libc.a(sprintf.o)
 .debug_loc     0x000018cf      0x16c C:/Freescale/CW MCU v10.6/MCU/ARM_GCC_Support/ewl/lib/armv6-m\libc.a(vsscanf.o)
 .debug_loc     0x00001a3b       0x3e C:/Freescale/CW MCU v10.6/MCU/ARM_GCC_Support/ewl/lib/armv6-m\libc.a(exit.o)
 .debug_loc     0x00001a79       0x6f C:/Freescale/CW MCU v10.6/MCU/ARM_GCC_Support/ewl/lib/armv6-m\libc.a(memset.o)
 .debug_loc     0x00001ae8      0x14a C:/Freescale/CW MCU v10.6/MCU/ARM_GCC_Support/ewl/lib/armv6-m\libc.a(__filll_mem.o)
 .debug_loc     0x00001c32       0x20 C:/Freescale/CW MCU v10.6/MCU/ARM_GCC_Support/ewl/lib/armv6-m\libc.a(strcpy.o)
 .debug_loc     0x00001c52       0x64 C:/Freescale/CW MCU v10.6/MCU/ARM_GCC_Support/ewl/lib/armv6-m\libc.a(strcmp.o)
 .debug_loc     0x00001cb6       0x33 C:/Freescale/CW MCU v10.6/MCU/ARM_GCC_Support/ewl/lib/armv6-m\libc.a(strlen.o)
 .debug_loc     0x00001ce9     0x104b C:/Freescale/CW MCU v10.6/MCU/ARM_GCC_Support/ewl/lib/armv6-m\libc.a(printformat_.o)
 .debug_loc     0x00002d34      0x9d8 C:/Freescale/CW MCU v10.6/MCU/ARM_GCC_Support/ewl/lib/armv6-m\libc.a(scanformat_.o)
 .debug_loc     0x0000370c      0x30d C:/Freescale/CW MCU v10.6/MCU/ARM_GCC_Support/ewl/lib/armv6-m\libc.a(ctype_aeabi.o)
 .debug_loc     0x00003a19      0x105 C:/Freescale/CW MCU v10.6/MCU/ARM_GCC_Support/ewl/lib/armv6-m\libc.a(vsnprintf.o)
 .debug_loc     0x00003b1e      0x305 C:/Freescale/CW MCU v10.6/MCU/ARM_GCC_Support/ewl/lib/armv6-m\libc.a(__strtoul.o)
 .debug_loc     0x00003e23       0xaf C:/Freescale/CW MCU v10.6/MCU/ARM_GCC_Support/ewl/lib/armv6-m\libc.a(strchr.o)
 .debug_loc     0x00003ed2       0x59 C:/Freescale/CW MCU v10.6/MCU/ARM_GCC_Support/ewl/lib/armv6-m\libc.a(memcpy.o)
 .debug_loc     0x00003f2b       0x77 C:/Freescale/CW MCU v10.6/MCU/ARM_GCC_Support/ewl/lib/armv6-m\libc.a(memchr.o)
 .debug_loc     0x00003fa2       0x38 C:/Freescale/CW MCU v10.6/MCU/ARM_GCC_Support/ewl/lib/armv6-m\libm.a(w_log.o)
 .debug_loc     0x00003fda       0x38 C:/Freescale/CW MCU v10.6/MCU/ARM_GCC_Support/ewl/lib/armv6-m\libm.a(w_exp.o)
 .debug_loc     0x00004012      0x2be C:/Freescale/CW MCU v10.6/MCU/ARM_GCC_Support/ewl/lib/armv6-m\libm.a(e_log.o)
 .debug_loc     0x000042d0      0x22a C:/Freescale/CW MCU v10.6/MCU/ARM_GCC_Support/ewl/lib/armv6-m\libm.a(e_exp.o)
 .debug_loc     0x000044fa       0x9d C:/Freescale/CW MCU v10.6/MCU/ARM_GCC_Support/ewl/lib/armv6-m\librt.a(gcc_ctor_dtor.o)
 .debug_loc     0x00004597      0x197 C:/Freescale/CW MCU v10.6/MCU/ARM_GCC_Support/ewl/lib/armv6-m\librt.a(__arm_eabi_init.o)
 .debug_loc     0x0000472e       0xd9 C:/Freescale/CW MCU v10.6/MCU/ARM_GCC_Support/ewl/lib/armv6-m\librt.a(ROMCopy.o)

.debug_aranges  0x00000000      0x980
 .debug_aranges
                0x00000000       0x28 ./Project_Settings/Startup_Code/kinetis_sysinit.o
 .debug_aranges
                0x00000028       0x30 ./Project_Settings/Startup_Code/__arm_start.o
 .debug_aranges
                0x00000058       0x20 ./Project_Settings/Startup_Code/__arm_end.o
 .debug_aranges
                0x00000078       0x48 ./Sources/TFC/TFC_arm_cm0.o
 .debug_aranges
                0x000000c0       0x50 ./Sources/TFC/TFC_UART.o
 .debug_aranges
                0x00000110       0x68 ./Sources/TFC/TFC_Terminal.o
 .debug_aranges
                0x00000178       0x38 ./Sources/TFC/TFC_Servo.o
 .debug_aranges
                0x000001b0       0x50 ./Sources/TFC/TFC_Queue.o
 .debug_aranges
                0x00000200       0x28 ./Sources/TFC/TFC_Motor.o
 .debug_aranges
                0x00000228       0x28 ./Sources/TFC/TFC_LineScanCamera.o
 .debug_aranges
                0x00000250       0xf8 ./Sources/TFC/TFC_CrystalClock.o
 .debug_aranges
                0x00000348       0x38 ./Sources/TFC/TFC_BoardSupport.o
 .debug_aranges
                0x00000380       0x30 ./Sources/TFC/TFC_ARM_SysTick.o
 .debug_aranges
                0x000003b0       0x68 ./Sources/TFC/TFC_ADC.o
 .debug_aranges
                0x00000418       0x28 ./Sources/TFC/TFC.o
 .debug_aranges
                0x00000440       0x30 ./Sources/main.o
 .debug_aranges
                0x00000470       0x58 ./Sources/i2c.o
 .debug_aranges
                0x000004c8       0x28 ./Sources/demo.o
 .debug_aranges
                0x000004f0       0x88 ./Sources/Spices.o
 .debug_aranges
                0x00000578       0x20 C:/Freescale/CW MCU v10.6/MCU/ARM_GCC_Support/ewl/lib/armv6-m\libc.a(vsprintf.o)
 .debug_aranges
                0x00000598       0x20 C:/Freescale/CW MCU v10.6/MCU/ARM_GCC_Support/ewl/lib/armv6-m\libc.a(sscanf.o)
 .debug_aranges
                0x000005b8       0x20 C:/Freescale/CW MCU v10.6/MCU/ARM_GCC_Support/ewl/lib/armv6-m\libc.a(sprintf.o)
 .debug_aranges
                0x000005d8       0x28 C:/Freescale/CW MCU v10.6/MCU/ARM_GCC_Support/ewl/lib/armv6-m\libc.a(vsscanf.o)
 .debug_aranges
                0x00000600       0x20 C:/Freescale/CW MCU v10.6/MCU/ARM_GCC_Support/ewl/lib/armv6-m\libc.a(exit.o)
 .debug_aranges
                0x00000620       0x20 C:/Freescale/CW MCU v10.6/MCU/ARM_GCC_Support/ewl/lib/armv6-m\libc.a(memset.o)
 .debug_aranges
                0x00000640       0x20 C:/Freescale/CW MCU v10.6/MCU/ARM_GCC_Support/ewl/lib/armv6-m\libc.a(__filll_mem.o)
 .debug_aranges
                0x00000660       0x20 C:/Freescale/CW MCU v10.6/MCU/ARM_GCC_Support/ewl/lib/armv6-m\libc.a(strcpy.o)
 .debug_aranges
                0x00000680       0x20 C:/Freescale/CW MCU v10.6/MCU/ARM_GCC_Support/ewl/lib/armv6-m\libc.a(strcmp.o)
 .debug_aranges
                0x000006a0       0x20 C:/Freescale/CW MCU v10.6/MCU/ARM_GCC_Support/ewl/lib/armv6-m\libc.a(strlen.o)
 .debug_aranges
                0x000006c0       0x28 C:/Freescale/CW MCU v10.6/MCU/ARM_GCC_Support/ewl/lib/armv6-m\libc.a(printformat_.o)
 .debug_aranges
                0x000006e8       0x20 C:/Freescale/CW MCU v10.6/MCU/ARM_GCC_Support/ewl/lib/armv6-m\libc.a(scanformat_.o)
 .debug_aranges
                0x00000708       0x88 C:/Freescale/CW MCU v10.6/MCU/ARM_GCC_Support/ewl/lib/armv6-m\libc.a(ctype_aeabi.o)
 .debug_aranges
                0x00000790       0x28 C:/Freescale/CW MCU v10.6/MCU/ARM_GCC_Support/ewl/lib/armv6-m\libc.a(vsnprintf.o)
 .debug_aranges
                0x000007b8       0x20 C:/Freescale/CW MCU v10.6/MCU/ARM_GCC_Support/ewl/lib/armv6-m\libc.a(__strtoul.o)
 .debug_aranges
                0x000007d8       0x20 C:/Freescale/CW MCU v10.6/MCU/ARM_GCC_Support/ewl/lib/armv6-m\libc.a(strchr.o)
 .debug_aranges
                0x000007f8       0x20 C:/Freescale/CW MCU v10.6/MCU/ARM_GCC_Support/ewl/lib/armv6-m\libc.a(memcpy.o)
 .debug_aranges
                0x00000818       0x20 C:/Freescale/CW MCU v10.6/MCU/ARM_GCC_Support/ewl/lib/armv6-m\libc.a(memchr.o)
 .debug_aranges
                0x00000838       0x20 C:/Freescale/CW MCU v10.6/MCU/ARM_GCC_Support/ewl/lib/armv6-m\libm.a(w_log.o)
 .debug_aranges
                0x00000858       0x20 C:/Freescale/CW MCU v10.6/MCU/ARM_GCC_Support/ewl/lib/armv6-m\libm.a(w_exp.o)
 .debug_aranges
                0x00000878       0x20 C:/Freescale/CW MCU v10.6/MCU/ARM_GCC_Support/ewl/lib/armv6-m\libm.a(e_log.o)
 .debug_aranges
                0x00000898       0x20 C:/Freescale/CW MCU v10.6/MCU/ARM_GCC_Support/ewl/lib/armv6-m\libm.a(e_exp.o)
 .debug_aranges
                0x000008b8       0x28 C:/Freescale/CW MCU v10.6/MCU/ARM_GCC_Support/ewl/lib/armv6-m\librt.a(gcc_ctor_dtor.o)
 .debug_aranges
                0x000008e0       0x58 C:/Freescale/CW MCU v10.6/MCU/ARM_GCC_Support/ewl/lib/armv6-m\librt.a(__arm_eabi_init.o)
 .debug_aranges
                0x00000938       0x30 C:/Freescale/CW MCU v10.6/MCU/ARM_GCC_Support/ewl/lib/armv6-m\librt.a(ROMCopy.o)
 .debug_aranges
                0x00000968       0x18 C:/Freescale/CW MCU v10.6/MCU/ARM_GCC_Support/ewl/lib/armv6-m\libc.a(errno.o)

.debug_macinfo  0x00000000   0x2a6ef7
 .debug_macinfo
                0x00000000    0x264f0 ./Project_Settings/Startup_Code/kinetis_sysinit.o
 .debug_macinfo
                0x000264f0     0x3e6d ./Project_Settings/Startup_Code/__arm_start.o
 .debug_macinfo
                0x0002a35d     0x3456 ./Project_Settings/Startup_Code/__arm_end.o
 .debug_macinfo
                0x0002d7b3    0x26567 ./Sources/TFC/TFC_arm_cm0.o
 .debug_macinfo
                0x00053d1a    0x275d8 ./Sources/TFC/TFC_UART.o
 .debug_macinfo
                0x0007b2f2    0x2766c ./Sources/TFC/TFC_Terminal.o
 .debug_macinfo
                0x000a295e    0x276a1 ./Sources/TFC/TFC_Servo.o
 .debug_macinfo
                0x000c9fff    0x275d8 ./Sources/TFC/TFC_Queue.o
 .debug_macinfo
                0x000f15d7    0x27685 ./Sources/TFC/TFC_Motor.o
 .debug_macinfo
                0x00118c5c    0x275d8 ./Sources/TFC/TFC_LineScanCamera.o
 .debug_macinfo
                0x00140234    0x276cf ./Sources/TFC/TFC_CrystalClock.o
 .debug_macinfo
                0x00167903    0x275d8 ./Sources/TFC/TFC_BoardSupport.o
 .debug_macinfo
                0x0018eedb    0x275d8 ./Sources/TFC/TFC_ARM_SysTick.o
 .debug_macinfo
                0x001b64b3    0x27f20 ./Sources/TFC/TFC_ADC.o
 .debug_macinfo
                0x001de3d3    0x275d8 ./Sources/TFC/TFC.o
 .debug_macinfo
                0x002059ab    0x29c4f ./Sources/main.o
 .debug_macinfo
                0x0022f5fa    0x26a0f ./Sources/i2c.o
 .debug_macinfo
                0x00256009    0x296ea ./Sources/demo.o
 .debug_macinfo
                0x0027f6f3    0x27804 ./Sources/Spices.o

.debug_line     0x00000000     0x6644
 .debug_line    0x00000000      0x1fe ./Project_Settings/Startup_Code/kinetis_sysinit.o
 .debug_line    0x000001fe      0x281 ./Project_Settings/Startup_Code/__arm_start.o
 .debug_line    0x0000047f      0x266 ./Project_Settings/Startup_Code/__arm_end.o
 .debug_line    0x000006e5      0x25e ./Sources/TFC/TFC_arm_cm0.o
 .debug_line    0x00000943      0x467 ./Sources/TFC/TFC_UART.o
 .debug_line    0x00000daa      0x4db ./Sources/TFC/TFC_Terminal.o
 .debug_line    0x00001285      0x3f5 ./Sources/TFC/TFC_Servo.o
 .debug_line    0x0000167a      0x441 ./Sources/TFC/TFC_Queue.o
 .debug_line    0x00001abb      0x3e8 ./Sources/TFC/TFC_Motor.o
 .debug_line    0x00001ea3      0x3d0 ./Sources/TFC/TFC_LineScanCamera.o
 .debug_line    0x00002273      0xb02 ./Sources/TFC/TFC_CrystalClock.o
 .debug_line    0x00002d75      0x405 ./Sources/TFC/TFC_BoardSupport.o
 .debug_line    0x0000317a      0x3e2 ./Sources/TFC/TFC_ARM_SysTick.o
 .debug_line    0x0000355c      0x4f7 ./Sources/TFC/TFC_ADC.o
 .debug_line    0x00003a53      0x3bb ./Sources/TFC/TFC.o
 .debug_line    0x00003e0e      0x494 ./Sources/main.o
 .debug_line    0x000042a2      0x2a0 ./Sources/i2c.o
 .debug_line    0x00004542      0x4c6 ./Sources/demo.o
 .debug_line    0x00004a08      0x5eb ./Sources/Spices.o
 .debug_line    0x00004ff3       0x94 C:/Freescale/CW MCU v10.6/MCU/ARM_GCC_Support/ewl/lib/armv6-m\libc.a(vsprintf.o)
 .debug_line    0x00005087       0x92 C:/Freescale/CW MCU v10.6/MCU/ARM_GCC_Support/ewl/lib/armv6-m\libc.a(sscanf.o)
 .debug_line    0x00005119       0x93 C:/Freescale/CW MCU v10.6/MCU/ARM_GCC_Support/ewl/lib/armv6-m\libc.a(sprintf.o)
 .debug_line    0x000051ac       0xc8 C:/Freescale/CW MCU v10.6/MCU/ARM_GCC_Support/ewl/lib/armv6-m\libc.a(vsscanf.o)
 .debug_line    0x00005274       0x8d C:/Freescale/CW MCU v10.6/MCU/ARM_GCC_Support/ewl/lib/armv6-m\libc.a(exit.o)
 .debug_line    0x00005301       0x90 C:/Freescale/CW MCU v10.6/MCU/ARM_GCC_Support/ewl/lib/armv6-m\libc.a(memset.o)
 .debug_line    0x00005391       0xf6 C:/Freescale/CW MCU v10.6/MCU/ARM_GCC_Support/ewl/lib/armv6-m\libc.a(__filll_mem.o)
 .debug_line    0x00005487       0x7d C:/Freescale/CW MCU v10.6/MCU/ARM_GCC_Support/ewl/lib/armv6-m\libc.a(strcpy.o)
 .debug_line    0x00005504       0x83 C:/Freescale/CW MCU v10.6/MCU/ARM_GCC_Support/ewl/lib/armv6-m\libc.a(strcmp.o)
 .debug_line    0x00005587       0x85 C:/Freescale/CW MCU v10.6/MCU/ARM_GCC_Support/ewl/lib/armv6-m\libc.a(strlen.o)
 .debug_line    0x0000560c      0x2c3 C:/Freescale/CW MCU v10.6/MCU/ARM_GCC_Support/ewl/lib/armv6-m\libc.a(printformat_.o)
 .debug_line    0x000058cf      0x2be C:/Freescale/CW MCU v10.6/MCU/ARM_GCC_Support/ewl/lib/armv6-m\libc.a(scanformat_.o)
 .debug_line    0x00005b8d      0x1be C:/Freescale/CW MCU v10.6/MCU/ARM_GCC_Support/ewl/lib/armv6-m\libc.a(ctype_aeabi.o)
 .debug_line    0x00005d4b       0xd4 C:/Freescale/CW MCU v10.6/MCU/ARM_GCC_Support/ewl/lib/armv6-m\libc.a(vsnprintf.o)
 .debug_line    0x00005e1f      0x11e C:/Freescale/CW MCU v10.6/MCU/ARM_GCC_Support/ewl/lib/armv6-m\libc.a(__strtoul.o)
 .debug_line    0x00005f3d       0x7d C:/Freescale/CW MCU v10.6/MCU/ARM_GCC_Support/ewl/lib/armv6-m\libc.a(strchr.o)
 .debug_line    0x00005fba       0x8b C:/Freescale/CW MCU v10.6/MCU/ARM_GCC_Support/ewl/lib/armv6-m\libc.a(memcpy.o)
 .debug_line    0x00006045       0x9f C:/Freescale/CW MCU v10.6/MCU/ARM_GCC_Support/ewl/lib/armv6-m\libc.a(memchr.o)
 .debug_line    0x000060e4       0x73 C:/Freescale/CW MCU v10.6/MCU/ARM_GCC_Support/ewl/lib/armv6-m\libm.a(w_log.o)
 .debug_line    0x00006157       0x73 C:/Freescale/CW MCU v10.6/MCU/ARM_GCC_Support/ewl/lib/armv6-m\libm.a(w_exp.o)
 .debug_line    0x000061ca      0x10d C:/Freescale/CW MCU v10.6/MCU/ARM_GCC_Support/ewl/lib/armv6-m\libm.a(e_log.o)
 .debug_line    0x000062d7       0xe0 C:/Freescale/CW MCU v10.6/MCU/ARM_GCC_Support/ewl/lib/armv6-m\libm.a(e_exp.o)
 .debug_line    0x000063b7       0x6c C:/Freescale/CW MCU v10.6/MCU/ARM_GCC_Support/ewl/lib/armv6-m\librt.a(gcc_ctor_dtor.o)
 .debug_line    0x00006423      0x117 C:/Freescale/CW MCU v10.6/MCU/ARM_GCC_Support/ewl/lib/armv6-m\librt.a(__arm_eabi_init.o)
 .debug_line    0x0000653a       0xbd C:/Freescale/CW MCU v10.6/MCU/ARM_GCC_Support/ewl/lib/armv6-m\librt.a(ROMCopy.o)
 .debug_line    0x000065f7       0x4d C:/Freescale/CW MCU v10.6/MCU/ARM_GCC_Support/ewl/lib/armv6-m\libc.a(errno.o)

.debug_str      0x00000000     0x22b7
 .debug_str     0x00000000      0x27f ./Project_Settings/Startup_Code/kinetis_sysinit.o
                                0x2a6 (size before relaxing)
 .debug_str     0x0000027f       0x85 ./Project_Settings/Startup_Code/__arm_start.o
                                0x180 (size before relaxing)
 .debug_str     0x00000304       0x41 ./Project_Settings/Startup_Code/__arm_end.o
                                 0xb7 (size before relaxing)
 .debug_str     0x00000345       0xa4 ./Sources/TFC/TFC_arm_cm0.o
                                0x220 (size before relaxing)
 .debug_str     0x000003e9      0x423 ./Sources/TFC/TFC_UART.o
                                0x636 (size before relaxing)
 .debug_str     0x0000080c      0x1da ./Sources/TFC/TFC_Terminal.o
                                0x36d (size before relaxing)
 .debug_str     0x000009e6       0xaf ./Sources/TFC/TFC_Servo.o
                                0x518 (size before relaxing)
 .debug_str     0x00000a95       0xa4 ./Sources/TFC/TFC_Queue.o
                                0x20b (size before relaxing)
 .debug_str     0x00000b39       0x4a ./Sources/TFC/TFC_Motor.o
                                0x2aa (size before relaxing)
 .debug_str     0x00000b83      0x133 ./Sources/TFC/TFC_LineScanCamera.o
                                0x3b7 (size before relaxing)
 .debug_str     0x00000cb6      0x23f ./Sources/TFC/TFC_CrystalClock.o
                                0x44c (size before relaxing)
 .debug_str     0x00000ef5       0x91 ./Sources/TFC/TFC_BoardSupport.o
                                0x2e8 (size before relaxing)
 .debug_str     0x00000f86       0x9a ./Sources/TFC/TFC_ARM_SysTick.o
                                0x1a6 (size before relaxing)
 .debug_str     0x00001020      0x22a ./Sources/TFC/TFC_ADC.o
                                0x79e (size before relaxing)
 .debug_str     0x0000124a       0x27 ./Sources/TFC/TFC.o
                                0x164 (size before relaxing)
 .debug_str     0x00001271       0x4c ./Sources/main.o
                                0x40d (size before relaxing)
 .debug_str     0x000012bd       0xc4 ./Sources/i2c.o
                                0x2df (size before relaxing)
 .debug_str     0x00001381       0x7c ./Sources/demo.o
                                0x25c (size before relaxing)
 .debug_str     0x000013fd      0x417 ./Sources/Spices.o
                                0x5c6 (size before relaxing)
 .debug_str     0x00001814       0x3f C:/Freescale/CW MCU v10.6/MCU/ARM_GCC_Support/ewl/lib/armv6-m\libc.a(vsprintf.o)
                                0x167 (size before relaxing)
 .debug_str     0x00001853       0x18 C:/Freescale/CW MCU v10.6/MCU/ARM_GCC_Support/ewl/lib/armv6-m\libc.a(sscanf.o)
                                0x161 (size before relaxing)
 .debug_str     0x0000186b       0x14 C:/Freescale/CW MCU v10.6/MCU/ARM_GCC_Support/ewl/lib/armv6-m\libc.a(sprintf.o)
                                0x163 (size before relaxing)
 .debug_str     0x0000187f       0x9c C:/Freescale/CW MCU v10.6/MCU/ARM_GCC_Support/ewl/lib/armv6-m\libc.a(vsscanf.o)
                                0x1e5 (size before relaxing)
 .debug_str     0x0000191b       0x2e C:/Freescale/CW MCU v10.6/MCU/ARM_GCC_Support/ewl/lib/armv6-m\libc.a(exit.o)
                                0x157 (size before relaxing)
 .debug_str     0x00001949       0x23 C:/Freescale/CW MCU v10.6/MCU/ARM_GCC_Support/ewl/lib/armv6-m\libc.a(memset.o)
                                0x140 (size before relaxing)
 .debug_str     0x0000196c       0x25 C:/Freescale/CW MCU v10.6/MCU/ARM_GCC_Support/ewl/lib/armv6-m\libc.a(__filll_mem.o)
                                0x152 (size before relaxing)
 .debug_str     0x00001991       0x1c C:/Freescale/CW MCU v10.6/MCU/ARM_GCC_Support/ewl/lib/armv6-m\libc.a(strcpy.o)
                                0x142 (size before relaxing)
 .debug_str     0x000019ad       0x26 C:/Freescale/CW MCU v10.6/MCU/ARM_GCC_Support/ewl/lib/armv6-m\libc.a(strcmp.o)
                                0x152 (size before relaxing)
 .debug_str     0x000019d3       0x1c C:/Freescale/CW MCU v10.6/MCU/ARM_GCC_Support/ewl/lib/armv6-m\libc.a(strlen.o)
                                0x140 (size before relaxing)
 .debug_str     0x000019ef      0x218 C:/Freescale/CW MCU v10.6/MCU/ARM_GCC_Support/ewl/lib/armv6-m\libc.a(printformat_.o)
                                0x3b3 (size before relaxing)
 .debug_str     0x00001c07      0x14b C:/Freescale/CW MCU v10.6/MCU/ARM_GCC_Support/ewl/lib/armv6-m\libc.a(scanformat_.o)
                                0x3f9 (size before relaxing)
 .debug_str     0x00001d52       0x9d C:/Freescale/CW MCU v10.6/MCU/ARM_GCC_Support/ewl/lib/armv6-m\libc.a(ctype_aeabi.o)
                                0x1bc (size before relaxing)
 .debug_str     0x00001def       0x7c C:/Freescale/CW MCU v10.6/MCU/ARM_GCC_Support/ewl/lib/armv6-m\libc.a(vsnprintf.o)
                                0x1cc (size before relaxing)
 .debug_str     0x00001e6b       0x61 C:/Freescale/CW MCU v10.6/MCU/ARM_GCC_Support/ewl/lib/armv6-m\libc.a(__strtoul.o)
                                0x1fb (size before relaxing)
 .debug_str     0x00001ecc       0x1c C:/Freescale/CW MCU v10.6/MCU/ARM_GCC_Support/ewl/lib/armv6-m\libc.a(strchr.o)
                                0x137 (size before relaxing)
 .debug_str     0x00001ee8       0x1c C:/Freescale/CW MCU v10.6/MCU/ARM_GCC_Support/ewl/lib/armv6-m\libc.a(memcpy.o)
                                0x138 (size before relaxing)
 .debug_str     0x00001f04       0x1c C:/Freescale/CW MCU v10.6/MCU/ARM_GCC_Support/ewl/lib/armv6-m\libc.a(memchr.o)
                                0x148 (size before relaxing)
 .debug_str     0x00001f20       0x17 C:/Freescale/CW MCU v10.6/MCU/ARM_GCC_Support/ewl/lib/armv6-m\libm.a(w_log.o)
                                0x125 (size before relaxing)
 .debug_str     0x00001f37       0x11 C:/Freescale/CW MCU v10.6/MCU/ARM_GCC_Support/ewl/lib/armv6-m\libm.a(w_exp.o)
                                0x125 (size before relaxing)
 .debug_str     0x00001f48       0x51 C:/Freescale/CW MCU v10.6/MCU/ARM_GCC_Support/ewl/lib/armv6-m\libm.a(e_log.o)
                                0x183 (size before relaxing)
 .debug_str     0x00001f99       0x58 C:/Freescale/CW MCU v10.6/MCU/ARM_GCC_Support/ewl/lib/armv6-m\libm.a(e_exp.o)
                                0x1ac (size before relaxing)
 .debug_str     0x00001ff1      0x126 C:/Freescale/CW MCU v10.6/MCU/ARM_GCC_Support/ewl/lib/armv6-m\librt.a(gcc_ctor_dtor.o)
                                0x181 (size before relaxing)
 .debug_str     0x00002117       0xf8 C:/Freescale/CW MCU v10.6/MCU/ARM_GCC_Support/ewl/lib/armv6-m\librt.a(__arm_eabi_init.o)
                                0x1b5 (size before relaxing)
 .debug_str     0x0000220f       0x96 C:/Freescale/CW MCU v10.6/MCU/ARM_GCC_Support/ewl/lib/armv6-m\librt.a(ROMCopy.o)
                                0x13c (size before relaxing)
 .debug_str     0x000022a5       0x12 C:/Freescale/CW MCU v10.6/MCU/ARM_GCC_Support/ewl/lib/armv6-m\libc.a(errno.o)
                                0x12c (size before relaxing)

.comment        0x00000000       0x79
 .comment       0x00000000       0x79 ./Project_Settings/Startup_Code/kinetis_sysinit.o
                                 0x7a (size before relaxing)
 .comment       0x00000000       0x7a ./Project_Settings/Startup_Code/__arm_start.o
 .comment       0x00000000       0x7a ./Project_Settings/Startup_Code/__arm_end.o
 .comment       0x00000000       0x7a ./Sources/TFC/TFC_arm_cm0.o
 .comment       0x00000000       0x7a ./Sources/TFC/TFC_UART.o
 .comment       0x00000000       0x7a ./Sources/TFC/TFC_Terminal.o
 .comment       0x00000000       0x7a ./Sources/TFC/TFC_Servo.o
 .comment       0x00000000       0x7a ./Sources/TFC/TFC_Queue.o
 .comment       0x00000000       0x7a ./Sources/TFC/TFC_Motor.o
 .comment       0x00000000       0x7a ./Sources/TFC/TFC_LineScanCamera.o
 .comment       0x00000000       0x7a ./Sources/TFC/TFC_CrystalClock.o
 .comment       0x00000000       0x7a ./Sources/TFC/TFC_BoardSupport.o
 .comment       0x00000000       0x7a ./Sources/TFC/TFC_ARM_SysTick.o
 .comment       0x00000000       0x7a ./Sources/TFC/TFC_ADC.o
 .comment       0x00000000       0x7a ./Sources/TFC/TFC.o
 .comment       0x00000000       0x7a ./Sources/main.o
 .comment       0x00000000       0x7a ./Sources/i2c.o
 .comment       0x00000000       0x7a ./Sources/demo.o
 .comment       0x00000000       0x7a ./Sources/Spices.o
 .comment       0x00000000       0x7a C:/Freescale/CW MCU v10.6/MCU/ARM_GCC_Support/ewl/lib/armv6-m\libc.a(vsprintf.o)
 .comment       0x00000000       0x7a C:/Freescale/CW MCU v10.6/MCU/ARM_GCC_Support/ewl/lib/armv6-m\libc.a(sscanf.o)
 .comment       0x00000000       0x7a C:/Freescale/CW MCU v10.6/MCU/ARM_GCC_Support/ewl/lib/armv6-m\libc.a(sprintf.o)
 .comment       0x00000000       0x7a C:/Freescale/CW MCU v10.6/MCU/ARM_GCC_Support/ewl/lib/armv6-m\libc.a(vsscanf.o)
 .comment       0x00000000       0x7a C:/Freescale/CW MCU v10.6/MCU/ARM_GCC_Support/ewl/lib/armv6-m\libc.a(exit.o)
 .comment       0x00000000       0x7a C:/Freescale/CW MCU v10.6/MCU/ARM_GCC_Support/ewl/lib/armv6-m\libc.a(memset.o)
 .comment       0x00000000       0x7a C:/Freescale/CW MCU v10.6/MCU/ARM_GCC_Support/ewl/lib/armv6-m\libc.a(__filll_mem.o)
 .comment       0x00000000       0x7a C:/Freescale/CW MCU v10.6/MCU/ARM_GCC_Support/ewl/lib/armv6-m\libc.a(strcpy.o)
 .comment       0x00000000       0x7a C:/Freescale/CW MCU v10.6/MCU/ARM_GCC_Support/ewl/lib/armv6-m\libc.a(strcmp.o)
 .comment       0x00000000       0x7a C:/Freescale/CW MCU v10.6/MCU/ARM_GCC_Support/ewl/lib/armv6-m\libc.a(strlen.o)
 .comment       0x00000000       0x7a C:/Freescale/CW MCU v10.6/MCU/ARM_GCC_Support/ewl/lib/armv6-m\libc.a(printformat_.o)
 .comment       0x00000000       0x7a C:/Freescale/CW MCU v10.6/MCU/ARM_GCC_Support/ewl/lib/armv6-m\libc.a(scanformat_.o)
 .comment       0x00000000       0x7a C:/Freescale/CW MCU v10.6/MCU/ARM_GCC_Support/ewl/lib/armv6-m\libc.a(ctype_aeabi.o)
 .comment       0x00000000       0x7a C:/Freescale/CW MCU v10.6/MCU/ARM_GCC_Support/ewl/lib/armv6-m\libc.a(vsnprintf.o)
 .comment       0x00000000       0x7a C:/Freescale/CW MCU v10.6/MCU/ARM_GCC_Support/ewl/lib/armv6-m\libc.a(__strtoul.o)
 .comment       0x00000000       0x7a C:/Freescale/CW MCU v10.6/MCU/ARM_GCC_Support/ewl/lib/armv6-m\libc.a(strchr.o)
 .comment       0x00000000       0x7a C:/Freescale/CW MCU v10.6/MCU/ARM_GCC_Support/ewl/lib/armv6-m\libc.a(memcpy.o)
 .comment       0x00000000       0x7a C:/Freescale/CW MCU v10.6/MCU/ARM_GCC_Support/ewl/lib/armv6-m\libc.a(memchr.o)
 .comment       0x00000000       0x7a C:/Freescale/CW MCU v10.6/MCU/ARM_GCC_Support/ewl/lib/armv6-m\libm.a(w_log.o)
 .comment       0x00000000       0x7a C:/Freescale/CW MCU v10.6/MCU/ARM_GCC_Support/ewl/lib/armv6-m\libm.a(w_exp.o)
 .comment       0x00000000       0x7a C:/Freescale/CW MCU v10.6/MCU/ARM_GCC_Support/ewl/lib/armv6-m\libm.a(e_log.o)
 .comment       0x00000000       0x7a C:/Freescale/CW MCU v10.6/MCU/ARM_GCC_Support/ewl/lib/armv6-m\libm.a(e_exp.o)
 .comment       0x00000000       0x7a C:/Freescale/CW MCU v10.6/MCU/ARM_GCC_Support/ewl/lib/armv6-m\librt.a(gcc_ctor_dtor.o)
 .comment       0x00000000       0x7a C:/Freescale/CW MCU v10.6/MCU/ARM_GCC_Support/ewl/lib/armv6-m\librt.a(__arm_eabi_init.o)
 .comment       0x00000000       0x7a C:/Freescale/CW MCU v10.6/MCU/ARM_GCC_Support/ewl/lib/armv6-m\librt.a(ROMCopy.o)
 .comment       0x00000000       0x7a C:/Freescale/CW MCU v10.6/MCU/ARM_GCC_Support/ewl/lib/armv6-m\libc.a(errno.o)

.debug_frame    0x00000000     0x1b08
 .debug_frame   0x00000000       0x48 ./Project_Settings/Startup_Code/kinetis_sysinit.o
 .debug_frame   0x00000048       0x4c ./Project_Settings/Startup_Code/__arm_start.o
 .debug_frame   0x00000094       0x30 ./Project_Settings/Startup_Code/__arm_end.o
 .debug_frame   0x000000c4       0xcc ./Sources/TFC/TFC_arm_cm0.o
 .debug_frame   0x00000190       0xe8 ./Sources/TFC/TFC_UART.o
 .debug_frame   0x00000278      0x150 ./Sources/TFC/TFC_Terminal.o
 .debug_frame   0x000003c8       0x90 ./Sources/TFC/TFC_Servo.o
 .debug_frame   0x00000458       0xf4 ./Sources/TFC/TFC_Queue.o
 .debug_frame   0x0000054c       0x54 ./Sources/TFC/TFC_Motor.o
 .debug_frame   0x000005a0       0x50 ./Sources/TFC/TFC_LineScanCamera.o
 .debug_frame   0x000005f0      0x390 ./Sources/TFC/TFC_CrystalClock.o
 .debug_frame   0x00000980       0x8c ./Sources/TFC/TFC_BoardSupport.o
 .debug_frame   0x00000a0c       0x70 ./Sources/TFC/TFC_ARM_SysTick.o
 .debug_frame   0x00000a7c      0x154 ./Sources/TFC/TFC_ADC.o
 .debug_frame   0x00000bd0       0x48 ./Sources/TFC/TFC.o
 .debug_frame   0x00000c18       0x68 ./Sources/main.o
 .debug_frame   0x00000c80      0x110 ./Sources/i2c.o
 .debug_frame   0x00000d90       0x5c ./Sources/demo.o
 .debug_frame   0x00000dec      0x1cc ./Sources/Spices.o
 .debug_frame   0x00000fb8       0x28 C:/Freescale/CW MCU v10.6/MCU/ARM_GCC_Support/ewl/lib/armv6-m\libc.a(vsprintf.o)
 .debug_frame   0x00000fe0       0x2c C:/Freescale/CW MCU v10.6/MCU/ARM_GCC_Support/ewl/lib/armv6-m\libc.a(sscanf.o)
 .debug_frame   0x0000100c       0x2c C:/Freescale/CW MCU v10.6/MCU/ARM_GCC_Support/ewl/lib/armv6-m\libc.a(sprintf.o)
 .debug_frame   0x00001038       0x48 C:/Freescale/CW MCU v10.6/MCU/ARM_GCC_Support/ewl/lib/armv6-m\libc.a(vsscanf.o)
 .debug_frame   0x00001080       0x2c C:/Freescale/CW MCU v10.6/MCU/ARM_GCC_Support/ewl/lib/armv6-m\libc.a(exit.o)