Archive member included because of file (symbol)

C:/Freescale/CW MCU v10.6/MCU/ARM_GCC_Support/ewl/lib/armv7e-m/fpu\libc.a(vsprintf.o)
                              ./Sources/TFC/TFC_Queue.o (vsprintf)
C:/Freescale/CW MCU v10.6/MCU/ARM_GCC_Support/ewl/lib/armv7e-m/fpu\libc.a(puts.o)
                              ./Sources/TFC/TFC_arm_cm4.o (puts)
C:/Freescale/CW MCU v10.6/MCU/ARM_GCC_Support/ewl/lib/armv7e-m/fpu\libc.a(sscanf.o)
                              ./Sources/TFC/TFC_Terminal.o (sscanf)
C:/Freescale/CW MCU v10.6/MCU/ARM_GCC_Support/ewl/lib/armv7e-m/fpu\libc.a(__putchar.o)
                              C:/Freescale/CW MCU v10.6/MCU/ARM_GCC_Support/ewl/lib/armv7e-m/fpu\libc.a(puts.o) (__put_char)
C:/Freescale/CW MCU v10.6/MCU/ARM_GCC_Support/ewl/lib/armv7e-m/fpu\libc.a(__buffer_io.o)
                              C:/Freescale/CW MCU v10.6/MCU/ARM_GCC_Support/ewl/lib/armv7e-m/fpu\libc.a(__putchar.o) (__prep_buffer)
C:/Freescale/CW MCU v10.6/MCU/ARM_GCC_Support/ewl/lib/armv7e-m/fpu\libc.a(sprintf.o)
                              ./Sources/demo.o (sprintf)
C:/Freescale/CW MCU v10.6/MCU/ARM_GCC_Support/ewl/lib/armv7e-m/fpu\libc.a(vsscanf.o)
                              C:/Freescale/CW MCU v10.6/MCU/ARM_GCC_Support/ewl/lib/armv7e-m/fpu\libc.a(sscanf.o) (vsscanf)
C:/Freescale/CW MCU v10.6/MCU/ARM_GCC_Support/ewl/lib/armv7e-m/fpu\libc.a(exit.o)
                              ./Project_Settings/Startup_Code/__arm_start.o (exit)
C:/Freescale/CW MCU v10.6/MCU/ARM_GCC_Support/ewl/lib/armv7e-m/fpu\libc.a(memset.o)
                              ./Project_Settings/Startup_Code/__arm_start.o (memset)
C:/Freescale/CW MCU v10.6/MCU/ARM_GCC_Support/ewl/lib/armv7e-m/fpu\libc.a(__filll_mem.o)
                              C:/Freescale/CW MCU v10.6/MCU/ARM_GCC_Support/ewl/lib/armv7e-m/fpu\libc.a(memset.o) (__fill_mem)
C:/Freescale/CW MCU v10.6/MCU/ARM_GCC_Support/ewl/lib/armv7e-m/fpu\libc.a(strcpy.o)
                              ./Sources/TFC/TFC_Terminal.o (strcpy)
C:/Freescale/CW MCU v10.6/MCU/ARM_GCC_Support/ewl/lib/armv7e-m/fpu\libc.a(strcmp.o)
                              ./Sources/TFC/TFC_Terminal.o (strcmp)
C:/Freescale/CW MCU v10.6/MCU/ARM_GCC_Support/ewl/lib/armv7e-m/fpu\libc.a(strlen.o)
                              ./Sources/TFC/TFC_Queue.o (strlen)
C:/Freescale/CW MCU v10.6/MCU/ARM_GCC_Support/ewl/lib/armv7e-m/fpu\libc.a(printformat_.o)
                              (__pformatter_)
C:/Freescale/CW MCU v10.6/MCU/ARM_GCC_Support/ewl/lib/armv7e-m/fpu\libc.a(scanformat_.o)
                              (__sformatter)
C:/Freescale/CW MCU v10.6/MCU/ARM_GCC_Support/ewl/lib/armv7e-m/fpu\libc.a(ctype_aeabi.o)
                              C:/Freescale/CW MCU v10.6/MCU/ARM_GCC_Support/ewl/lib/armv7e-m/fpu\libc.a(scanformat_.o) (isspace)
C:/Freescale/CW MCU v10.6/MCU/ARM_GCC_Support/ewl/lib/armv7e-m/fpu\libc.a(vsnprintf.o)
                              C:/Freescale/CW MCU v10.6/MCU/ARM_GCC_Support/ewl/lib/armv7e-m/fpu\libc.a(vsprintf.o) (vsnprintf)
C:/Freescale/CW MCU v10.6/MCU/ARM_GCC_Support/ewl/lib/armv7e-m/fpu\libc.a(ansi_files.o)
                              C:/Freescale/CW MCU v10.6/MCU/ARM_GCC_Support/ewl/lib/armv7e-m/fpu\libc.a(puts.o) (__files)
C:/Freescale/CW MCU v10.6/MCU/ARM_GCC_Support/ewl/lib/armv7e-m/fpu\libc.a(fflush.o)
                              C:/Freescale/CW MCU v10.6/MCU/ARM_GCC_Support/ewl/lib/armv7e-m/fpu\libc.a(ansi_files.o) (fflush)
C:/Freescale/CW MCU v10.6/MCU/ARM_GCC_Support/ewl/lib/armv7e-m/fpu\libc.a(__strtoul.o)
                              C:/Freescale/CW MCU v10.6/MCU/ARM_GCC_Support/ewl/lib/armv7e-m/fpu\libc.a(scanformat_.o) (__strtoul)
C:/Freescale/CW MCU v10.6/MCU/ARM_GCC_Support/ewl/lib/armv7e-m/fpu\libc.a(strchr.o)
                              C:/Freescale/CW MCU v10.6/MCU/ARM_GCC_Support/ewl/lib/armv7e-m/fpu\libc.a(printformat_.o) (strchr)
C:/Freescale/CW MCU v10.6/MCU/ARM_GCC_Support/ewl/lib/armv7e-m/fpu\libc.a(memcpy.o)
                              C:/Freescale/CW MCU v10.6/MCU/ARM_GCC_Support/ewl/lib/armv7e-m/fpu\libc.a(vsnprintf.o) (memcpy)
C:/Freescale/CW MCU v10.6/MCU/ARM_GCC_Support/ewl/lib/armv7e-m/fpu\libc.a(memchr.o)
                              C:/Freescale/CW MCU v10.6/MCU/ARM_GCC_Support/ewl/lib/armv7e-m/fpu\libc.a(printformat_.o) (memchr)
C:/Freescale/CW MCU v10.6/MCU/ARM_GCC_Support/ewl/lib/armv7e-m/fpu\libm.a(w_log.o)
                              ./Sources/demo.o (log)
C:/Freescale/CW MCU v10.6/MCU/ARM_GCC_Support/ewl/lib/armv7e-m/fpu\libm.a(w_exp.o)
                              ./Sources/demo.o (exp)
C:/Freescale/CW MCU v10.6/MCU/ARM_GCC_Support/ewl/lib/armv7e-m/fpu\libm.a(e_log.o)
                              C:/Freescale/CW MCU v10.6/MCU/ARM_GCC_Support/ewl/lib/armv7e-m/fpu\libm.a(w_log.o) (__ieee754_log)
C:/Freescale/CW MCU v10.6/MCU/ARM_GCC_Support/ewl/lib/armv7e-m/fpu\libm.a(e_exp.o)
[...]
Memory Configuration

Name             Origin             Length             Attributes
m_interrupts     0x00000000         0x00000198         xr
m_cfmprotrom     0x00000400         0x00000010         xr
m_text           0x00000800         0x000ff800         xr
m_data           0x1fff0000         0x00010000         xrw
m_data2          0x20000000         0x00030000         xrw
*default*        0x00000000         0xffffffff

Linker script and memory map

LOAD ./Project_Settings/Startup_Code/kinetis_sysinit.o
LOAD ./Project_Settings/Startup_Code/__arm_start.o
LOAD ./Project_Settings/Startup_Code/__arm_end.o
LOAD ./Sources/TFC/TFC_arm_cm4.o
LOAD ./Sources/TFC/TFC_UART.o
LOAD ./Sources/TFC/TFC_Terminal.o
LOAD ./Sources/TFC/TFC_SysTick.o
LOAD ./Sources/TFC/TFC_Servo.o
LOAD ./Sources/TFC/TFC_Queue.o
LOAD ./Sources/TFC/TFC_Motor.o
LOAD ./Sources/TFC/TFC_LineScanCamera.o
LOAD ./Sources/TFC/TFC_CrystalClock.o
LOAD ./Sources/TFC/TFC_BoardSupport.o
LOAD ./Sources/TFC/TFC_ADC.o
LOAD ./Sources/TFC/TFC.o
LOAD ./Sources/sa_mtb.o
LOAD ./Sources/main.o
LOAD ./Sources/i2c.o
LOAD ./Sources/demo.o
LOAD ./Sources/Spices.o
                0x00004bb8                __pformatter = __pformatter_
                [0x00004fb0]                __sformatter = __sformatter
START GROUP
LOAD C:/Freescale/CW MCU v10.6/MCU/ARM_GCC_Support/ewl/lib/armv7e-m/fpu\libc.a
LOAD C:/Freescale/CW MCU v10.6/MCU/ARM_GCC_Support/ewl/lib/armv7e-m/fpu\libm.a
LOAD c:/freescale/cw mcu v10.6/cross_tools/arm-none-eabi-gcc-4_7_3/bin/../lib/gcc/arm-none-eabi/4.7.3/armv7e-m/fpu\libgcc.a
LOAD C:/Freescale/CW MCU v10.6/MCU/ARM_GCC_Support/ewl/lib/armv7e-m/fpu\librt.a
LOAD C:/Freescale/CW MCU v10.6/MCU/ARM_GCC_Support/ewl/lib/armv7e-m/fpu\libuart.a
END GROUP
                0x20000000                _estack = 0x20000000
                0x20000000                __SP_INIT = _estack
                0x00000800                __heap_size = 0x800
                0x00000800                __stack_size = 0x800

.interrupts     0x00000000      0x198
                0x00000000                __vector_table = .
                0x00000000                . = ALIGN (0x4)
 *(.vectortable)
 .vectortable   0x00000000      0x198 ./Project_Settings/Startup_Code/kinetis_sysinit.o
                0x00000000                InterruptVector
                0x00000198                . = ALIGN (0x4)

.cfmprotect     0x00000400        0x0
                0x00000400                . = ALIGN (0x4)
 *(.cfmconfig)
                0x00000400                . = ALIGN (0x4)

.text           0x00000800     0x5f10
                0x00000800                . = ALIGN (0x4)
 *(.text)
 .text          0x00000800      0x370 c:/freescale/cw mcu v10.6/cross_tools/arm-none-eabi-gcc-4_7_3/bin/../lib/gcc/arm-none-eabi/4.7.3/armv7e-m/fpu\libgcc.a(_arm_addsubdf3.o)
                0x00000800                __aeabi_drsub
                0x00000808                __aeabi_dsub
                0x00000808                __subdf3
                0x0000080c                __aeabi_dadd
                0x0000080c                __adddf3
                0x00000a84                __floatunsidf
                0x00000a84                __aeabi_ui2d
                0x00000aa4                __floatsidf
                0x00000aa4                __aeabi_i2d
                0x00000ac8                __aeabi_f2d
                0x00000ac8                __extendsfdf2
                0x00000b04                __floatundidf
                0x00000b04                __aeabi_ul2d
                0x00000b14                __floatdidf
                0x00000b14                __aeabi_l2d
 .text          0x00000b70      0x424 c:/freescale/cw mcu v10.6/cross_tools/arm-none-eabi-gcc-4_7_3/bin/../lib/gcc/arm-none-eabi/4.7.3/armv7e-m/fpu\libgcc.a(_arm_muldivdf3.o)
                0x00000b70                __aeabi_dmul
                0x00000b70                __muldf3
                0x00000dc4                __divdf3
                0x00000dc4                __aeabi_ddiv
 .text          0x00000f94      0x110 c:/freescale/cw mcu v10.6/cross_tools/arm-none-eabi-gcc-4_7_3/bin/../lib/gcc/arm-none-eabi/4.7.3/armv7e-m/fpu\libgcc.a(_arm_cmpdf2.o)
                0x00000f94                __gtdf2
                0x00000f94                __gedf2
                0x00000f9c                __ltdf2
                0x00000f9c                __ledf2
                0x00000fa4                __nedf2
                0x00000fa4                __eqdf2
                0x00000fa4                __cmpdf2
                0x00001020                __aeabi_cdrcmple
                0x00001030                __aeabi_cdcmpeq
                0x00001030                __aeabi_cdcmple
                0x00001040                __aeabi_dcmpeq
                0x00001054                __aeabi_dcmplt
                0x00001068                __aeabi_dcmple
                0x0000107c                __aeabi_dcmpge
                0x00001090                __aeabi_dcmpgt
 .text          0x000010a4       0x50 c:/freescale/cw mcu v10.6/cross_tools/arm-none-eabi-gcc-4_7_3/bin/../lib/gcc/arm-none-eabi/4.7.3/armv7e-m/fpu\libgcc.a(_arm_fixdfsi.o)
                0x000010a4                __aeabi_d2iz
                0x000010a4                __fixdfsi
 .text          0x000010f4       0xa0 c:/freescale/cw mcu v10.6/cross_tools/arm-none-eabi-gcc-4_7_3/bin/../lib/gcc/arm-none-eabi/4.7.3/armv7e-m/fpu\libgcc.a(_arm_truncdfsf2.o)
                0x000010f4                __truncdfsf2
                0x000010f4                __aeabi_d2f
 *(.text*)
 .text.Default_Handler
                0x00001194        0xc ./Project_Settings/Startup_Code/kinetis_sysinit.o
                0x00001194                RTC_Alarm_IRQHandler
                0x00001194                CAN0_Rx_Warning_IRQHandler
                0x00001194                CAN0_Err_IRQHandler
                0x00001194                I2C0_IRQHandler
                0x00001194                HardFault_Handler
                0x00001194                PDB_IRQHandler
                0x00001194                PendSV_Handler
                0x00001194                NMI_Handler
                0x00001194                I2C1_IRQHandler
                0x00001194                UART3_Status_IRQHandler
                0x00001194                DMA2_IRQHandler
                0x00001194                Watchdog_IRQHandler
                0x00001194                Bus_Fault_Handler
                0x00001194                CMP2_IRQHandler
                0x00001194                SWI_IRQHandler
                0x00001194                ENET_MAC_Transmit_IRQHandler
                0x00001194                I2S0_Tx_IRQHandler
                0x00001194                CMT_IRQHandler
                0x00001194                UART1_Status_IRQHandler
                0x00001194                SPI1_IRQHandler
                0x00001194                DMA9_IRQHandler
                0x00001194                DMA14_IRQHandler
                0x00001194                CMP1_IRQHandler
                0x00001194                PORTD_IRQHandler
                0x00001194                PORTB_IRQHandler
                0x00001194                UART4_ERR_IRQHandler
                0x00001194                I2C2_IRQHandler
                0x00001194                PIT2_IRQHandler
                0x00001194                I2S0_Rx_IRQHandler
                0x00001194                LPTimer_IRQHandler
                0x00001194                DMA5_IRQHandler
                0x00001194                FTM1_IRQHandler
                0x00001194                UART3_ERR_IRQHandler
                0x00001194                PIT3_IRQHandler
                0x00001194                SDHC_IRQHandler
                0x00001194                RTC_Seconds_IRQHandler
                0x00001194                MCG_IRQHandler
                0x00001194                ENET_MAC_Timer_IRQHandler
                0x00001194                UART2_ERR_IRQHandler
                0x00001194                DMA11_IRQHandler
                0x00001194                Tamper_Drylce_IRQHandler
                0x00001194                USB_OTG_IRQHandler
                0x00001194                Read_Collision_IRQHandler
                0x00001194                Default_Handler
                0x00001194                UART4_Status_IRQHandler
                0x00001194                DMA7_IRQHandler
                0x00001194                LLW_IRQHandler
                0x00001194                SPI2_IRQHandler
                0x00001194                USB_Charger_Detect_IRQHandler
                0x00001194                SVC_Handler
                0x00001194                Usage_Fault_Handler
                0x00001194                DMA13_IRQHandler
                0x00001194                DMA3_IRQHandler
                0x00001194                UART0_LON_IRQHandler
                0x00001194                RNG_IRQHandler
                0x00001194                DMA0_IRQHandler
                0x00001194                DMA15_IRQHandler
                0x00001194                DAC0_IRQHandler
                0x00001194                ENET_MAC_Error_IRQHandler
                0x00001194                DMA4_IRQHandler
                0x00001194                PIT1_IRQHandler
                0x00001194                UART0_ERR_IRQHandler
                0x00001194                DMA_Error_IRQHandler
                0x00001194                LVD_LVW_IRQHandler
                0x00001194                SPI0_IRQHandler
                0x00001194                CAN0_Tx_WarningIRQHandler
                0x00001194                FTM0_IRQHandler
                0x00001194                DAC1_IRQHandler
                0x00001194                MCM_IRQHandler
                0x00001194                DMA12_IRQHandler
                0x00001194                Mem_Manage_Fault_Handler
                0x00001194                FTFL_IRQHandler
                0x00001194                CAN0_Bus_Off_IRQHandler
                0x00001194                FTM3_IRQHandler
                0x00001194                PORTE_IRQHandler
                0x00001194                CAN0_Message_buffer_IRQHandler
                0x00001194                DMA8_IRQHandler
                0x00001194                DMA10_IRQHandler
                0x00001194                CAN0_Wake_Up_IRQHandler
                0x00001194                DebugMonitor_Handler
                0x00001194                UART1_ERR_IRQHandler
                0x00001194                CMP0_IRQHandler
                0x00001194                ENET_MAC_Receive_IRQHandler
                0x00001194                PORTC_IRQHandler
                0x00001194                DMA6_IRQHandler
                0x00001194                UART2_Status_IRQHandler
                0x00001194                DMA1_IRQHandler
 .text.__init_hardware
                0x000011a0       0x44 ./Project_Settings/Startup_Code/kinetis_sysinit.o
                0x000011a0                __init_hardware
 .text.zero_fill_bss
                0x000011e4       0x2c ./Project_Settings/Startup_Code/__arm_start.o
 .text.__thumb_startup
                0x00001210       0x34 ./Project_Settings/Startup_Code/__arm_start.o
                0x00001210                __thumb_startup
 .text._ExitProcess
                0x00001244        0xc ./Project_Settings/Startup_Code/__arm_end.o
                0x00001244                _ExitProcess
 .text.enable_irq
                0x00001250      0x22c ./Sources/TFC/TFC_arm_cm4.o
                0x00001250                enable_irq
 .text.disable_irq
                0x0000147c      0x144 ./Sources/TFC/TFC_arm_cm4.o
                0x0000147c                disable_irq
 .text.TFC_InitUARTs
                0x000015c0       0x6c ./Sources/TFC/TFC_UART.o
                0x000015c0                TFC_InitUARTs
 .text.TFC_UART_Process
                0x0000162c       0x48 ./Sources/TFC/TFC_UART.o
                0x0000162c                TFC_UART_Process
 .text.UART0_Status_IRQHandler
                0x00001674       0xa0 ./Sources/TFC/TFC_UART.o
                0x00001674                UART0_Status_IRQHandler
 .text.UART0_init
                0x00001714      0x184 ./Sources/TFC/TFC_UART.o
                0x00001714                UART0_init
 .text.TerminalBootMsg
                0x00001898       0x80 ./Sources/TFC/TFC_Terminal.o
                0x00001898                TerminalBootMsg
 .text.TFC_InitTerminal
                0x00001918       0x28 ./Sources/TFC/TFC_Terminal.o
                0x00001918                TFC_InitTerminal
 .text.TerminalCmd_Help
                0x00001940       0xb0 ./Sources/TFC/TFC_Terminal.o
                0x00001940                TerminalCmd_Help
 .text.TerminalCmd_E
                0x000019f0       0x34 ./Sources/TFC/TFC_Terminal.o
                0x000019f0                TerminalCmd_E
 .text.TerminalCmd_D
                0x00001a24       0x44 ./Sources/TFC/TFC_Terminal.o
                0x00001a24                TerminalCmd_D
 .text.TerminalCmd_GetLineScan
                0x00001a68       0x98 ./Sources/TFC/TFC_Terminal.o
                0x00001a68                TerminalCmd_GetLineScan
 .text.TerminalCmd_S
                0x00001b00       0xa0 ./Sources/TFC/TFC_Terminal.o
                0x00001b00                TerminalCmd_S
 .text.TerminalCmd_H
                0x00001ba0       0x9c ./Sources/TFC/TFC_Terminal.o
                0x00001ba0                TerminalCmd_H
 .text.TFC_ProcessTerminal
                0x00001c3c      0x3b8 ./Sources/TFC/TFC_Terminal.o
                0x00001c3c                TFC_ProcessTerminal
 .text.TFC_InitSysTick
                0x00001ff4       0x58 ./Sources/TFC/TFC_SysTick.o
                0x00001ff4                TFC_InitSysTick
 .text.SysTick_Handler
                0x0000204c       0x80 ./Sources/TFC/TFC_SysTick.o
                0x0000204c                SysTick_Handler
 .text.TFC_InitServos
                0x000020cc      0x170 ./Sources/TFC/TFC_Servo.o
                0x000020cc                TFC_InitServos
 *fill*         0x0000223c        0x4 00
 .text.TFC_SetServo
                0x00002240       0x90 ./Sources/TFC/TFC_Servo.o
                0x00002240                TFC_SetServo
 .text.TFC_SetServoDutyCycle
                0x000022d0       0x3c ./Sources/TFC/TFC_Servo.o
                0x000022d0                TFC_SetServoDutyCycle
 .text.FTM2_IRQHandler
                0x0000230c       0x60 ./Sources/TFC/TFC_Servo.o
                0x0000230c                FTM2_IRQHandler
 .text.InitByteQueue
                0x0000236c       0x5c ./Sources/TFC/TFC_Queue.o
                0x0000236c                InitByteQueue
 .text.BytesInQueue
                0x000023c8       0x54 ./Sources/TFC/TFC_Queue.o
                0x000023c8                BytesInQueue
 .text.ByteEnqueue
                0x0000241c       0x64 ./Sources/TFC/TFC_Queue.o
                0x0000241c                ByteEnqueue
 .text.ByteArrayEnqueue
                0x00002480       0x48 ./Sources/TFC/TFC_Queue.o
                0x00002480                ByteArrayEnqueue
 .text.Qprintf  0x000024c8       0x54 ./Sources/TFC/TFC_Queue.o
                0x000024c8                Qprintf
 .text.ByteDequeue
                0x0000251c       0x60 ./Sources/TFC/TFC_Queue.o
                0x0000251c                ByteDequeue
 .text.ForcedByteDequeue
                0x0000257c       0x58 ./Sources/TFC/TFC_Queue.o
                0x0000257c                ForcedByteDequeue
 .text.TFC_InitMotorPWM
                0x000025d4      0x270 ./Sources/TFC/TFC_Motor.o
                0x000025d4                TFC_InitMotorPWM
 .text.TFC_SetMotorPWM
                0x00002844      0x160 ./Sources/TFC/TFC_Motor.o
                0x00002844                TFC_SetMotorPWM
 .text.TFC_InitLineScanCamera
                0x000029a4       0xa4 ./Sources/TFC/TFC_LineScanCamera.o
                0x000029a4                TFC_InitLineScanCamera
 .text.TFC_SetLineScanExposureTime
                0x00002a48       0x70 ./Sources/TFC/TFC_LineScanCamera.o
                0x00002a48                TFC_SetLineScanExposureTime
 .text.TFC_InitClock
                0x00002ab8      0x128 ./Sources/TFC/TFC_CrystalClock.o
                0x00002ab8                TFC_InitClock
 .text.TFC_InitGPIO
                0x00002be0      0x148 ./Sources/TFC/TFC_BoardSupport.o
                0x00002be0                TFC_InitGPIO
 .text.TFC_GetDIP_Switch
                0x00002d28       0x94 ./Sources/TFC/TFC_BoardSupport.o
                0x00002d28                TFC_GetDIP_Switch
 .text.ADC_Cal  0x00002dbc      0x138 ./Sources/TFC/TFC_ADC.o
                0x00002dbc                ADC_Cal
 .text.ADC_Config_Alt
                0x00002ef4       0x64 ./Sources/TFC/TFC_ADC.o
                0x00002ef4                ADC_Config_Alt
 .text.InitADC  0x00002f58      0x120 ./Sources/TFC/TFC_ADC.o
                0x00002f58                InitADC
 .text.TFC_InitADCs
                0x00003078       0xb0 ./Sources/TFC/TFC_ADC.o
                0x00003078                TFC_InitADCs
 .text.PIT0_IRQHandler
                0x00003128       0x90 ./Sources/TFC/TFC_ADC.o
                0x00003128                PIT0_IRQHandler
 .text.ADC0_IRQHandler
                0x000031b8      0x218 ./Sources/TFC/TFC_ADC.o
                0x000031b8                ADC0_IRQHandler
 .text.ADC1_IRQHandler
                0x000033d0      0x154 ./Sources/TFC/TFC_ADC.o
                0x000033d0                ADC1_IRQHandler
 *fill*         0x00003524        0x4 00
 .text.TFC_ReadPot
                0x00003528       0xd8 ./Sources/TFC/TFC_ADC.o
                0x00003528                TFC_ReadPot
 .text.TFC_ReadBatteryVoltage
                0x00003600       0x80 ./Sources/TFC/TFC_ADC.o
                0x00003600                TFC_ReadBatteryVoltage
 .text.TFC_ReadHBridgeFeedBack
                0x00003680      0x118 ./Sources/TFC/TFC_ADC.o
                0x00003680                TFC_ReadHBridgeFeedBack
 .text.TFC_Init
                0x00003798       0x50 ./Sources/TFC/TFC.o
                0x00003798                TFC_Init
 .text.TFC_Task
                0x000037e8       0x10 ./Sources/TFC/TFC.o
                0x000037e8                TFC_Task
 .text.main     0x000037f8       0x3c ./Sources/main.o
                0x000037f8                main
 .text.Init_Interrupts
                0x00003834        0xc ./Sources/main.o
                0x00003834                Init_Interrupts
 .text.PORTA_IRQHandler
                0x00003840       0x5c ./Sources/main.o
                0x00003840                PORTA_IRQHandler
 .text.Init_I2C
                0x0000389c       0x6c ./Sources/i2c.o
                0x0000389c                Init_I2C
 .text.IIC_StartTransmission
                0x00003908       0x74 ./Sources/i2c.o
                0x00003908                IIC_StartTransmission
 .text.Pause    0x0000397c       0x28 ./Sources/i2c.o
                0x0000397c                Pause
 .text.I2CReadRegister
                0x000039a4      0x1b4 ./Sources/i2c.o
                0x000039a4                I2CReadRegister
 .text.I2CWriteRegister
                0x00003b58      0x10c ./Sources/i2c.o
                0x00003b58                I2CWriteRegister
 .text.I2CReadMultiRegisters
                0x00003c64      0x284 ./Sources/i2c.o
                0x00003c64                I2CReadMultiRegisters
 .text.ReadShort
                0x00003ee8       0x88 ./Sources/i2c.o
                0x00003ee8                ReadShort
 .text.Init_Accel
                0x00003f70       0x18 ./Sources/i2c.o
                0x00003f70                Init_Accel
 .text.Init_Demo
                0x00003f88       0xa0 ./Sources/demo.o
                0x00003f88                Init_Demo
 .text.DemoProgram
                0x00004028      0x85c ./Sources/demo.o
                0x00004028                DemoProgram
 .text.vsprintf
                0x00004884       0x14 C:/Freescale/CW MCU v10.6/MCU/ARM_GCC_Support/ewl/lib/armv7e-m/fpu\libc.a(vsprintf.o)
                0x00004884                vsprintf
 .text.sscanf   0x00004898       0x18 C:/Freescale/CW MCU v10.6/MCU/ARM_GCC_Support/ewl/lib/armv7e-m/fpu\libc.a(sscanf.o)
                0x00004898                sscanf
 .text.sprintf  0x000048b0       0x1c C:/Freescale/CW MCU v10.6/MCU/ARM_GCC_Support/ewl/lib/armv7e-m/fpu\libc.a(sprintf.o)
                0x000048b0                sprintf
 .text.__StringRead
                0x000048cc       0x38 C:/Freescale/CW MCU v10.6/MCU/ARM_GCC_Support/ewl/lib/armv7e-m/fpu\libc.a(vsscanf.o)
                0x000048cc                __StringRead
 .text.vsscanf  0x00004904       0x2c C:/Freescale/CW MCU v10.6/MCU/ARM_GCC_Support/ewl/lib/armv7e-m/fpu\libc.a(vsscanf.o)
                0x00004904                vsscanf
 .text.exit     0x00004930       0x38 C:/Freescale/CW MCU v10.6/MCU/ARM_GCC_Support/ewl/lib/armv7e-m/fpu\libc.a(exit.o)
                0x00004930                exit
 .text.memset   0x00004968        0xc C:/Freescale/CW MCU v10.6/MCU/ARM_GCC_Support/ewl/lib/armv7e-m/fpu\libc.a(memset.o)
                0x00004968                memset
 .text.__fill_mem
                0x00004974       0x76 C:/Freescale/CW MCU v10.6/MCU/ARM_GCC_Support/ewl/lib/armv7e-m/fpu\libc.a(__filll_mem.o)
                0x00004974                __fill_mem
 .text.strcpy   0x000049ea        0xe C:/Freescale/CW MCU v10.6/MCU/ARM_GCC_Support/ewl/lib/armv7e-m/fpu\libc.a(strcpy.o)
                0x000049ea                strcpy
 .text.strcmp   0x000049f8       0x1a C:/Freescale/CW MCU v10.6/MCU/ARM_GCC_Support/ewl/lib/armv7e-m/fpu\libc.a(strcmp.o)
                0x000049f8                strcmp
 .text.strlen   0x00004a12       0x10 C:/Freescale/CW MCU v10.6/MCU/ARM_GCC_Support/ewl/lib/armv7e-m/fpu\libc.a(strlen.o)
                0x00004a12                strlen
 .text.long2str.isra.0
                0x00004a22      0x196 C:/Freescale/CW MCU v10.6/MCU/ARM_GCC_Support/ewl/lib/armv7e-m/fpu\libc.a(printformat_.o)
 .text.__pformatter_
                0x00004bb8      0x3f8 C:/Freescale/CW MCU v10.6/MCU/ARM_GCC_Support/ewl/lib/armv7e-m/fpu\libc.a(printformat_.o)
                0x00004bb8                __pformatter_
 .text.__sformatter
                0x00004fb0      0x6f4 C:/Freescale/CW MCU v10.6/MCU/ARM_GCC_Support/ewl/lib/armv7e-m/fpu\libc.a(scanformat_.o)
                0x00004fb0                __sformatter
 .text.isalpha  0x000056a4       0x1c C:/Freescale/CW MCU v10.6/MCU/ARM_GCC_Support/ewl/lib/armv7e-m/fpu\libc.a(ctype_aeabi.o)
                0x000056a4                isalpha
 .text.isspace  0x000056c0       0x1c C:/Freescale/CW MCU v10.6/MCU/ARM_GCC_Support/ewl/lib/armv7e-m/fpu\libc.a(ctype_aeabi.o)
                0x000056c0                isspace
 .text.toupper  0x000056dc        0xc C:/Freescale/CW MCU v10.6/MCU/ARM_GCC_Support/ewl/lib/armv7e-m/fpu\libc.a(ctype_aeabi.o)
                0x000056dc                toupper
 .text.__StringWrite
                0x000056e8       0x2a C:/Freescale/CW MCU v10.6/MCU/ARM_GCC_Support/ewl/lib/armv7e-m/fpu\libc.a(vsnprintf.o)
                0x000056e8                __StringWrite
 *fill*         0x00005712        0x2 00
 .text.vsnprintf
                0x00005714       0x34 C:/Freescale/CW MCU v10.6/MCU/ARM_GCC_Support/ewl/lib/armv7e-m/fpu\libc.a(vsnprintf.o)
                0x00005714                vsnprintf
 .text.__strtoul
                0x00005748      0x214 C:/Freescale/CW MCU v10.6/MCU/ARM_GCC_Support/ewl/lib/armv7e-m/fpu\libc.a(__strtoul.o)
                0x00005748                __strtoul
 .text.strchr   0x0000595c       0x1a C:/Freescale/CW MCU v10.6/MCU/ARM_GCC_Support/ewl/lib/armv7e-m/fpu\libc.a(strchr.o)
                0x0000595c                strchr
 .text.memcpy   0x00005976       0x12 C:/Freescale/CW MCU v10.6/MCU/ARM_GCC_Support/ewl/lib/armv7e-m/fpu\libc.a(memcpy.o)
                0x00005976                memcpy
 .text.memchr   0x00005988       0x18 C:/Freescale/CW MCU v10.6/MCU/ARM_GCC_Support/ewl/lib/armv7e-m/fpu\libc.a(memchr.o)
                0x00005988                memchr
 .text.log      0x000059a0        0x4 C:/Freescale/CW MCU v10.6/MCU/ARM_GCC_Support/ewl/lib/armv7e-m/fpu\libm.a(w_log.o)
                0x000059a0                log
 .text.exp      0x000059a4        0x4 C:/Freescale/CW MCU v10.6/MCU/ARM_GCC_Support/ewl/lib/armv7e-m/fpu\libm.a(w_exp.o)
                0x000059a4                exp
 .text.__ieee754_log
                0x000059a8      0x418 C:/Freescale/CW MCU v10.6/MCU/ARM_GCC_Support/ewl/lib/armv7e-m/fpu\libm.a(e_log.o)
                0x000059a8                __ieee754_log
 .text.__ieee754_exp
                0x00005dc0      0x348 C:/Freescale/CW MCU v10.6/MCU/ARM_GCC_Support/ewl/lib/armv7e-m/fpu\libm.a(e_exp.o)
                0x00005dc0                __ieee754_exp
 .text.__init_cpp
                0x00006108       0x4c C:/Freescale/CW MCU v10.6/MCU/ARM_GCC_Support/ewl/lib/armv7e-m/fpu\librt.a(gcc_ctor_dtor.o)
                0x00006108                __init_cpp
 .text.__fini_cpp
                0x00006154       0x34 C:/Freescale/CW MCU v10.6/MCU/ARM_GCC_Support/ewl/lib/armv7e-m/fpu\librt.a(gcc_ctor_dtor.o)
                0x00006154                __fini_cpp
 .text.__destroy_global_chain
                0x00006188       0x18 C:/Freescale/CW MCU v10.6/MCU/ARM_GCC_Support/ewl/lib/armv7e-m/fpu\librt.a(__arm_eabi_init.o)
                0x00006188                __destroy_global_chain
 .text.__init_registers
                0x000061a0       0x24 C:/Freescale/CW MCU v10.6/MCU/ARM_GCC_Support/ewl/lib/armv7e-m/fpu\librt.a(__arm_eabi_init.o)
                0x000061a0                __init_registers
 .text.__fp_init
                0x000061c4       0x1c C:/Freescale/CW MCU v10.6/MCU/ARM_GCC_Support/ewl/lib/armv7e-m/fpu\librt.a(__arm_eabi_init.o)
                0x000061c4                __fp_init
 .text.__init_user
                0x000061e0        0x4 C:/Freescale/CW MCU v10.6/MCU/ARM_GCC_Support/ewl/lib/armv7e-m/fpu\librt.a(__arm_eabi_init.o)
                0x000061e0                __init_user
 .text.__copy_rom_section
                0x000061e4       0x44 C:/Freescale/CW MCU v10.6/MCU/ARM_GCC_Support/ewl/lib/armv7e-m/fpu\librt.a(ROMCopy.o)
                0x000061e4                __copy_rom_section
 .text.__copy_rom_sections_to_ram
                0x00006228       0x30 C:/Freescale/CW MCU v10.6/MCU/ARM_GCC_Support/ewl/lib/armv7e-m/fpu\librt.a(ROMCopy.o)
                0x00006228                __copy_rom_sections_to_ram
 *(.rodata)
 .rodata        0x00006258      0x358 ./Sources/TFC/TFC_Terminal.o
 .rodata        0x000065b0       0x20 ./Sources/demo.o
 *(.rodata*)
 .rodata.str1.1
                0x000065d0        0x1 C:/Freescale/CW MCU v10.6/MCU/ARM_GCC_Support/ewl/lib/armv7e-m/fpu\libc.a(printformat_.o)
 .rodata.CSWTCH.20
                0x000065d1        0x5 C:/Freescale/CW MCU v10.6/MCU/ARM_GCC_Support/ewl/lib/armv7e-m/fpu\libc.a(printformat_.o)
 .rodata.CSWTCH.21
                0x000065d6        0x5 C:/Freescale/CW MCU v10.6/MCU/ARM_GCC_Support/ewl/lib/armv7e-m/fpu\libc.a(printformat_.o)
 .rodata.__aeabi_ctype_table_C
                0x000065db      0x101 C:/Freescale/CW MCU v10.6/MCU/ARM_GCC_Support/ewl/lib/armv7e-m/fpu\libc.a(ctype_aeabi.o)
                0x000065db                __aeabi_ctype_table_C
 *fill*         0x000066dc        0x4 00
 .rodata.halF   0x000066e0       0x10 C:/Freescale/CW MCU v10.6/MCU/ARM_GCC_Support/ewl/lib/armv7e-m/fpu\libm.a(e_exp.o)
 .rodata.ln2LO  0x000066f0       0x10 C:/Freescale/CW MCU v10.6/MCU/ARM_GCC_Support/ewl/lib/armv7e-m/fpu\libm.a(e_exp.o)
 .rodata.ln2HI  0x00006700       0x10 C:/Freescale/CW MCU v10.6/MCU/ARM_GCC_Support/ewl/lib/armv7e-m/fpu\libm.a(e_exp.o)
 *(.glue_7)
 .glue_7        0x00000000        0x0 linker stubs
 *(.glue_7t)
 .glue_7t       0x00000000        0x0 linker stubs
 *(.eh_frame)
 *(.init)
 *(.fini)
                0x00006710                . = ALIGN (0x4)
                0x00006710                _etext = .

.vfp11_veneer   0x00006710        0x0
 .vfp11_veneer  0x00000000        0x0 linker stubs

.v4_bx          0x00006710        0x0
 .v4_bx         0x00000000        0x0 linker stubs

.iplt           0x00006710        0x0
 .iplt          0x00000000        0x0 ./Project_Settings/Startup_Code/kinetis_sysinit.o

.rel.dyn        0x00006710        0x0
 .rel.iplt      0x00000000        0x0 ./Project_Settings/Startup_Code/kinetis_sysinit.o

.ARM.extab
 *(.ARM.extab* .gnu.linkonce.armextab.*)

.ARM            0x00006710        0x0
                0x00006710                __exidx_start = .
 *(.ARM.exidx*)
                0x00006710                __exidx_end = .

.ctors          0x00006710        0x0
                0x00006710                __CTOR_LIST__ = .
 *crtbegin.o(.ctors)
 *(EXCLUDE_FILE(*crtend.o) .ctors)
 *(SORT(.ctors.*))
 *(.ctors)
                0x00006710                __CTOR_END__ = .

.dtors          0x00006710        0x0
                0x00006710                __DTOR_LIST__ = .
 *crtbegin.o(.dtors)
 *(EXCLUDE_FILE(*crtend.o) .dtors)
 *(SORT(.dtors.*))
 *(.dtors)
                0x00006710                __DTOR_END__ = .

.preinit_array  0x00006710        0x0
                0x00006710                PROVIDE (__preinit_array_start, .)
 *(.preinit_array*)
                0x00006710                PROVIDE (__preinit_array_end, .)

.init_array     0x00006710        0x0
                0x00006710                PROVIDE (__init_array_start, .)
 *(SORT(.init_array.*))
 *(.init_array*)
                0x00006710                PROVIDE (__init_array_end, .)

.fini_array     0x00006710        0x0
                0x00006710                PROVIDE (__fini_array_start, .)
 *(SORT(.fini_array.*))
 *(.fini_array*)
                0x00006710                PROVIDE (__fini_array_end, .)
                0x00006710                ___ROM_AT = .

.data           0x1fff0000       0x48 load address 0x00006710
                0x1fff0000                . = ALIGN (0x4)
                0x1fff0000                _sdata = .
 *(.data)
 *(.data*)
 .data.MyTerminalCallbackRecords
                0x1fff0000       0x48 ./Sources/TFC/TFC_Terminal.o
                0x1fff0000                MyTerminalCallbackRecords
                0x1fff0048                . = ALIGN (0x4)
                0x1fff0048                _edata = .
                0x00000048                ___data_size = (_edata - _sdata)
                0x00006758                ___m_data2_ROMStart = (___ROM_AT + SIZEOF (.data))

.igot.plt       0x1fff0048        0x0 load address 0x00006758
 .igot.plt      0x00000000        0x0 ./Project_Settings/Startup_Code/kinetis_sysinit.o

.user_data2     0x20000000        0x0 load address 0x00006758
                0x20000000                . = ALIGN (0x4)
                0x20000000                ___m_data2_RAMStart = .
 *(.data2)
                0x20000000                ___m_data2_RAMEnd = .
                0x20000000                . = ALIGN (0x4)
                0x00000000                ___m_data2_ROMSize = (___m_data2_RAMEnd - ___m_data2_RAMStart)
                0x20000000                . = ALIGN (0x4)

.bss            0x1fff0048      0xf10 load address 0x00006758
                0x1fff0048                __START_BSS = .
                0x1fff0048                PROVIDE (__bss_start__, __START_BSS)
 *(.bss)
 *(.bss*)
 .bss.argv      0x1fff0048        0x4 ./Project_Settings/Startup_Code/__arm_start.o
 .bss.DelayTimerTick
                0x1fff004c        0x4 ./Sources/TFC/TFC_SysTick.o
 .bss.StringBuffer
                0x1fff0050      0x100 ./Sources/TFC/TFC_Queue.o
 .bss.LineScanImageReady
                0x1fff0150        0x1 ./Sources/TFC/TFC_LineScanCamera.o
                0x1fff0150                LineScanImageReady
 .bss.CurrentADC0_State
                0x1fff0151        0x1 ./Sources/TFC/TFC_ADC.o
 .bss.CurrentADC1_State
                0x1fff0152        0x1 ./Sources/TFC/TFC_ADC.o
 .bss.CurrentLineScanPixel
                0x1fff0153        0x1 ./Sources/TFC/TFC_ADC.o
                0x1fff0153                CurrentLineScanPixel
 .bss.i         0x1fff0154        0x4 ./Sources/demo.o
                0x1fff0154                i
 .bss.__stdio_exit
                0x1fff0158        0x4 C:/Freescale/CW MCU v10.6/MCU/ARM_GCC_Support/ewl/lib/armv7e-m/fpu\libc.a(exit.o)
                0x1fff0158                __stdio_exit
 .bss.__console_exit
                0x1fff015c        0x4 C:/Freescale/CW MCU v10.6/MCU/ARM_GCC_Support/ewl/lib/armv7e-m/fpu\libc.a(exit.o)
                0x1fff015c                __console_exit
 .bss.__global_destructor_chain
                0x1fff0160        0x4 C:/Freescale/CW MCU v10.6/MCU/ARM_GCC_Support/ewl/lib/armv7e-m/fpu\librt.a(__arm_eabi_init.o)
                0x1fff0160                __global_destructor_chain
 .bss.__S_romp  0x1fff0164        0xc C:/Freescale/CW MCU v10.6/MCU/ARM_GCC_Support/ewl/lib/armv7e-m/fpu\librt.a(ROMCopy.o)
 *(COMMON)
 COMMON         0x1fff0170      0x898 ./Sources/TFC/TFC_UART.o
                0x1fff0170                SDA_SERIAL_INCOMING_QUEUE
                0x1fff017c                SDA_SERIAL_OUTGOING_QUEUE
                0x1fff0188                SDA_SERIAL_INCOMING_QUEUE_Storage
                0x1fff0208                SDA_SERIAL_OUTGOING_QUEUE_Storage
 COMMON         0x1fff0a08       0x86 ./Sources/TFC/TFC_Terminal.o
                0x1fff0a08                CmdFound
                0x1fff0a09                NextCharIn
                0x1fff0a0c                TerminalLineBuf
                0x1fff0a4c                TerminalArgs
                0x1fff0a6c                TerminalCmdBuf
                0x1fff0a8d                TerminalPos
 *fill*         0x1fff0a8e        0x2 00
 COMMON         0x1fff0a90       0x14 ./Sources/TFC/TFC_SysTick.o
                0x1fff0a90                TFC_Ticker
 COMMON         0x1fff0aa4        0x1 ./Sources/TFC/TFC_Servo.o
                0x1fff0aa4                ServoTickVar
 *fill*         0x1fff0aa5        0x3 00
 COMMON         0x1fff0aa8      0x20c ./Sources/TFC/TFC_LineScanCamera.o
                0x1fff0aa8                LineScanWorkingBuffer
                0x1fff0aac                LineScanImage0Buffer
                0x1fff0cac                LineScanImage0WorkingBuffer
                0x1fff0cb0                LineScanImage0
 COMMON         0x1fff0cb4        0xa ./Sources/TFC/TFC_ADC.o
                0x1fff0cb4                HBridge_Value
                0x1fff0cb8                PotADC_Value
                0x1fff0cbc                BatSenseADC_Value
 *fill*         0x1fff0cbe        0x2 00
 COMMON         0x1fff0cc0      0x294 ./Sources/demo.o
                0x1fff0cc0                packet
                0x1fff0eb4                vAver
                0x1fff0ebc                iq
                0x1fff0ec0                buff
                0x1fff0f24                interrupt_source
                0x1fff0f28                accel
                0x1fff0f30                z
                0x1fff0f34                aq
                0x1fff0f38                pixel
                0x1fff0f3c                exposureTime
                0x1fff0f40                gain
                0x1fff0f44                packet_index
                0x1fff0f48                iAver
                0x1fff0f50                e
 COMMON         0x1fff0f54        0x4 C:/Freescale/CW MCU v10.6/MCU/ARM_GCC_Support/ewl/lib/armv7e-m/fpu\libc.a(errno.o)
                0x1fff0f54                errno
                0x1fff0f58                . = ALIGN (0x4)
                0x1fff0f58                __END_BSS = .
                0x1fff0f58                PROVIDE (__bss_end__, __END_BSS)

._user_heap_stack
                0x1fff0f58     0x1000 load address 0x00007668
                0x1fff0f58                . = ALIGN (0x4)
                0x1fff0f58                PROVIDE (end, .)
                0x1fff0f58                PROVIDE (_end, .)
                0x1fff0f58                __heap_addr = .
                0x1fff1758                . = (. + __heap_size)
 *fill*         0x1fff0f58      0x800 00
                0x1fff1f58                . = (. + __stack_size)
 *fill*         0x1fff1758      0x800 00
                0x1fff1f58                . = ALIGN (0x4)
                0x00006758                _romp_at = ((___ROM_AT + SIZEOF (.data)) + SIZEOF (.user_data2))

.romp           0x20000000       0x24 load address 0x00006758
                0x00006758                __S_romp = _romp_at
                0x20000000        0x4 LONG 0x6710 ___ROM_AT
                0x20000004        0x4 LONG 0x1fff0000 _sdata
                0x20000008        0x4 LONG 0x48 ___data_size
                0x2000000c        0x4 LONG 0x6758 ___m_data2_ROMStart
                0x20000010        0x4 LONG 0x20000000 ___m_data2_RAMStart
                0x20000014        0x4 LONG 0x0 ___m_data2_ROMSize
                0x20000018        0x4 LONG 0x0
                0x2000001c        0x4 LONG 0x0
                0x20000020        0x4 LONG 0x0

.ARM.attributes
                0x00000000       0x3b
 *(.ARM.attributes)
 .ARM.attributes
                0x00000000       0x3b ./Project_Settings/Startup_Code/kinetis_sysinit.o
 .ARM.attributes
                0x0000003b       0x3b ./Project_Settings/Startup_Code/__arm_start.o
 .ARM.attributes
                0x00000076       0x3b ./Project_Settings/Startup_Code/__arm_end.o
 .ARM.attributes
                0x000000b1       0x3b ./Sources/TFC/TFC_arm_cm4.o
 .ARM.attributes
                0x000000ec       0x3b ./Sources/TFC/TFC_UART.o
 .ARM.attributes
                0x00000127       0x3b ./Sources/TFC/TFC_Terminal.o
 .ARM.attributes
                0x00000162       0x3b ./Sources/TFC/TFC_SysTick.o
 .ARM.attributes
                0x0000019d       0x3b ./Sources/TFC/TFC_Servo.o
 .ARM.attributes
                0x000001d8       0x3b ./Sources/TFC/TFC_Queue.o
 .ARM.attributes
                0x00000213       0x3b ./Sources/TFC/TFC_Motor.o
 .ARM.attributes
                0x0000024e       0x3b ./Sources/TFC/TFC_LineScanCamera.o
 .ARM.attributes
                0x00000289       0x3b ./Sources/TFC/TFC_CrystalClock.o
 .ARM.attributes
                0x000002c4       0x3b ./Sources/TFC/TFC_BoardSupport.o
 .ARM.attributes
                0x000002ff       0x3b ./Sources/TFC/TFC_ADC.o
 .ARM.attributes
                0x0000033a       0x3b ./Sources/TFC/TFC.o
 .ARM.attributes
                0x00000375       0x3b ./Sources/main.o
 .ARM.attributes
                0x000003b0       0x3b ./Sources/i2c.o
 .ARM.attributes
                0x000003eb       0x3b ./Sources/demo.o
 .ARM.attributes
                0x00000426       0x3b C:/Freescale/CW MCU v10.6/MCU/ARM_GCC_Support/ewl/lib/armv7e-m/fpu\libc.a(vsprintf.o)
 .ARM.attributes
                0x00000461       0x3b C:/Freescale/CW MCU v10.6/MCU/ARM_GCC_Support/ewl/lib/armv7e-m/fpu\libc.a(sscanf.o)
 .ARM.attributes
                0x0000049c       0x3b C:/Freescale/CW MCU v10.6/MCU/ARM_GCC_Support/ewl/lib/armv7e-m/fpu\libc.a(sprintf.o)
 .ARM.attributes
                0x000004d7       0x3b C:/Freescale/CW MCU v10.6/MCU/ARM_GCC_Support/ewl/lib/armv7e-m/fpu\libc.a(vsscanf.o)
 .ARM.attributes
                0x00000512       0x3b C:/Freescale/CW MCU v10.6/MCU/ARM_GCC_Support/ewl/lib/armv7e-m/fpu\libc.a(exit.o)
 .ARM.attributes
                0x0000054d       0x3b C:/Freescale/CW MCU v10.6/MCU/ARM_GCC_Support/ewl/lib/armv7e-m/fpu\libc.a(memset.o)
 .ARM.attributes
                0x00000588       0x3b C:/Freescale/CW MCU v10.6/MCU/ARM_GCC_Support/ewl/lib/armv7e-m/fpu\libc.a(__filll_mem.o)
 .ARM.attributes
                0x000005c3       0x3b C:/Freescale/CW MCU v10.6/MCU/ARM_GCC_Support/ewl/lib/armv7e-m/fpu\libc.a(strcpy.o)
 .ARM.attributes
                0x000005fe       0x3b C:/Freescale/CW MCU v10.6/MCU/ARM_GCC_Support/ewl/lib/armv7e-m/fpu\libc.a(strcmp.o)
 .ARM.attributes
                0x00000639       0x3b C:/Freescale/CW MCU v10.6/MCU/ARM_GCC_Support/ewl/lib/armv7e-m/fpu\libc.a(strlen.o)
 .ARM.attributes
                0x00000674       0x3b C:/Freescale/CW MCU v10.6/MCU/ARM_GCC_Support/ewl/lib/armv7e-m/fpu\libc.a(printformat_.o)
 .ARM.attributes
                0x000006af       0x3b C:/Freescale/CW MCU v10.6/MCU/ARM_GCC_Support/ewl/lib/armv7e-m/fpu\libc.a(scanformat_.o)
 .ARM.attributes
                0x000006ea       0x3b C:/Freescale/CW MCU v10.6/MCU/ARM_GCC_Support/ewl/lib/armv7e-m/fpu\libc.a(ctype_aeabi.o)
 .ARM.attributes
                0x00000725       0x3b C:/Freescale/CW MCU v10.6/MCU/ARM_GCC_Support/ewl/lib/armv7e-m/fpu\libc.a(vsnprintf.o)
 .ARM.attributes
                0x00000760       0x3b C:/Freescale/CW MCU v10.6/MCU/ARM_GCC_Support/ewl/lib/armv7e-m/fpu\libc.a(__strtoul.o)
 .ARM.attributes
                0x0000079b       0x3b C:/Freescale/CW MCU v10.6/MCU/ARM_GCC_Support/ewl/lib/armv7e-m/fpu\libc.a(strchr.o)
 .ARM.attributes
                0x000007d6       0x3b C:/Freescale/CW MCU v10.6/MCU/ARM_GCC_Support/ewl/lib/armv7e-m/fpu\libc.a(memcpy.o)
 .ARM.attributes
                0x00000811       0x3b C:/Freescale/CW MCU v10.6/MCU/ARM_GCC_Support/ewl/lib/armv7e-m/fpu\libc.a(memchr.o)
 .ARM.attributes
                0x0000084c       0x3b C:/Freescale/CW MCU v10.6/MCU/ARM_GCC_Support/ewl/lib/armv7e-m/fpu\libm.a(w_log.o)
 .ARM.attributes
                0x00000887       0x3b C:/Freescale/CW MCU v10.6/MCU/ARM_GCC_Support/ewl/lib/armv7e-m/fpu\libm.a(w_exp.o)
 .ARM.attributes
                0x000008c2       0x3b C:/Freescale/CW MCU v10.6/MCU/ARM_GCC_Support/ewl/lib/armv7e-m/fpu\libm.a(e_log.o)
 .ARM.attributes
                0x000008fd       0x3b C:/Freescale/CW MCU v10.6/MCU/ARM_GCC_Support/ewl/lib/armv7e-m/fpu\libm.a(e_exp.o)
 .ARM.attributes
                0x00000938       0x24 c:/freescale/cw mcu v10.6/cross_tools/arm-none-eabi-gcc-4_7_3/bin/../lib/gcc/arm-none-eabi/4.7.3/armv7e-m/fpu\libgcc.a(_arm_addsubdf3.o)
 .ARM.attributes
                0x0000095c       0x24 c:/freescale/cw mcu v10.6/cross_tools/arm-none-eabi-gcc-4_7_3/bin/../lib/gcc/arm-none-eabi/4.7.3/armv7e-m/fpu\libgcc.a(_arm_muldivdf3.o)
 .ARM.attributes
                0x00000980       0x24 c:/freescale/cw mcu v10.6/cross_tools/arm-none-eabi-gcc-4_7_3/bin/../lib/gcc/arm-none-eabi/4.7.3/armv7e-m/fpu\libgcc.a(_arm_cmpdf2.o)
 .ARM.attributes
                0x000009a4       0x24 c:/freescale/cw mcu v10.6/cross_tools/arm-none-eabi-gcc-4_7_3/bin/../lib/gcc/arm-none-eabi/4.7.3/armv7e-m/fpu\libgcc.a(_arm_fixdfsi.o)
 .ARM.attributes
                0x000009c8       0x24 c:/freescale/cw mcu v10.6/cross_tools/arm-none-eabi-gcc-4_7_3/bin/../lib/gcc/arm-none-eabi/4.7.3/armv7e-m/fpu\libgcc.a(_arm_truncdfsf2.o)
 .ARM.attributes
                0x000009ec       0x3b C:/Freescale/CW MCU v10.6/MCU/ARM_GCC_Support/ewl/lib/armv7e-m/fpu\librt.a(gcc_ctor_dtor.o)
 .ARM.attributes
                0x00000a27       0x3b C:/Freescale/CW MCU v10.6/MCU/ARM_GCC_Support/ewl/lib/armv7e-m/fpu\librt.a(__arm_eabi_init.o)
 .ARM.attributes
                0x00000a62       0x3b C:/Freescale/CW MCU v10.6/MCU/ARM_GCC_Support/ewl/lib/armv7e-m/fpu\librt.a(ROMCopy.o)
 .ARM.attributes
                0x00000a9d       0x3b C:/Freescale/CW MCU v10.6/MCU/ARM_GCC_Support/ewl/lib/armv7e-m/fpu\libc.a(errno.o)
OUTPUT(daMigrator.elf elf32-littlearm)

.debug_info     0x00000000     0x7c2b
 .debug_info    0x00000000      0x387 ./Project_Settings/Startup_Code/kinetis_sysinit.o
 .debug_info    0x00000387      0x12a ./Project_Settings/Startup_Code/__arm_start.o
 .debug_info    0x000004b1       0x54 ./Project_Settings/Startup_Code/__arm_end.o
 .debug_info    0x00000505      0x4a5 ./Sources/TFC/TFC_arm_cm4.o
 .debug_info    0x000009aa      0xa4d ./Sources/TFC/TFC_UART.o
 .debug_info    0x000013f7      0x487 ./Sources/TFC/TFC_Terminal.o
 .debug_info    0x0000187e      0x1b0 ./Sources/TFC/TFC_SysTick.o
 .debug_info    0x00001a2e      0x5c5 ./Sources/TFC/TFC_Servo.o
 .debug_info    0x00001ff3      0x302 ./Sources/TFC/TFC_Queue.o
 .debug_info    0x000022f5      0x580 ./Sources/TFC/TFC_Motor.o
 .debug_info    0x00002875      0x388 ./Sources/TFC/TFC_LineScanCamera.o
 .debug_info    0x00002bfd      0x39e ./Sources/TFC/TFC_CrystalClock.o
 .debug_info    0x00002f9b      0x449 ./Sources/TFC/TFC_BoardSupport.o
 .debug_info    0x000033e4      0xd77 ./Sources/TFC/TFC_ADC.o
 .debug_info    0x0000415b      0x128 ./Sources/TFC/TFC.o
 .debug_info    0x00004283      0x26a ./Sources/main.o
 .debug_info    0x000044ed      0x5d4 ./Sources/i2c.o
 .debug_info    0x00004ac1      0x349 ./Sources/demo.o
 .debug_info    0x00004e0a      0x12a C:/Freescale/CW MCU v10.6/MCU/ARM_GCC_Support/ewl/lib/armv7e-m/fpu\libc.a(vsprintf.o)
 .debug_info    0x00004f34      0x118 C:/Freescale/CW MCU v10.6/MCU/ARM_GCC_Support/ewl/lib/armv7e-m/fpu\libc.a(sscanf.o)
 .debug_info    0x0000504c      0x11e C:/Freescale/CW MCU v10.6/MCU/ARM_GCC_Support/ewl/lib/armv7e-m/fpu\libc.a(sprintf.o)
 .debug_info    0x0000516a      0x252 C:/Freescale/CW MCU v10.6/MCU/ARM_GCC_Support/ewl/lib/armv7e-m/fpu\libc.a(vsscanf.o)
 .debug_info    0x000053bc       0xe8 C:/Freescale/CW MCU v10.6/MCU/ARM_GCC_Support/ewl/lib/armv7e-m/fpu\libc.a(exit.o)
 .debug_info    0x000054a4       0xec C:/Freescale/CW MCU v10.6/MCU/ARM_GCC_Support/ewl/lib/armv7e-m/fpu\libc.a(memset.o)
 .debug_info    0x00005590      0x135 C:/Freescale/CW MCU v10.6/MCU/ARM_GCC_Support/ewl/lib/armv7e-m/fpu\libc.a(__filll_mem.o)
 .debug_info    0x000056c5      0x108 C:/Freescale/CW MCU v10.6/MCU/ARM_GCC_Support/ewl/lib/armv7e-m/fpu\libc.a(strcpy.o)
 .debug_info    0x000057cd      0x114 C:/Freescale/CW MCU v10.6/MCU/ARM_GCC_Support/ewl/lib/armv7e-m/fpu\libc.a(strcmp.o)
 .debug_info    0x000058e1       0xeb C:/Freescale/CW MCU v10.6/MCU/ARM_GCC_Support/ewl/lib/armv7e-m/fpu\libc.a(strlen.o)
 .debug_info    0x000059cc      0x50e C:/Freescale/CW MCU v10.6/MCU/ARM_GCC_Support/ewl/lib/armv7e-m/fpu\libc.a(printformat_.o)
 .debug_info    0x00005eda      0x565 C:/Freescale/CW MCU v10.6/MCU/ARM_GCC_Support/ewl/lib/armv7e-m/fpu\libc.a(scanformat_.o)
 .debug_info    0x0000643f      0x306 C:/Freescale/CW MCU v10.6/MCU/ARM_GCC_Support/ewl/lib/armv7e-m/fpu\libc.a(ctype_aeabi.o)
 .debug_info    0x00006745      0x205 C:/Freescale/CW MCU v10.6/MCU/ARM_GCC_Support/ewl/lib/armv7e-m/fpu\libc.a(vsnprintf.o)
 .debug_info    0x0000694a      0x1d6 C:/Freescale/CW MCU v10.6/MCU/ARM_GCC_Support/ewl/lib/armv7e-m/fpu\libc.a(__strtoul.o)
 .debug_info    0x00006b20      0x108 C:/Freescale/CW MCU v10.6/MCU/ARM_GCC_Support/ewl/lib/armv7e-m/fpu\libc.a(strchr.o)
 .debug_info    0x00006c28      0x10f C:/Freescale/CW MCU v10.6/MCU/ARM_GCC_Support/ewl/lib/armv7e-m/fpu\libc.a(memcpy.o)
 .debug_info    0x00006d37      0x120 C:/Freescale/CW MCU v10.6/MCU/ARM_GCC_Support/ewl/lib/armv7e-m/fpu\libc.a(memchr.o)
 .debug_info    0x00006e57       0xb2 C:/Freescale/CW MCU v10.6/MCU/ARM_GCC_Support/ewl/lib/armv7e-m/fpu\libm.a(w_log.o)
 .debug_info    0x00006f09       0xb2 C:/Freescale/CW MCU v10.6/MCU/ARM_GCC_Support/ewl/lib/armv7e-m/fpu\libm.a(w_exp.o)
 .debug_info    0x00006fbb      0x300 C:/Freescale/CW MCU v10.6/MCU/ARM_GCC_Support/ewl/lib/armv7e-m/fpu\libm.a(e_log.o)
 .debug_info    0x000072bb      0x325 C:/Freescale/CW MCU v10.6/MCU/ARM_GCC_Support/ewl/lib/armv7e-m/fpu\libm.a(e_exp.o)
 .debug_info    0x000075e0      0x136 C:/Freescale/CW MCU v10.6/MCU/ARM_GCC_Support/ewl/lib/armv7e-m/fpu\librt.a(gcc_ctor_dtor.o)
 .debug_info    0x00007716      0x2de C:/Freescale/CW MCU v10.6/MCU/ARM_GCC_Support/ewl/lib/armv7e-m/fpu\librt.a(__arm_eabi_init.o)
 .debug_info    0x000079f4      0x19a C:/Freescale/CW MCU v10.6/MCU/ARM_GCC_Support/ewl/lib/armv7e-m/fpu\librt.a(ROMCopy.o)
 .debug_info    0x00007b8e       0x9d C:/Freescale/CW MCU v10.6/MCU/ARM_GCC_Support/ewl/lib/armv7e-m/fpu\libc.a(errno.o)

.debug_abbrev   0x00000000     0x26a8
 .debug_abbrev  0x00000000       0xf6 ./Project_Settings/Startup_Code/kinetis_sysinit.o
 .debug_abbrev  0x000000f6       0x92 ./Project_Settings/Startup_Code/__arm_start.o
 .debug_abbrev  0x00000188       0x4c ./Project_Settings/Startup_Code/__arm_end.o
 .debug_abbrev  0x000001d4      0x128 ./Sources/TFC/TFC_arm_cm4.o
 .debug_abbrev  0x000002fc      0x194 ./Sources/TFC/TFC_UART.o
 .debug_abbrev  0x00000490      0x143 ./Sources/TFC/TFC_Terminal.o
 .debug_abbrev  0x000005d3      0x10e ./Sources/TFC/TFC_SysTick.o
 .debug_abbrev  0x000006e1      0x100 ./Sources/TFC/TFC_Servo.o
 .debug_abbrev  0x000007e1      0x107 ./Sources/TFC/TFC_Queue.o
 .debug_abbrev  0x000008e8       0xef ./Sources/TFC/TFC_Motor.o
 .debug_abbrev  0x000009d7      0x106 ./Sources/TFC/TFC_LineScanCamera.o
 .debug_abbrev  0x00000add       0xbc ./Sources/TFC/TFC_CrystalClock.o
 .debug_abbrev  0x00000b99       0xf7 ./Sources/TFC/TFC_BoardSupport.o
 .debug_abbrev  0x00000c90      0x1b5 ./Sources/TFC/TFC_ADC.o
 .debug_abbrev  0x00000e45       0x83 ./Sources/TFC/TFC.o
 .debug_abbrev  0x00000ec8       0xd9 ./Sources/main.o
 .debug_abbrev  0x00000fa1      0x13d ./Sources/i2c.o
 .debug_abbrev  0x000010de      0x102 ./Sources/demo.o
 .debug_abbrev  0x000011e0       0x9d C:/Freescale/CW MCU v10.6/MCU/ARM_GCC_Support/ewl/lib/armv7e-m/fpu\libc.a(vsprintf.o)
 .debug_abbrev  0x0000127d       0xb1 C:/Freescale/CW MCU v10.6/MCU/ARM_GCC_Support/ewl/lib/armv7e-m/fpu\libc.a(sscanf.o)
 .debug_abbrev  0x0000132e       0xb1 C:/Freescale/CW MCU v10.6/MCU/ARM_GCC_Support/ewl/lib/armv7e-m/fpu\libc.a(sprintf.o)
 .debug_abbrev  0x000013df      0x15f C:/Freescale/CW MCU v10.6/MCU/ARM_GCC_Support/ewl/lib/armv7e-m/fpu\libc.a(vsscanf.o)
 .debug_abbrev  0x0000153e       0x7a C:/Freescale/CW MCU v10.6/MCU/ARM_GCC_Support/ewl/lib/armv7e-m/fpu\libc.a(exit.o)
 .debug_abbrev  0x000015b8       0x62 C:/Freescale/CW MCU v10.6/MCU/ARM_GCC_Support/ewl/lib/armv7e-m/fpu\libc.a(memset.o)
 .debug_abbrev  0x0000161a       0x87 C:/Freescale/CW MCU v10.6/MCU/ARM_GCC_Support/ewl/lib/armv7e-m/fpu\libc.a(__filll_mem.o)
 .debug_abbrev  0x000016a1       0x78 C:/Freescale/CW MCU v10.6/MCU/ARM_GCC_Support/ewl/lib/armv7e-m/fpu\libc.a(strcpy.o)
 .debug_abbrev  0x00001719       0x89 C:/Freescale/CW MCU v10.6/MCU/ARM_GCC_Support/ewl/lib/armv7e-m/fpu\libc.a(strcmp.o)
 .debug_abbrev  0x000017a2       0x7a C:/Freescale/CW MCU v10.6/MCU/ARM_GCC_Support/ewl/lib/armv7e-m/fpu\libc.a(strlen.o)
 .debug_abbrev  0x0000181c      0x200 C:/Freescale/CW MCU v10.6/MCU/ARM_GCC_Support/ewl/lib/armv7e-m/fpu\libc.a(printformat_.o)
 .debug_abbrev  0x00001a1c      0x1f0 C:/Freescale/CW MCU v10.6/MCU/ARM_GCC_Support/ewl/lib/armv7e-m/fpu\libc.a(scanformat_.o)
 .debug_abbrev  0x00001c0c       0x85 C:/Freescale/CW MCU v10.6/MCU/ARM_GCC_Support/ewl/lib/armv7e-m/fpu\libc.a(ctype_aeabi.o)
 .debug_abbrev  0x00001c91       0xf0 C:/Freescale/CW MCU v10.6/MCU/ARM_GCC_Support/ewl/lib/armv7e-m/fpu\libc.a(vsnprintf.o)
 .debug_abbrev  0x00001d81       0xc2 C:/Freescale/CW MCU v10.6/MCU/ARM_GCC_Support/ewl/lib/armv7e-m/fpu\libc.a(__strtoul.o)
 .debug_abbrev  0x00001e43       0x89 C:/Freescale/CW MCU v10.6/MCU/ARM_GCC_Support/ewl/lib/armv7e-m/fpu\libc.a(strchr.o)
 .debug_abbrev  0x00001ecc       0x95 C:/Freescale/CW MCU v10.6/MCU/ARM_GCC_Support/ewl/lib/armv7e-m/fpu\libc.a(memcpy.o)
 .debug_abbrev  0x00001f61       0x95 C:/Freescale/CW MCU v10.6/MCU/ARM_GCC_Support/ewl/lib/armv7e-m/fpu\libc.a(memchr.o)
 .debug_abbrev  0x00001ff6       0x59 C:/Freescale/CW MCU v10.6/MCU/ARM_GCC_Support/ewl/lib/armv7e-m/fpu\libm.a(w_log.o)
 .debug_abbrev  0x0000204f       0x59 C:/Freescale/CW MCU v10.6/MCU/ARM_GCC_Support/ewl/lib/armv7e-m/fpu\libm.a(w_exp.o)
 .debug_abbrev  0x000020a8       0xfb C:/Freescale/CW MCU v10.6/MCU/ARM_GCC_Support/ewl/lib/armv7e-m/fpu\libm.a(e_log.o)
 .debug_abbrev  0x000021a3      0x116 C:/Freescale/CW MCU v10.6/MCU/ARM_GCC_Support/ewl/lib/armv7e-m/fpu\libm.a(e_exp.o)
 .debug_abbrev  0x000022b9       0x99 C:/Freescale/CW MCU v10.6/MCU/ARM_GCC_Support/ewl/lib/armv7e-m/fpu\librt.a(gcc_ctor_dtor.o)
 .debug_abbrev  0x00002352      0x1db C:/Freescale/CW MCU v10.6/MCU/ARM_GCC_Support/ewl/lib/armv7e-m/fpu\librt.a(__arm_eabi_init.o)
 .debug_abbrev  0x0000252d      0x137 C:/Freescale/CW MCU v10.6/MCU/ARM_GCC_Support/ewl/lib/armv7e-m/fpu\librt.a(ROMCopy.o)
 .debug_abbrev  0x00002664       0x44 C:/Freescale/CW MCU v10.6/MCU/ARM_GCC_Support/ewl/lib/armv7e-m/fpu\libc.a(errno.o)

.debug_loc      0x00000000     0x36ad
 .debug_loc     0x00000000       0x58 ./Project_Settings/Startup_Code/kinetis_sysinit.o
 .debug_loc     0x00000058       0x2c ./Project_Settings/Startup_Code/__arm_start.o
 .debug_loc     0x00000084       0x38 ./Project_Settings/Startup_Code/__arm_end.o
 .debug_loc     0x000000bc      0x138 ./Sources/TFC/TFC_arm_cm4.o
 .debug_loc     0x000001f4      0x170 ./Sources/TFC/TFC_UART.o
 .debug_loc     0x00000364      0x218 ./Sources/TFC/TFC_Terminal.o
 .debug_loc     0x0000057c       0xd4 ./Sources/TFC/TFC_SysTick.o
 .debug_loc     0x00000650       0xc8 ./Sources/TFC/TFC_Servo.o
 .debug_loc     0x00000718      0x194 ./Sources/TFC/TFC_Queue.o
 .debug_loc     0x000008ac       0x64 ./Sources/TFC/TFC_Motor.o
 .debug_loc     0x00000910       0x64 ./Sources/TFC/TFC_LineScanCamera.o
 .debug_loc     0x00000974       0x2c ./Sources/TFC/TFC_CrystalClock.o
 .debug_loc     0x000009a0       0x9c ./Sources/TFC/TFC_BoardSupport.o
 .debug_loc     0x00000a3c      0x244 ./Sources/TFC/TFC_ADC.o
 .debug_loc     0x00000c80       0x58 ./Sources/TFC/TFC.o
 .debug_loc     0x00000cd8       0x90 ./Sources/main.o
 .debug_loc     0x00000d68      0x1a8 ./Sources/i2c.o
 .debug_loc     0x00000f10       0x70 ./Sources/demo.o
 .debug_loc     0x00000f80       0x64 C:/Freescale/CW MCU v10.6/MCU/ARM_GCC_Support/ewl/lib/armv7e-m/fpu\libc.a(vsprintf.o)
 .debug_loc     0x00000fe4       0x3f C:/Freescale/CW MCU v10.6/MCU/ARM_GCC_Support/ewl/lib/armv7e-m/fpu\libc.a(sscanf.o)
 .debug_loc     0x00001023       0x3f C:/Freescale/CW MCU v10.6/MCU/ARM_GCC_Support/ewl/lib/armv7e-m/fpu\libc.a(sprintf.o)
 .debug_loc     0x00001062      0x162 C:/Freescale/CW MCU v10.6/MCU/ARM_GCC_Support/ewl/lib/armv7e-m/fpu\libc.a(vsscanf.o)
 .debug_loc     0x000011c4       0x3e C:/Freescale/CW MCU v10.6/MCU/ARM_GCC_Support/ewl/lib/armv7e-m/fpu\libc.a(exit.o)
 .debug_loc     0x00001202       0x64 C:/Freescale/CW MCU v10.6/MCU/ARM_GCC_Support/ewl/lib/armv7e-m/fpu\libc.a(memset.o)
 .debug_loc     0x00001266      0x12c C:/Freescale/CW MCU v10.6/MCU/ARM_GCC_Support/ewl/lib/armv7e-m/fpu\libc.a(__filll_mem.o)
 .debug_loc     0x00001392       0x64 C:/Freescale/CW MCU v10.6/MCU/ARM_GCC_Support/ewl/lib/armv7e-m/fpu\libc.a(strcmp.o)
 .debug_loc     0x000013f6       0x26 C:/Freescale/CW MCU v10.6/MCU/ARM_GCC_Support/ewl/lib/armv7e-m/fpu\libc.a(strlen.o)
 .debug_loc     0x0000141c      0xbdc C:/Freescale/CW MCU v10.6/MCU/ARM_GCC_Support/ewl/lib/armv7e-m/fpu\libc.a(printformat_.o)
 .debug_loc     0x00001ff8      0x8b6 C:/Freescale/CW MCU v10.6/MCU/ARM_GCC_Support/ewl/lib/armv7e-m/fpu\libc.a(scanformat_.o)
 .debug_loc     0x000028ae      0x18e C:/Freescale/CW MCU v10.6/MCU/ARM_GCC_Support/ewl/lib/armv7e-m/fpu\libc.a(ctype_aeabi.o)
 .debug_loc     0x00002a3c      0x105 C:/Freescale/CW MCU v10.6/MCU/ARM_GCC_Support/ewl/lib/armv7e-m/fpu\libc.a(vsnprintf.o)
 .debug_loc     0x00002b41      0x2bb C:/Freescale/CW MCU v10.6/MCU/ARM_GCC_Support/ewl/lib/armv7e-m/fpu\libc.a(__strtoul.o)
 .debug_loc     0x00002dfc       0x7c C:/Freescale/CW MCU v10.6/MCU/ARM_GCC_Support/ewl/lib/armv7e-m/fpu\libc.a(strchr.o)
 .debug_loc     0x00002e78       0x59 C:/Freescale/CW MCU v10.6/MCU/ARM_GCC_Support/ewl/lib/armv7e-m/fpu\libc.a(memcpy.o)
 .debug_loc     0x00002ed1       0x62 C:/Freescale/CW MCU v10.6/MCU/ARM_GCC_Support/ewl/lib/armv7e-m/fpu\libc.a(memchr.o)
 .debug_loc     0x00002f33       0x1a C:/Freescale/CW MCU v10.6/MCU/ARM_GCC_Support/ewl/lib/armv7e-m/fpu\libm.a(w_log.o)
 .debug_loc     0x00002f4d       0x1a C:/Freescale/CW MCU v10.6/MCU/ARM_GCC_Support/ewl/lib/armv7e-m/fpu\libm.a(w_exp.o)
 .debug_loc     0x00002f67      0x27a C:/Freescale/CW MCU v10.6/MCU/ARM_GCC_Support/ewl/lib/armv7e-m/fpu\libm.a(e_log.o)
 .debug_loc     0x000031e1      0x232 C:/Freescale/CW MCU v10.6/MCU/ARM_GCC_Support/ewl/lib/armv7e-m/fpu\libm.a(e_exp.o)
 .debug_loc     0x00003413       0x9d C:/Freescale/CW MCU v10.6/MCU/ARM_GCC_Support/ewl/lib/armv7e-m/fpu\librt.a(gcc_ctor_dtor.o)
 .debug_loc     0x000034b0      0x144 C:/Freescale/CW MCU v10.6/MCU/ARM_GCC_Support/ewl/lib/armv7e-m/fpu\librt.a(__arm_eabi_init.o)
 .debug_loc     0x000035f4       0xb9 C:/Freescale/CW MCU v10.6/MCU/ARM_GCC_Support/ewl/lib/armv7e-m/fpu\librt.a(ROMCopy.o)

.debug_aranges  0x00000000      0x830
 .debug_aranges
                0x00000000       0x28 ./Project_Settings/Startup_Code/kinetis_sysinit.o
 .debug_aranges
                0x00000028       0x30 ./Project_Settings/Startup_Code/__arm_start.o
 .debug_aranges
                0x00000058       0x20 ./Project_Settings/Startup_Code/__arm_end.o
 .debug_aranges
                0x00000078       0x48 ./Sources/TFC/TFC_arm_cm4.o
 .debug_aranges
                0x000000c0       0x50 ./Sources/TFC/TFC_UART.o
 .debug_aranges
                0x00000110       0x68 ./Sources/TFC/TFC_Terminal.o
 .debug_aranges
                0x00000178       0x38 ./Sources/TFC/TFC_SysTick.o
 .debug_aranges
                0x000001b0       0x38 ./Sources/TFC/TFC_Servo.o
 .debug_aranges
                0x000001e8       0x50 ./Sources/TFC/TFC_Queue.o
 .debug_aranges
                0x00000238       0x28 ./Sources/TFC/TFC_Motor.o
 .debug_aranges
                0x00000260       0x28 ./Sources/TFC/TFC_LineScanCamera.o
 .debug_aranges
                0x00000288       0x20 ./Sources/TFC/TFC_CrystalClock.o
 .debug_aranges
                0x000002a8       0x30 ./Sources/TFC/TFC_BoardSupport.o
 .debug_aranges
                0x000002d8       0x70 ./Sources/TFC/TFC_ADC.o
 .debug_aranges
                0x00000348       0x28 ./Sources/TFC/TFC.o
 .debug_aranges
                0x00000370       0x30 ./Sources/main.o
 .debug_aranges
                0x000003a0       0x58 ./Sources/i2c.o
 .debug_aranges
                0x000003f8       0x28 ./Sources/demo.o
 .debug_aranges
                0x00000420       0x20 C:/Freescale/CW MCU v10.6/MCU/ARM_GCC_Support/ewl/lib/armv7e-m/fpu\libc.a(vsprintf.o)
 .debug_aranges
                0x00000440       0x20 C:/Freescale/CW MCU v10.6/MCU/ARM_GCC_Support/ewl/lib/armv7e-m/fpu\libc.a(sscanf.o)
 .debug_aranges
                0x00000460       0x20 C:/Freescale/CW MCU v10.6/MCU/ARM_GCC_Support/ewl/lib/armv7e-m/fpu\libc.a(sprintf.o)
 .debug_aranges
                0x00000480       0x28 C:/Freescale/CW MCU v10.6/MCU/ARM_GCC_Support/ewl/lib/armv7e-m/fpu\libc.a(vsscanf.o)
 .debug_aranges
                0x000004a8       0x20 C:/Freescale/CW MCU v10.6/MCU/ARM_GCC_Support/ewl/lib/armv7e-m/fpu\libc.a(exit.o)
 .debug_aranges
                0x000004c8       0x20 C:/Freescale/CW MCU v10.6/MCU/ARM_GCC_Support/ewl/lib/armv7e-m/fpu\libc.a(memset.o)
 .debug_aranges
                0x000004e8       0x20 C:/Freescale/CW MCU v10.6/MCU/ARM_GCC_Support/ewl/lib/armv7e-m/fpu\libc.a(__filll_mem.o)
 .debug_aranges
                0x00000508       0x20 C:/Freescale/CW MCU v10.6/MCU/ARM_GCC_Support/ewl/lib/armv7e-m/fpu\libc.a(strcpy.o)
 .debug_aranges
                0x00000528       0x20 C:/Freescale/CW MCU v10.6/MCU/ARM_GCC_Support/ewl/lib/armv7e-m/fpu\libc.a(strcmp.o)
 .debug_aranges
                0x00000548       0x20 C:/Freescale/CW MCU v10.6/MCU/ARM_GCC_Support/ewl/lib/armv7e-m/fpu\libc.a(strlen.o)
 .debug_aranges
                0x00000568       0x28 C:/Freescale/CW MCU v10.6/MCU/ARM_GCC_Support/ewl/lib/armv7e-m/fpu\libc.a(printformat_.o)
 .debug_aranges
                0x00000590       0x20 C:/Freescale/CW MCU v10.6/MCU/ARM_GCC_Support/ewl/lib/armv7e-m/fpu\libc.a(scanformat_.o)
 .debug_aranges
                0x000005b0       0x88 C:/Freescale/CW MCU v10.6/MCU/ARM_GCC_Support/ewl/lib/armv7e-m/fpu\libc.a(ctype_aeabi.o)
 .debug_aranges
                0x00000638       0x28 C:/Freescale/CW MCU v10.6/MCU/ARM_GCC_Support/ewl/lib/armv7e-m/fpu\libc.a(vsnprintf.o)
 .debug_aranges
                0x00000660       0x20 C:/Freescale/CW MCU v10.6/MCU/ARM_GCC_Support/ewl/lib/armv7e-m/fpu\libc.a(__strtoul.o)
 .debug_aranges
                0x00000680       0x20 C:/Freescale/CW MCU v10.6/MCU/ARM_GCC_Support/ewl/lib/armv7e-m/fpu\libc.a(strchr.o)
 .debug_aranges
                0x000006a0       0x20 C:/Freescale/CW MCU v10.6/MCU/ARM_GCC_Support/ewl/lib/armv7e-m/fpu\libc.a(memcpy.o)
 .debug_aranges
                0x000006c0       0x20 C:/Freescale/CW MCU v10.6/MCU/ARM_GCC_Support/ewl/lib/armv7e-m/fpu\libc.a(memchr.o)
 .debug_aranges
                0x000006e0       0x20 C:/Freescale/CW MCU v10.6/MCU/ARM_GCC_Support/ewl/lib/armv7e-m/fpu\libm.a(w_log.o)
 .debug_aranges
                0x00000700       0x20 C:/Freescale/CW MCU v10.6/MCU/ARM_GCC_Support/ewl/lib/armv7e-m/fpu\libm.a(w_exp.o)
 .debug_aranges
                0x00000720       0x20 C:/Freescale/CW MCU v10.6/MCU/ARM_GCC_Support/ewl/lib/armv7e-m/fpu\libm.a(e_log.o)
 .debug_aranges
                0x00000740       0x20 C:/Freescale/CW MCU v10.6/MCU/ARM_GCC_Support/ewl/lib/armv7e-m/fpu\libm.a(e_exp.o)
 .debug_aranges
                0x00000760       0x28 C:/Freescale/CW MCU v10.6/MCU/ARM_GCC_Support/ewl/lib/armv7e-m/fpu\librt.a(gcc_ctor_dtor.o)
 .debug_aranges
                0x00000788       0x60 C:/Freescale/CW MCU v10.6/MCU/ARM_GCC_Support/ewl/lib/armv7e-m/fpu\librt.a(__arm_eabi_init.o)
 .debug_aranges
                0x000007e8       0x30 C:/Freescale/CW MCU v10.6/MCU/ARM_GCC_Support/ewl/lib/armv7e-m/fpu\librt.a(ROMCopy.o)
 .debug_aranges
                0x00000818       0x18 C:/Freescale/CW MCU v10.6/MCU/ARM_GCC_Support/ewl/lib/armv7e-m/fpu\libc.a(errno.o)

.debug_macinfo  0x00000000   0x6371cc
 .debug_macinfo
                0x00000000    0x61d23 ./Project_Settings/Startup_Code/kinetis_sysinit.o
 .debug_macinfo
                0x00061d23     0x3f41 ./Project_Settings/Startup_Code/__arm_start.o
 .debug_macinfo
                0x00065c64     0x352a ./Project_Settings/Startup_Code/__arm_end.o
 .debug_macinfo
                0x0006918e    0x61ca2 ./Sources/TFC/TFC_arm_cm4.o
 .debug_macinfo
                0x000cae30    0x62d84 ./Sources/TFC/TFC_UART.o
 .debug_macinfo
                0x0012dbb4    0x62e18 ./Sources/TFC/TFC_Terminal.o
 .debug_macinfo
                0x001909cc    0x62d84 ./Sources/TFC/TFC_SysTick.o
 .debug_macinfo
                0x001f3750    0x62e33 ./Sources/TFC/TFC_Servo.o
 .debug_macinfo
                0x00256583    0x62d84 ./Sources/TFC/TFC_Queue.o
 .debug_macinfo
                0x002b9307    0x62dd7 ./Sources/TFC/TFC_Motor.o
 .debug_macinfo
                0x0031c0de    0x62d84 ./Sources/TFC/TFC_LineScanCamera.o
 .debug_macinfo
                0x0037ee62    0x62d84 ./Sources/TFC/TFC_CrystalClock.o
 .debug_macinfo
                0x003e1be6    0x62d84 ./Sources/TFC/TFC_BoardSupport.o
 .debug_macinfo
                0x0044496a    0x635ba ./Sources/TFC/TFC_ADC.o
 .debug_macinfo
                0x004a7f24    0x62d84 ./Sources/TFC/TFC.o
 .debug_macinfo
                0x0050aca8    0x653fb ./Sources/main.o
 .debug_macinfo
                0x005700a3    0x62293 ./Sources/i2c.o
 .debug_macinfo
                0x005d2336    0x64e96 ./Sources/demo.o

.debug_line     0x00000000     0x5a9f
 .debug_line    0x00000000      0x202 ./Project_Settings/Startup_Code/kinetis_sysinit.o
 .debug_line    0x00000202      0x285 ./Project_Settings/Startup_Code/__arm_start.o
 .debug_line    0x00000487      0x265 ./Project_Settings/Startup_Code/__arm_end.o
 .debug_line    0x000006ec      0x252 ./Sources/TFC/TFC_arm_cm4.o
 .debug_line    0x0000093e      0x458 ./Sources/TFC/TFC_UART.o
 .debug_line    0x00000d96      0x4f3 ./Sources/TFC/TFC_Terminal.o
 .debug_line    0x00001289      0x419 ./Sources/TFC/TFC_SysTick.o
 .debug_line    0x000016a2      0x41f ./Sources/TFC/TFC_Servo.o
 .debug_line    0x00001ac1      0x462 ./Sources/TFC/TFC_Queue.o
 .debug_line    0x00001f23      0x417 ./Sources/TFC/TFC_Motor.o
 .debug_line    0x0000233a      0x3eb ./Sources/TFC/TFC_LineScanCamera.o
 .debug_line    0x00002725      0x3ef ./Sources/TFC/TFC_CrystalClock.o
 .debug_line    0x00002b14      0x40d ./Sources/TFC/TFC_BoardSupport.o
 .debug_line    0x00002f21      0x52c ./Sources/TFC/TFC_ADC.o
 .debug_line    0x0000344d      0x3dc ./Sources/TFC/TFC.o
 .debug_line    0x00003829      0x4a6 ./Sources/main.o
 .debug_line    0x00003ccf      0x2de ./Sources/i2c.o
 .debug_line    0x00003fad      0x4e6 ./Sources/demo.o
 .debug_line    0x00004493       0x93 C:/Freescale/CW MCU v10.6/MCU/ARM_GCC_Support/ewl/lib/armv7e-m/fpu\libc.a(vsprintf.o)
 .debug_line    0x00004526       0x91 C:/Freescale/CW MCU v10.6/MCU/ARM_GCC_Support/ewl/lib/armv7e-m/fpu\libc.a(sscanf.o)
 .debug_line    0x000045b7       0x94 C:/Freescale/CW MCU v10.6/MCU/ARM_GCC_Support/ewl/lib/armv7e-m/fpu\libc.a(sprintf.o)
 .debug_line    0x0000464b       0xc3 C:/Freescale/CW MCU v10.6/MCU/ARM_GCC_Support/ewl/lib/armv7e-m/fpu\libc.a(vsscanf.o)
 .debug_line    0x0000470e       0x94 C:/Freescale/CW MCU v10.6/MCU/ARM_GCC_Support/ewl/lib/armv7e-m/fpu\libc.a(exit.o)
 .debug_line    0x000047a2       0x8f C:/Freescale/CW MCU v10.6/MCU/ARM_GCC_Support/ewl/lib/armv7e-m/fpu\libc.a(memset.o)
 .debug_line    0x00004831       0xcd C:/Freescale/CW MCU v10.6/MCU/ARM_GCC_Support/ewl/lib/armv7e-m/fpu\libc.a(__filll_mem.o)
 .debug_line    0x000048fe       0x7d C:/Freescale/CW MCU v10.6/MCU/ARM_GCC_Support/ewl/lib/armv7e-m/fpu\libc.a(strcpy.o)
 .debug_line    0x0000497b       0x82 C:/Freescale/CW MCU v10.6/MCU/ARM_GCC_Support/ewl/lib/armv7e-m/fpu\libc.a(strcmp.o)
 .debug_line    0x000049fd       0x83 C:/Freescale/CW MCU v10.6/MCU/ARM_GCC_Support/ewl/lib/armv7e-m/fpu\libc.a(strlen.o)
 .debug_line    0x00004a80      0x2b4 C:/Freescale/CW MCU v10.6/MCU/ARM_GCC_Support/ewl/lib/armv7e-m/fpu\libc.a(printformat_.o)
 .debug_line    0x00004d34      0x2df C:/Freescale/CW MCU v10.6/MCU/ARM_GCC_Support/ewl/lib/armv7e-m/fpu\libc.a(scanformat_.o)
 .debug_line    0x00005013      0x1a9 C:/Freescale/CW MCU v10.6/MCU/ARM_GCC_Support/ewl/lib/armv7e-m/fpu\libc.a(ctype_aeabi.o)
 .debug_line    0x000051bc       0xd1 C:/Freescale/CW MCU v10.6/MCU/ARM_GCC_Support/ewl/lib/armv7e-m/fpu\libc.a(vsnprintf.o)
 .debug_line    0x0000528d      0x11b C:/Freescale/CW MCU v10.6/MCU/ARM_GCC_Support/ewl/lib/armv7e-m/fpu\libc.a(__strtoul.o)
 .debug_line    0x000053a8       0x7d C:/Freescale/CW MCU v10.6/MCU/ARM_GCC_Support/ewl/lib/armv7e-m/fpu\libc.a(strchr.o)
 .debug_line    0x00005425       0x8b C:/Freescale/CW MCU v10.6/MCU/ARM_GCC_Support/ewl/lib/armv7e-m/fpu\libc.a(memcpy.o)
 .debug_line    0x000054b0       0x9f C:/Freescale/CW MCU v10.6/MCU/ARM_GCC_Support/ewl/lib/armv7e-m/fpu\libc.a(memchr.o)
 .debug_line    0x0000554f       0x75 C:/Freescale/CW MCU v10.6/MCU/ARM_GCC_Support/ewl/lib/armv7e-m/fpu\libm.a(w_log.o)
 .debug_line    0x000055c4       0x75 C:/Freescale/CW MCU v10.6/MCU/ARM_GCC_Support/ewl/lib/armv7e-m/fpu\libm.a(w_exp.o)
 .debug_line    0x00005639      0x105 C:/Freescale/CW MCU v10.6/MCU/ARM_GCC_Support/ewl/lib/armv7e-m/fpu\libm.a(e_log.o)
 .debug_line    0x0000573e       0xdf C:/Freescale/CW MCU v10.6/MCU/ARM_GCC_Support/ewl/lib/armv7e-m/fpu\libm.a(e_exp.o)
 .debug_line    0x0000581d       0x67 C:/Freescale/CW MCU v10.6/MCU/ARM_GCC_Support/ewl/lib/armv7e-m/fpu\librt.a(gcc_ctor_dtor.o)
 .debug_line    0x00005884      0x125 C:/Freescale/CW MCU v10.6/MCU/ARM_GCC_Support/ewl/lib/armv7e-m/fpu\librt.a(__arm_eabi_init.o)
 .debug_line    0x000059a9       0xa9 C:/Freescale/CW MCU v10.6/MCU/ARM_GCC_Support/ewl/lib/armv7e-m/fpu\librt.a(ROMCopy.o)
 .debug_line    0x00005a52       0x4d C:/Freescale/CW MCU v10.6/MCU/ARM_GCC_Support/ewl/lib/armv7e-m/fpu\libc.a(errno.o)

.debug_str      0x00000000     0x20a6
 .debug_str     0x00000000      0x25a ./Project_Settings/Startup_Code/kinetis_sysinit.o
                                0x281 (size before relaxing)
 .debug_str     0x0000025a       0x85 ./Project_Settings/Startup_Code/__arm_start.o
                                0x182 (size before relaxing)
 .debug_str     0x000002df       0x5b ./Project_Settings/Startup_Code/__arm_end.o
                                 0xba (size before relaxing)
 .debug_str     0x0000033a       0xc2 ./Sources/TFC/TFC_arm_cm4.o
                                0x262 (size before relaxing)
 .debug_str     0x000003fc      0x7d1 ./Sources/TFC/TFC_UART.o
                                0x924 (size before relaxing)
 .debug_str     0x00000bcd      0x1da ./Sources/TFC/TFC_Terminal.o
                                0x360 (size before relaxing)
 .debug_str     0x00000da7       0xa5 ./Sources/TFC/TFC_SysTick.o
                                0x1b3 (size before relaxing)
 .debug_str     0x00000e4c      0x11d ./Sources/TFC/TFC_Servo.o
                                0x342 (size before relaxing)
 .debug_str     0x00000f69       0xa4 ./Sources/TFC/TFC_Queue.o
                                0x20d (size before relaxing)
 .debug_str     0x0000100d       0x4a ./Sources/TFC/TFC_Motor.o
                                0x30f (size before relaxing)
 .debug_str     0x00001057       0xec ./Sources/TFC/TFC_LineScanCamera.o
                                0x2a8 (size before relaxing)
 .debug_str     0x00001143       0x55 ./Sources/TFC/TFC_CrystalClock.o
                                0x230 (size before relaxing)
 .debug_str     0x00001198       0x6f ./Sources/TFC/TFC_BoardSupport.o
                                0x2be (size before relaxing)
 .debug_str     0x00001207      0x23d ./Sources/TFC/TFC_ADC.o
                                0xa2f (size before relaxing)
 .debug_str     0x00001444       0x27 ./Sources/TFC/TFC.o
                                0x166 (size before relaxing)
 .debug_str     0x0000146b       0x44 ./Sources/main.o
                                0x1e9 (size before relaxing)
 .debug_str     0x000014af       0xce ./Sources/i2c.o
                                0x2d7 (size before relaxing)
 .debug_str     0x0000157d       0x7c ./Sources/demo.o
                                0x25e (size before relaxing)
 .debug_str     0x000015f9       0x3f C:/Freescale/CW MCU v10.6/MCU/ARM_GCC_Support/ewl/lib/armv7e-m/fpu\libc.a(vsprintf.o)
                                0x167 (size before relaxing)
 .debug_str     0x00001638       0x18 C:/Freescale/CW MCU v10.6/MCU/ARM_GCC_Support/ewl/lib/armv7e-m/fpu\libc.a(sscanf.o)
                                0x161 (size before relaxing)
 .debug_str     0x00001650       0x14 C:/Freescale/CW MCU v10.6/MCU/ARM_GCC_Support/ewl/lib/armv7e-m/fpu\libc.a(sprintf.o)
                                0x163 (size before relaxing)
 .debug_str     0x00001664       0x9c C:/Freescale/CW MCU v10.6/MCU/ARM_GCC_Support/ewl/lib/armv7e-m/fpu\libc.a(vsscanf.o)
                                0x1e5 (size before relaxing)
 .debug_str     0x00001700       0x2e C:/Freescale/CW MCU v10.6/MCU/ARM_GCC_Support/ewl/lib/armv7e-m/fpu\libc.a(exit.o)
                                0x157 (size before relaxing)
 .debug_str     0x0000172e       0x23 C:/Freescale/CW MCU v10.6/MCU/ARM_GCC_Support/ewl/lib/armv7e-m/fpu\libc.a(memset.o)
                                0x140 (size before relaxing)
 .debug_str     0x00001751       0x25 C:/Freescale/CW MCU v10.6/MCU/ARM_GCC_Support/ewl/lib/armv7e-m/fpu\libc.a(__filll_mem.o)
                                0x152 (size before relaxing)
 .debug_str     0x00001776       0x1c C:/Freescale/CW MCU v10.6/MCU/ARM_GCC_Support/ewl/lib/armv7e-m/fpu\libc.a(strcpy.o)
                                0x142 (size before relaxing)
 .debug_str     0x00001792       0x26 C:/Freescale/CW MCU v10.6/MCU/ARM_GCC_Support/ewl/lib/armv7e-m/fpu\libc.a(strcmp.o)
                                0x152 (size before relaxing)
 .debug_str     0x000017b8       0x1c C:/Freescale/CW MCU v10.6/MCU/ARM_GCC_Support/ewl/lib/armv7e-m/fpu\libc.a(strlen.o)
                                0x140 (size before relaxing)
 .debug_str     0x000017d4      0x218 C:/Freescale/CW MCU v10.6/MCU/ARM_GCC_Support/ewl/lib/armv7e-m/fpu\libc.a(printformat_.o)
                                0x3b3 (size before relaxing)
 .debug_str     0x000019ec      0x14b C:/Freescale/CW MCU v10.6/MCU/ARM_GCC_Support/ewl/lib/armv7e-m/fpu\libc.a(scanformat_.o)
                                0x3f9 (size before relaxing)
 .debug_str     0x00001b37       0x9d C:/Freescale/CW MCU v10.6/MCU/ARM_GCC_Support/ewl/lib/armv7e-m/fpu\libc.a(ctype_aeabi.o)
                                0x1bc (size before relaxing)
 .debug_str     0x00001bd4       0x7c C:/Freescale/CW MCU v10.6/MCU/ARM_GCC_Support/ewl/lib/armv7e-m/fpu\libc.a(vsnprintf.o)
                                0x1cc (size before relaxing)
 .debug_str     0x00001c50       0x61 C:/Freescale/CW MCU v10.6/MCU/ARM_GCC_Support/ewl/lib/armv7e-m/fpu\libc.a(__strtoul.o)
                                0x1fb (size before relaxing)
 .debug_str     0x00001cb1       0x1c C:/Freescale/CW MCU v10.6/MCU/ARM_GCC_Support/ewl/lib/armv7e-m/fpu\libc.a(strchr.o)
                                0x137 (size before relaxing)
 .debug_str     0x00001ccd       0x1c C:/Freescale/CW MCU v10.6/MCU/ARM_GCC_Support/ewl/lib/armv7e-m/fpu\libc.a(memcpy.o)
                                0x138 (size before relaxing)
 .debug_str     0x00001ce9       0x1c C:/Freescale/CW MCU v10.6/MCU/ARM_GCC_Support/ewl/lib/armv7e-m/fpu\libc.a(memchr.o)
                                0x148 (size before relaxing)
 .debug_str     0x00001d05       0x17 C:/Freescale/CW MCU v10.6/MCU/ARM_GCC_Support/ewl/lib/armv7e-m/fpu\libm.a(w_log.o)
                                0x125 (size before relaxing)
 .debug_str     0x00001d1c       0x11 C:/Freescale/CW MCU v10.6/MCU/ARM_GCC_Support/ewl/lib/armv7e-m/fpu\libm.a(w_exp.o)
                                0x125 (size before relaxing)
 .debug_str     0x00001d2d       0x51 C:/Freescale/CW MCU v10.6/MCU/ARM_GCC_Support/ewl/lib/armv7e-m/fpu\libm.a(e_log.o)
                                0x183 (size before relaxing)
 .debug_str     0x00001d7e       0x58 C:/Freescale/CW MCU v10.6/MCU/ARM_GCC_Support/ewl/lib/armv7e-m/fpu\libm.a(e_exp.o)
                                0x1ac (size before relaxing)
 .debug_str     0x00001dd6      0x126 C:/Freescale/CW MCU v10.6/MCU/ARM_GCC_Support/ewl/lib/armv7e-m/fpu\librt.a(gcc_ctor_dtor.o)
                                0x181 (size before relaxing)
 .debug_str     0x00001efc      0x102 C:/Freescale/CW MCU v10.6/MCU/ARM_GCC_Support/ewl/lib/armv7e-m/fpu\librt.a(__arm_eabi_init.o)
                                0x1bf (size before relaxing)
 .debug_str     0x00001ffe       0x96 C:/Freescale/CW MCU v10.6/MCU/ARM_GCC_Support/ewl/lib/armv7e-m/fpu\librt.a(ROMCopy.o)
                                0x13c (size before relaxing)
 .debug_str     0x00002094       0x12 C:/Freescale/CW MCU v10.6/MCU/ARM_GCC_Support/ewl/lib/armv7e-m/fpu\libc.a(errno.o)
                                0x12c (size before relaxing)

.comment        0x00000000       0x79
 .comment       0x00000000       0x79 ./Project_Settings/Startup_Code/kinetis_sysinit.o
                                 0x7a (size before relaxing)
 .comment       0x00000000       0x7a ./Project_Settings/Startup_Code/__arm_start.o
 .comment       0x00000000       0x7a ./Project_Settings/Startup_Code/__arm_end.o
 .comment       0x00000000       0x7a ./Sources/TFC/TFC_arm_cm4.o
 .comment       0x00000000       0x7a ./Sources/TFC/TFC_UART.o
 .comment       0x00000000       0x7a ./Sources/TFC/TFC_Terminal.o
 .comment       0x00000000       0x7a ./Sources/TFC/TFC_SysTick.o
 .comment       0x00000000       0x7a ./Sources/TFC/TFC_Servo.o
 .comment       0x00000000       0x7a ./Sources/TFC/TFC_Queue.o
 .comment       0x00000000       0x7a ./Sources/TFC/TFC_Motor.o
 .comment       0x00000000       0x7a ./Sources/TFC/TFC_LineScanCamera.o
 .comment       0x00000000       0x7a ./Sources/TFC/TFC_CrystalClock.o
 .comment       0x00000000       0x7a ./Sources/TFC/TFC_BoardSupport.o
 .comment       0x00000000       0x7a ./Sources/TFC/TFC_ADC.o
 .comment       0x00000000       0x7a ./Sources/TFC/TFC.o
 .comment       0x00000000       0x7a ./Sources/main.o
 .comment       0x00000000       0x7a ./Sources/i2c.o
 .comment       0x00000000       0x7a ./Sources/demo.o
 .comment       0x00000000       0x7a C:/Freescale/CW MCU v10.6/MCU/ARM_GCC_Support/ewl/lib/armv7e-m/fpu\libc.a(vsprintf.o)
 .comment       0x00000000       0x7a C:/Freescale/CW MCU v10.6/MCU/ARM_GCC_Support/ewl/lib/armv7e-m/fpu\libc.a(sscanf.o)
 .comment       0x00000000       0x7a C:/Freescale/CW MCU v10.6/MCU/ARM_GCC_Support/ewl/lib/armv7e-m/fpu\libc.a(sprintf.o)
 .comment       0x00000000       0x7a C:/Freescale/CW MCU v10.6/MCU/ARM_GCC_Support/ewl/lib/armv7e-m/fpu\libc.a(vsscanf.o)
 .comment       0x00000000       0x7a C:/Freescale/CW MCU v10.6/MCU/ARM_GCC_Support/ewl/lib/armv7e-m/fpu\libc.a(exit.o)
 .comment       0x00000000       0x7a C:/Freescale/CW MCU v10.6/MCU/ARM_GCC_Support/ewl/lib/armv7e-m/fpu\libc.a(memset.o)
 .comment       0x00000000       0x7a C:/Freescale/CW MCU v10.6/MCU/ARM_GCC_Support/ewl/lib/armv7e-m/fpu\libc.a(__filll_mem.o)
 .comment       0x00000000       0x7a C:/Freescale/CW MCU v10.6/MCU/ARM_GCC_Support/ewl/lib/armv7e-m/fpu\libc.a(strcpy.o)
 .comment       0x00000000       0x7a C:/Freescale/CW MCU v10.6/MCU/ARM_GCC_Support/ewl/lib/armv7e-m/fpu\libc.a(strcmp.o)
 .comment       0x00000000       0x7a C:/Freescale/CW MCU v10.6/MCU/ARM_GCC_Support/ewl/lib/armv7e-m/fpu\libc.a(strlen.o)
 .comment       0x00000000       0x7a C:/Freescale/CW MCU v10.6/MCU/ARM_GCC_Support/ewl/lib/armv7e-m/fpu\libc.a(printformat_.o)
 .comment       0x00000000       0x7a C:/Freescale/CW MCU v10.6/MCU/ARM_GCC_Support/ewl/lib/armv7e-m/fpu\libc.a(scanformat_.o)
 .comment       0x00000000       0x7a C:/Freescale/CW MCU v10.6/MCU/ARM_GCC_Support/ewl/lib/armv7e-m/fpu\libc.a(ctype_aeabi.o)
 .comment       0x00000000       0x7a C:/Freescale/CW MCU v10.6/MCU/ARM_GCC_Support/ewl/lib/armv7e-m/fpu\libc.a(vsnprintf.o)
 .comment       0x00000000       0x7a C:/Freescale/CW MCU v10.6/MCU/ARM_GCC_Support/ewl/lib/armv7e-m/fpu\libc.a(__strtoul.o)
 .comment       0x00000000       0x7a C:/Freescale/CW MCU v10.6/MCU/ARM_GCC_Support/ewl/lib/armv7e-m/fpu\libc.a(strchr.o)
 .comment       0x00000000       0x7a C:/Freescale/CW MCU v10.6/MCU/ARM_GCC_Support/ewl/lib/armv7e-m/fpu\libc.a(memcpy.o)
 .comment       0x00000000       0x7a C:/Freescale/CW MCU v10.6/MCU/ARM_GCC_Support/ewl/lib/armv7e-m/fpu\libc.a(memchr.o)
 .comment       0x00000000       0x7a C:/Freescale/CW MCU v10.6/MCU/ARM_GCC_Support/ewl/lib/armv7e-m/fpu\libm.a(w_log.o)
 .comment       0x00000000       0x7a C:/Freescale/CW MCU v10.6/MCU/ARM_GCC_Support/ewl/lib/armv7e-m/fpu\libm.a(w_exp.o)
 .comment       0x00000000       0x7a C:/Freescale/CW MCU v10.6/MCU/ARM_GCC_Support/ewl/lib/armv7e-m/fpu\libm.a(e_log.o)
 .comment       0x00000000       0x7a C:/Freescale/CW MCU v10.6/MCU/ARM_GCC_Support/ewl/lib/armv7e-m/fpu\libm.a(e_exp.o)
 .comment       0x00000000       0x7a C:/Freescale/CW MCU v10.6/MCU/ARM_GCC_Support/ewl/lib/armv7e-m/fpu\librt.a(gcc_ctor_dtor.o)
 .comment       0x00000000       0x7a C:/Freescale/CW MCU v10.6/MCU/ARM_GCC_Support/ewl/lib/armv7e-m/fpu\librt.a(__arm_eabi_init.o)
 .comment       0x00000000       0x7a C:/Freescale/CW MCU v10.6/MCU/ARM_GCC_Support/ewl/lib/armv7e-m/fpu\librt.a(ROMCopy.o)
 .comment       0x00000000       0x7a C:/Freescale/CW MCU v10.6/MCU/ARM_GCC_Support/ewl/lib/armv7e-m/fpu\libc.a(errno.o)

.debug_frame    0x00000000      0xffc
 .debug_frame   0x00000000       0x40 ./Project_Settings/Startup_Code/kinetis_sysinit.o
 .debug_frame   0x00000040       0x4c ./Project_Settings/Startup_Code/__arm_start.o
 .debug_frame   0x0000008c       0x2c ./Project_Settings/Startup_Code/__arm_end.o
 .debug_frame   0x000000b8       0xb4 ./Sources/TFC/TFC_arm_cm4.o
 .debug_frame   0x0000016c       0xd8 ./Sources/TFC/TFC_UART.o
 .debug_frame   0x00000244      0x148 ./Sources/TFC/TFC_Terminal.o
 .debug_frame   0x0000038c       0x7c ./Sources/TFC/TFC_SysTick.o
 .debug_frame   0x00000408       0x7c ./Sources/TFC/TFC_Servo.o
 .debug_frame   0x00000484       0xf0 ./Sources/TFC/TFC_Queue.o
 .debug_frame   0x00000574       0x44 ./Sources/TFC/TFC_Motor.o
 .debug_frame   0x000005b8       0x48 ./Sources/TFC/TFC_LineScanCamera.o
 .debug_frame   0x00000600       0x28 ./Sources/TFC/TFC_CrystalClock.o
 .debug_frame   0x00000628       0x60 ./Sources/TFC/TFC_BoardSupport.o
 .debug_frame   0x00000688      0x14c ./Sources/TFC/TFC_ADC.o
 .debug_frame   0x000007d4       0x48 ./Sources/TFC/TFC.o
 .debug_frame   0x0000081c       0x64 ./Sources/main.o
 .debug_frame   0x00000880       0xfc ./Sources/i2c.o
 .debug_frame   0x0000097c       0x58 ./Sources/demo.o
 .debug_frame   0x000009d4       0x28 C:/Freescale/CW MCU v10.6/MCU/ARM_GCC_Support/ewl/lib/armv7e-m/fpu\libc.a(vsprintf.o)
 .debug_frame   0x000009fc       0x34 C:/Freescale/CW MCU v10.6/MCU/ARM_GCC_Support/ewl/lib/armv7e-m/fpu\libc.a(sscanf.o)
 .debug_frame   0x00000a30       0x34 C:/Freescale/CW MCU v10.6/MCU/ARM_GCC_Support/ewl/lib/armv7e-m/fpu\libc.a(sprintf.o)
 .debug_frame   0x00000a64       0x40 C:/Freescale/CW MCU v10.6/MCU/ARM_GCC_Support/ewl/lib/armv7e-m/fpu\libc.a(vsscanf.o)
 .debug_frame   0x00000aa4       0x28 C:/Freescale/CW MCU v10.6/MCU/ARM_GCC_Support/ewl/lib/armv7e-m/fpu\libc.a(exit.o)
 .debug_frame   0x00000acc       0x28 C:/Freescale/CW MCU v10.6/MCU/ARM_GCC_Support/ewl/lib/armv7e-m/fpu\libc.a(memset.o)
 .debug_frame   0x00000af4       0x2c C:/Freescale/CW MCU v10.6/MCU/ARM_GCC_Support/ewl/lib/armv7e-m/fpu\libc.a(__filll_mem.o)
 .debug_frame   0x00000b20       0x20 C:/Freescale/CW MCU v10.6/MCU/ARM_GCC_Support/ewl/lib/armv7e-m/fpu\libc.a(strcpy.o)
 .debug_frame   0x00000b40       0x28 C:/Freescale/CW MCU v10.6/MCU/ARM_GCC_Support/ewl/lib/armv7e-m/fpu\libc.a(strcmp.o)
 .debug_frame   0x00000b68       0x20 C:/Freescale/CW MCU v10.6/MCU/ARM_GCC_Support/ewl/lib/armv7e-m/fpu\libc.a(strlen.o)
 .debug_frame   0x00000b88       0x64 C:/Freescale/CW MCU v10.6/MCU/ARM_GCC_Support/ewl/lib/armv7e-m/fpu\libc.a(printformat_.o)
 .debug_frame   0x00000bec       0x3c C:/Freescale/CW MCU v10.6/MCU/ARM_GCC_Support/ewl/lib/armv7e-m/fpu\libc.a(scanformat_.o)
 .debug_frame   0x00000c28       0xf0 C:/Freescale/CW MCU v10.6/MCU/ARM_GCC_Support/ewl/lib/armv7e-m/fpu\libc.a(ctype_aeabi.o)
 .debug_frame   0x00000d18       0x4c C:/Freescale/CW MCU v10.6/MCU/ARM_GCC_Support/ewl/lib/armv7e-m/fpu\libc.a(vsnprintf.o)
 .debug_frame   0x00000d64       0x3c C:/Freescale/CW MCU v10.6/MCU/ARM_GCC_Support/ewl/lib/armv7e-m/fpu\libc.a(__strtoul.o)
 .debug_frame   0x00000da0       0x20 C:/Freescale/CW MCU v10.6/MCU/ARM_GCC_Support/ewl/lib/armv7e-m/fpu\libc.a(strchr.o)
 .debug_frame   0x00000dc0       0x28 C:/Freescale/CW MCU v10.6/MCU/ARM_GCC_Support/ewl/lib/armv7e-m/fpu\libc.a(memcpy.o)
 .debug_frame   0x00000de8       0x20 C:/Freescale/CW MCU v10.6/MCU/ARM_GCC_Support/ewl/lib/armv7e-m/fpu\libc.a(memchr.o)
 .debug_frame   0x00000e08       0x20 C:/Freescale/CW MCU v10.6/MCU/ARM_GCC_Support/ewl/lib/armv7e-m/fpu\libm.a(w_log.o)
 .debug_frame   0x00000e28       0x20 C:/Freescale/CW MCU v10.6/MCU/ARM_GCC_Support/ewl/lib/armv7e-m/fpu\libm.a(w_exp.o)
 .debug_frame   0x00000e48       0x38 C:/Freescale/CW MCU v10.6/MCU/ARM_GCC_Support/ewl/lib/armv7e-m/fpu\libm.a(e_log.o)
 .debug_frame   0x00000e80       0x38 C:/Freescale/CW MCU v10.6/MCU/ARM_GCC_Support/ewl/lib/armv7e-m/fpu\libm.a(e_exp.o)
 .debug_frame   0x00000eb8       0x40 C:/Freescale/CW MCU v10.6/MCU/ARM_GCC_Support/ewl/lib/armv7e-m/fpu\librt.a(gcc_ctor_dtor.o)
 .debug_frame   0x00000ef8       0xbc C:/Freescale/CW MCU v10.6/MCU/ARM_GCC_Support/ewl/lib/armv7e-m/fpu\librt.a(__arm_eabi_init.o)
 .debug_frame   0x00000fb4       0x48 C:/Freescale/CW MCU v10.6/MCU/ARM_GCC_Support/ewl/lib/armv7e-m/fpu\librt.a(ROMCopy.o)
