Archive member included because of file (symbol)

C:/Freescale/CW MCU v10.6/MCU/ARM_GCC_Support/ewl/lib/armv7e-m/fpu\libc.a(vsprintf.o)
                              ./Sources/TFC/TFC_Queue.o (vsprintf)
C:/Freescale/CW MCU v10.6/MCU/ARM_GCC_Support/ewl/lib/armv7e-m/fpu\libc.a(puts.o)
                              ./Sources/TFC/TFC_arm_cm4.o (puts)
C:/Freescale/CW MCU v10.6/MCU/ARM_GCC_Support/ewl/lib/armv7e-m/fpu\libc.a(sscanf.o)
                              ./Sources/TFC/TFC_Terminal.o (sscanf)
C:/Freescale/CW MCU v10.6/MCU/ARM_GCC_Support/ewl/lib/armv7e-m/fpu\libc.a(__putchar.o)
                              C:/Freescale/CW MCU v10.6/MCU/ARM_GCC_Support/ewl/lib/armv7e-m/fpu\libc.a(puts.o) (__put_char)
C:/Freescale/CW MCU v10.6/MCU/ARM_GCC_Support/ewl/lib/armv7e-m/fpu\libc.a(__buffer_io.o)
                              C:/Freescale/CW MCU v10.6/MCU/ARM_GCC_Support/ewl/lib/armv7e-m/fpu\libc.a(__putchar.o) (__prep_buffer)
C:/Freescale/CW MCU v10.6/MCU/ARM_GCC_Support/ewl/lib/armv7e-m/fpu\libc.a(sprintf.o)
                              ./Sources/demo.o (sprintf)
C:/Freescale/CW MCU v10.6/MCU/ARM_GCC_Support/ewl/lib/armv7e-m/fpu\libc.a(vsscanf.o)
                              C:/Freescale/CW MCU v10.6/MCU/ARM_GCC_Support/ewl/lib/armv7e-m/fpu\libc.a(sscanf.o) (vsscanf)
C:/Freescale/CW MCU v10.6/MCU/ARM_GCC_Support/ewl/lib/armv7e-m/fpu\libc.a(exit.o)
                              ./Project_Settings/Startup_Code/__arm_start.o (exit)
C:/Freescale/CW MCU v10.6/MCU/ARM_GCC_Support/ewl/lib/armv7e-m/fpu\libc.a(memset.o)
                              ./Project_Settings/Startup_Code/__arm_start.o (memset)
C:/Freescale/CW MCU v10.6/MCU/ARM_GCC_Support/ewl/lib/armv7e-m/fpu\libc.a(__filll_mem.o)
                              C:/Freescale/CW MCU v10.6/MCU/ARM_GCC_Support/ewl/lib/armv7e-m/fpu\libc.a(memset.o) (__fill_mem)
C:/Freescale/CW MCU v10.6/MCU/ARM_GCC_Support/ewl/lib/armv7e-m/fpu\libc.a(strcpy.o)
                              ./Sources/TFC/TFC_Terminal.o (strcpy)
C:/Freescale/CW MCU v10.6/MCU/ARM_GCC_Support/ewl/lib/armv7e-m/fpu\libc.a(strcmp.o)
                              ./Sources/TFC/TFC_Terminal.o (strcmp)
C:/Freescale/CW MCU v10.6/MCU/ARM_GCC_Support/ewl/lib/armv7e-m/fpu\libc.a(strlen.o)
                              ./Sources/TFC/TFC_Queue.o (strlen)
C:/Freescale/CW MCU v10.6/MCU/ARM_GCC_Support/ewl/lib/armv7e-m/fpu\libc.a(printformat_.o)
                              (__pformatter_)
C:/Freescale/CW MCU v10.6/MCU/ARM_GCC_Support/ewl/lib/armv7e-m/fpu\libc.a(scanformat_.o)
                              (__sformatter)
C:/Freescale/CW MCU v10.6/MCU/ARM_GCC_Support/ewl/lib/armv7e-m/fpu\libc.a(ctype_aeabi.o)
                              C:/Freescale/CW MCU v10.6/MCU/ARM_GCC_Support/ewl/lib/armv7e-m/fpu\libc.a(scanformat_.o) (isspace)
C:/Freescale/CW MCU v10.6/MCU/ARM_GCC_Support/ewl/lib/armv7e-m/fpu\libc.a(vsnprintf.o)
                              C:/Freescale/CW MCU v10.6/MCU/ARM_GCC_Support/ewl/lib/armv7e-m/fpu\libc.a(vsprintf.o) (vsnprintf)
C:/Freescale/CW MCU v10.6/MCU/ARM_GCC_Support/ewl/lib/armv7e-m/fpu\libc.a(ansi_files.o)
                              C:/Freescale/CW MCU v10.6/MCU/ARM_GCC_Support/ewl/lib/armv7e-m/fpu\libc.a(puts.o) (__files)
C:/Freescale/CW MCU v10.6/MCU/ARM_GCC_Support/ewl/lib/armv7e-m/fpu\libc.a(fflush.o)
                              C:/Freescale/CW MCU v10.6/MCU/ARM_GCC_Support/ewl/lib/armv7e-m/fpu\libc.a(ansi_files.o) (fflush)
C:/Freescale/CW MCU v10.6/MCU/ARM_GCC_Support/ewl/lib/armv7e-m/fpu\libc.a(__strtoul.o)
                              C:/Freescale/CW MCU v10.6/MCU/ARM_GCC_Support/ewl/lib/armv7e-m/fpu\libc.a(scanformat_.o) (__strtoul)
C:/Freescale/CW MCU v10.6/MCU/ARM_GCC_Support/ewl/lib/armv7e-m/fpu\libc.a(strchr.o)
                              C:/Freescale/CW MCU v10.6/MCU/ARM_GCC_Support/ewl/lib/armv7e-m/fpu\libc.a(printformat_.o) (strchr)
C:/Freescale/CW MCU v10.6/MCU/ARM_GCC_Support/ewl/lib/armv7e-m/fpu\libc.a(memcpy.o)
                              C:/Freescale/CW MCU v10.6/MCU/ARM_GCC_Support/ewl/lib/armv7e-m/fpu\libc.a(vsnprintf.o) (memcpy)
C:/Freescale/CW MCU v10.6/MCU/ARM_GCC_Support/ewl/lib/armv7e-m/fpu\libc.a(memchr.o)
                              C:/Freescale/CW MCU v10.6/MCU/ARM_GCC_Support/ewl/lib/armv7e-m/fpu\libc.a(printformat_.o) (memchr)
C:/Freescale/CW MCU v10.6/MCU/ARM_GCC_Support/ewl/lib/armv7e-m/fpu\libm.a(w_log.o)
                              ./Sources/demo.o (log)
C:/Freescale/CW MCU v10.6/MCU/ARM_GCC_Support/ewl/lib/armv7e-m/fpu\libm.a(w_exp.o)
                              ./Sources/demo.o (exp)
C:/Freescale/CW MCU v10.6/MCU/ARM_GCC_Support/ewl/lib/armv7e-m/fpu\libm.a(e_log.o)
                              C:/Freescale/CW MCU v10.6/MCU/ARM_GCC_Support/ewl/lib/armv7e-m/fpu\libm.a(w_log.o) (__ieee754_log)
C:/Freescale/CW MCU v10.6/MCU/ARM_GCC_Support/ewl/lib/armv7e-m/fpu\libm.a(e_exp.o)
[...]
Memory Configuration

Name             Origin             Length             Attributes
m_interrupts     0x00000000         0x00000198         xr
m_cfmprotrom     0x00000400         0x00000010         xr
m_text           0x00000800         0x000ff800         xr
m_data           0x1fff0000         0x00010000         xrw
m_data2          0x20000000         0x00030000         xrw
*default*        0x00000000         0xffffffff

Linker script and memory map

LOAD ./Project_Settings/Startup_Code/kinetis_sysinit.o
LOAD ./Project_Settings/Startup_Code/__arm_start.o
LOAD ./Project_Settings/Startup_Code/__arm_end.o
LOAD ./Sources/TFC/TFC_i2c.o
LOAD ./Sources/TFC/TFC_arm_cm4.o
LOAD ./Sources/TFC/TFC_UART.o
LOAD ./Sources/TFC/TFC_Terminal.o
LOAD ./Sources/TFC/TFC_SysTick.o
LOAD ./Sources/TFC/TFC_Servo.o
LOAD ./Sources/TFC/TFC_Queue.o
LOAD ./Sources/TFC/TFC_Motor.o
LOAD ./Sources/TFC/TFC_LineScanCamera.o
LOAD ./Sources/TFC/TFC_DMA.o
LOAD ./Sources/TFC/TFC_CrystalClock.o
LOAD ./Sources/TFC/TFC_BoardSupport.o
LOAD ./Sources/TFC/TFC_ADC.o
LOAD ./Sources/TFC/TFC.o
LOAD ./Sources/sa_mtb.o
LOAD ./Sources/main.o
LOAD ./Sources/demo.o
LOAD ./Sources/Spices.o
                0x00006480                __pformatter = __pformatter_
                [0x00006878]                __sformatter = __sformatter
START GROUP
LOAD C:/Freescale/CW MCU v10.6/MCU/ARM_GCC_Support/ewl/lib/armv7e-m/fpu\libc.a
LOAD C:/Freescale/CW MCU v10.6/MCU/ARM_GCC_Support/ewl/lib/armv7e-m/fpu\libm.a
LOAD c:/freescale/cw mcu v10.6/cross_tools/arm-none-eabi-gcc-4_7_3/bin/../lib/gcc/arm-none-eabi/4.7.3/armv7e-m/fpu\libgcc.a
LOAD C:/Freescale/CW MCU v10.6/MCU/ARM_GCC_Support/ewl/lib/armv7e-m/fpu\librt.a
LOAD C:/Freescale/CW MCU v10.6/MCU/ARM_GCC_Support/ewl/lib/armv7e-m/fpu\libuart.a
END GROUP
                0x20000000                _estack = 0x20000000
                0x20000000                __SP_INIT = _estack
                0x00000800                __heap_size = 0x800
                0x00000800                __stack_size = 0x800

.interrupts     0x00000000      0x198
                0x00000000                __vector_table = .
                0x00000000                . = ALIGN (0x4)
 *(.vectortable)
 .vectortable   0x00000000      0x198 ./Project_Settings/Startup_Code/kinetis_sysinit.o
                0x00000000                InterruptVector
                0x00000198                . = ALIGN (0x4)

.cfmprotect     0x00000400        0x0
                0x00000400                . = ALIGN (0x4)
 *(.cfmconfig)
                0x00000400                . = ALIGN (0x4)

.text           0x00000800     0x77e8
                0x00000800                . = ALIGN (0x4)
 *(.text)
 .text          0x00000800      0x370 c:/freescale/cw mcu v10.6/cross_tools/arm-none-eabi-gcc-4_7_3/bin/../lib/gcc/arm-none-eabi/4.7.3/armv7e-m/fpu\libgcc.a(_arm_addsubdf3.o)
                0x00000800                __aeabi_drsub
                0x00000808                __aeabi_dsub
                0x00000808                __subdf3
                0x0000080c                __aeabi_dadd
                0x0000080c                __adddf3
                0x00000a84                __floatunsidf
                0x00000a84                __aeabi_ui2d
                0x00000aa4                __floatsidf
                0x00000aa4                __aeabi_i2d
                0x00000ac8                __aeabi_f2d
                0x00000ac8                __extendsfdf2
                0x00000b04                __floatundidf
                0x00000b04                __aeabi_ul2d
                0x00000b14                __floatdidf
                0x00000b14                __aeabi_l2d
 .text          0x00000b70      0x424 c:/freescale/cw mcu v10.6/cross_tools/arm-none-eabi-gcc-4_7_3/bin/../lib/gcc/arm-none-eabi/4.7.3/armv7e-m/fpu\libgcc.a(_arm_muldivdf3.o)
                0x00000b70                __aeabi_dmul
                0x00000b70                __muldf3
                0x00000dc4                __divdf3
                0x00000dc4                __aeabi_ddiv
 .text          0x00000f94      0x110 c:/freescale/cw mcu v10.6/cross_tools/arm-none-eabi-gcc-4_7_3/bin/../lib/gcc/arm-none-eabi/4.7.3/armv7e-m/fpu\libgcc.a(_arm_cmpdf2.o)
                0x00000f94                __gtdf2
                0x00000f94                __gedf2
                0x00000f9c                __ltdf2
                0x00000f9c                __ledf2
                0x00000fa4                __nedf2
                0x00000fa4                __eqdf2
                0x00000fa4                __cmpdf2
                0x00001020                __aeabi_cdrcmple
                0x00001030                __aeabi_cdcmpeq
                0x00001030                __aeabi_cdcmple
                0x00001040                __aeabi_dcmpeq
                0x00001054                __aeabi_dcmplt
                0x00001068                __aeabi_dcmple
                0x0000107c                __aeabi_dcmpge
                0x00001090                __aeabi_dcmpgt
 .text          0x000010a4       0x50 c:/freescale/cw mcu v10.6/cross_tools/arm-none-eabi-gcc-4_7_3/bin/../lib/gcc/arm-none-eabi/4.7.3/armv7e-m/fpu\libgcc.a(_arm_fixdfsi.o)
                0x000010a4                __aeabi_d2iz
                0x000010a4                __fixdfsi
 .text          0x000010f4       0xa0 c:/freescale/cw mcu v10.6/cross_tools/arm-none-eabi-gcc-4_7_3/bin/../lib/gcc/arm-none-eabi/4.7.3/armv7e-m/fpu\libgcc.a(_arm_truncdfsf2.o)
                0x000010f4                __truncdfsf2
                0x000010f4                __aeabi_d2f
 *(.text*)
 .text.Default_Handler
                0x00001194        0xc ./Project_Settings/Startup_Code/kinetis_sysinit.o
                0x00001194                RTC_Alarm_IRQHandler
                0x00001194                CAN0_Rx_Warning_IRQHandler
                0x00001194                CAN0_Err_IRQHandler
                0x00001194                I2C0_IRQHandler
                0x00001194                HardFault_Handler
                0x00001194                PDB_IRQHandler
                0x00001194                PendSV_Handler
                0x00001194                NMI_Handler
                0x00001194                I2C1_IRQHandler
                0x00001194                UART3_Status_IRQHandler
                0x00001194                DMA2_IRQHandler
                0x00001194                Watchdog_IRQHandler
                0x00001194                Bus_Fault_Handler
                0x00001194                CMP2_IRQHandler
                0x00001194                SWI_IRQHandler
                0x00001194                ENET_MAC_Transmit_IRQHandler
                0x00001194                I2S0_Tx_IRQHandler
                0x00001194                CMT_IRQHandler
                0x00001194                UART1_Status_IRQHandler
                0x00001194                SPI1_IRQHandler
                0x00001194                DMA9_IRQHandler
                0x00001194                DMA14_IRQHandler
                0x00001194                CMP1_IRQHandler
                0x00001194                PORTD_IRQHandler
                0x00001194                PORTB_IRQHandler
                0x00001194                UART4_ERR_IRQHandler
                0x00001194                I2C2_IRQHandler
                0x00001194                PIT2_IRQHandler
                0x00001194                I2S0_Rx_IRQHandler
                0x00001194                LPTimer_IRQHandler
                0x00001194                DMA5_IRQHandler
                0x00001194                FTM1_IRQHandler
                0x00001194                UART3_ERR_IRQHandler
                0x00001194                PIT3_IRQHandler
                0x00001194                SDHC_IRQHandler
                0x00001194                RTC_Seconds_IRQHandler
                0x00001194                MCG_IRQHandler
                0x00001194                ENET_MAC_Timer_IRQHandler
                0x00001194                UART2_ERR_IRQHandler
                0x00001194                DMA11_IRQHandler
                0x00001194                Tamper_Drylce_IRQHandler
                0x00001194                USB_OTG_IRQHandler
                0x00001194                Read_Collision_IRQHandler
                0x00001194                Default_Handler
                0x00001194                UART4_Status_IRQHandler
                0x00001194                DMA7_IRQHandler
                0x00001194                LLW_IRQHandler
                0x00001194                SPI2_IRQHandler
                0x00001194                USB_Charger_Detect_IRQHandler
                0x00001194                SVC_Handler
                0x00001194                Usage_Fault_Handler
                0x00001194                DMA13_IRQHandler
                0x00001194                DMA3_IRQHandler
                0x00001194                UART0_LON_IRQHandler
                0x00001194                RNG_IRQHandler
                0x00001194                DMA0_IRQHandler
                0x00001194                DMA15_IRQHandler
                0x00001194                DAC0_IRQHandler
                0x00001194                ENET_MAC_Error_IRQHandler
                0x00001194                DMA4_IRQHandler
                0x00001194                PIT1_IRQHandler
                0x00001194                UART0_ERR_IRQHandler
                0x00001194                DMA_Error_IRQHandler
                0x00001194                LVD_LVW_IRQHandler
                0x00001194                SPI0_IRQHandler
                0x00001194                CAN0_Tx_WarningIRQHandler
                0x00001194                FTM0_IRQHandler
                0x00001194                PORTA_IRQHandler
                0x00001194                DAC1_IRQHandler
                0x00001194                MCM_IRQHandler
                0x00001194                DMA12_IRQHandler
                0x00001194                Mem_Manage_Fault_Handler
                0x00001194                FTFL_IRQHandler
                0x00001194                CAN0_Bus_Off_IRQHandler
                0x00001194                FTM3_IRQHandler
                0x00001194                PORTE_IRQHandler
                0x00001194                CAN0_Message_buffer_IRQHandler
                0x00001194                DMA8_IRQHandler
                0x00001194                DMA10_IRQHandler
                0x00001194                CAN0_Wake_Up_IRQHandler
                0x00001194                DebugMonitor_Handler
                0x00001194                UART1_ERR_IRQHandler
                0x00001194                CMP0_IRQHandler
                0x00001194                ENET_MAC_Receive_IRQHandler
                0x00001194                PORTC_IRQHandler
                0x00001194                DMA6_IRQHandler
                0x00001194                UART2_Status_IRQHandler
                0x00001194                DMA1_IRQHandler
 .text.__init_hardware
                0x000011a0       0x44 ./Project_Settings/Startup_Code/kinetis_sysinit.o
                0x000011a0                __init_hardware
 .text.zero_fill_bss
                0x000011e4       0x2c ./Project_Settings/Startup_Code/__arm_start.o
 .text.__thumb_startup
                0x00001210       0x34 ./Project_Settings/Startup_Code/__arm_start.o
                0x00001210                __thumb_startup
 .text._ExitProcess
                0x00001244        0xc ./Project_Settings/Startup_Code/__arm_end.o
                0x00001244                _ExitProcess
 .text.TFC_InitI2C
                0x00001250       0x88 ./Sources/TFC/TFC_i2c.o
                0x00001250                TFC_InitI2C
 .text.IIC_StartTransmission
                0x000012d8       0x74 ./Sources/TFC/TFC_i2c.o
                0x000012d8                IIC_StartTransmission
 .text.Pause    0x0000134c       0x28 ./Sources/TFC/TFC_i2c.o
                0x0000134c                Pause
 .text.I2CReadRegister
                0x00001374      0x1b4 ./Sources/TFC/TFC_i2c.o
                0x00001374                I2CReadRegister
 .text.I2CWriteRegister
                0x00001528      0x10c ./Sources/TFC/TFC_i2c.o
                0x00001528                I2CWriteRegister
 .text.ReadAccelData
                0x00001634      0x2c0 ./Sources/TFC/TFC_i2c.o
                0x00001634                ReadAccelData
 .text.Init_Accel
                0x000018f4      0x2cc ./Sources/TFC/TFC_i2c.o
                0x000018f4                Init_Accel
 .text.FIFO_Dump
                0x00001bc0      0x688 ./Sources/TFC/TFC_i2c.o
                0x00001bc0                FIFO_Dump
 .text.Reset_Accel
                0x00002248       0x34 ./Sources/TFC/TFC_i2c.o
                0x00002248                Reset_Accel
 .text.enable_irq
                0x0000227c      0x22c ./Sources/TFC/TFC_arm_cm4.o
                0x0000227c                enable_irq
 .text.disable_irq
                0x000024a8      0x144 ./Sources/TFC/TFC_arm_cm4.o
                0x000024a8                disable_irq
 .text.TFC_InitUARTs
                0x000025ec       0x6c ./Sources/TFC/TFC_UART.o
                0x000025ec                TFC_InitUARTs
 .text.TFC_UART_Process
                0x00002658       0x48 ./Sources/TFC/TFC_UART.o
                0x00002658                TFC_UART_Process
 .text.UART0_Status_IRQHandler
                0x000026a0       0xa0 ./Sources/TFC/TFC_UART.o
                0x000026a0                UART0_Status_IRQHandler
 .text.UART0_init
                0x00002740      0x184 ./Sources/TFC/TFC_UART.o
                0x00002740                UART0_init
 .text.TerminalBootMsg
                0x000028c4       0x80 ./Sources/TFC/TFC_Terminal.o
                0x000028c4                TerminalBootMsg
 .text.TFC_InitTerminal
                0x00002944       0x28 ./Sources/TFC/TFC_Terminal.o
                0x00002944                TFC_InitTerminal
 .text.TerminalCmd_Help
                0x0000296c       0xb0 ./Sources/TFC/TFC_Terminal.o
                0x0000296c                TerminalCmd_Help
 .text.TerminalCmd_E
                0x00002a1c       0x34 ./Sources/TFC/TFC_Terminal.o
                0x00002a1c                TerminalCmd_E
 .text.TerminalCmd_D
                0x00002a50       0x44 ./Sources/TFC/TFC_Terminal.o
                0x00002a50                TerminalCmd_D
 .text.TerminalCmd_GetLineScan
                0x00002a94       0x98 ./Sources/TFC/TFC_Terminal.o
                0x00002a94                TerminalCmd_GetLineScan
 .text.TerminalCmd_S
                0x00002b2c       0xa0 ./Sources/TFC/TFC_Terminal.o
                0x00002b2c                TerminalCmd_S
 .text.TerminalCmd_H
                0x00002bcc       0x9c ./Sources/TFC/TFC_Terminal.o
                0x00002bcc                TerminalCmd_H
 .text.TFC_ProcessTerminal
                0x00002c68      0x3b8 ./Sources/TFC/TFC_Terminal.o
                0x00002c68                TFC_ProcessTerminal
 .text.TFC_InitSysTick
                0x00003020       0x58 ./Sources/TFC/TFC_SysTick.o
                0x00003020                TFC_InitSysTick
 .text.SysTick_Handler
                0x00003078       0x80 ./Sources/TFC/TFC_SysTick.o
                0x00003078                SysTick_Handler
 .text.TFC_InitServos
                0x000030f8      0x170 ./Sources/TFC/TFC_Servo.o
                0x000030f8                TFC_InitServos
 .text.TFC_SetServo
                0x00003268       0x90 ./Sources/TFC/TFC_Servo.o
                0x00003268                TFC_SetServo
 .text.TFC_SetServoDutyCycle
                0x000032f8       0x3c ./Sources/TFC/TFC_Servo.o
                0x000032f8                TFC_SetServoDutyCycle
 .text.FTM2_IRQHandler
                0x00003334       0x60 ./Sources/TFC/TFC_Servo.o
                0x00003334                FTM2_IRQHandler
 .text.InitByteQueue
                0x00003394       0x5c ./Sources/TFC/TFC_Queue.o
                0x00003394                InitByteQueue
 .text.BytesInQueue
                0x000033f0       0x54 ./Sources/TFC/TFC_Queue.o
                0x000033f0                BytesInQueue
 .text.ByteEnqueue
                0x00003444       0x64 ./Sources/TFC/TFC_Queue.o
                0x00003444                ByteEnqueue
 .text.ByteArrayEnqueue
                0x000034a8       0x48 ./Sources/TFC/TFC_Queue.o
                0x000034a8                ByteArrayEnqueue
 .text.Qprintf  0x000034f0       0x54 ./Sources/TFC/TFC_Queue.o
                0x000034f0                Qprintf
 .text.ByteDequeue
                0x00003544       0x60 ./Sources/TFC/TFC_Queue.o
                0x00003544                ByteDequeue
 .text.ForcedByteDequeue
                0x000035a4       0x58 ./Sources/TFC/TFC_Queue.o
                0x000035a4                ForcedByteDequeue
 .text.TFC_InitMotorPWM
                0x000035fc      0x270 ./Sources/TFC/TFC_Motor.o
                0x000035fc                TFC_InitMotorPWM
 .text.TFC_SetMotorPWM
                0x0000386c      0x160 ./Sources/TFC/TFC_Motor.o
                0x0000386c                TFC_SetMotorPWM
 .text.TFC_InitLineScanCamera
                0x000039cc       0xa4 ./Sources/TFC/TFC_LineScanCamera.o
                0x000039cc                TFC_InitLineScanCamera
 .text.TFC_SetLineScanExposureTime
                0x00003a70       0x70 ./Sources/TFC/TFC_LineScanCamera.o
                0x00003a70                TFC_SetLineScanExposureTime
 .text.TFC_InitDMA
                0x00003ae0       0x54 ./Sources/TFC/TFC_DMA.o
                0x00003ae0                TFC_InitDMA
 .text.TFC_InitClock
                0x00003b34      0x128 ./Sources/TFC/TFC_CrystalClock.o
                0x00003b34                TFC_InitClock
 .text.TFC_InitGPIO
                0x00003c5c      0x1ac ./Sources/TFC/TFC_BoardSupport.o
                0x00003c5c                TFC_InitGPIO
 .text.TFC_GetDIP_Switch
                0x00003e08       0x94 ./Sources/TFC/TFC_BoardSupport.o
                0x00003e08                TFC_GetDIP_Switch
 .text.ADC_Cal  0x00003e9c      0x138 ./Sources/TFC/TFC_ADC.o
                0x00003e9c                ADC_Cal
 .text.ADC_Config_Alt
                0x00003fd4       0x64 ./Sources/TFC/TFC_ADC.o
                0x00003fd4                ADC_Config_Alt
 .text.InitADC  0x00004038      0x120 ./Sources/TFC/TFC_ADC.o
                0x00004038                InitADC
 .text.TFC_InitADCs
                0x00004158       0xb0 ./Sources/TFC/TFC_ADC.o
                0x00004158                TFC_InitADCs
 .text.PIT0_IRQHandler
                0x00004208       0x90 ./Sources/TFC/TFC_ADC.o
                0x00004208                PIT0_IRQHandler
 .text.ADC0_IRQHandler
                0x00004298      0x218 ./Sources/TFC/TFC_ADC.o
                0x00004298                ADC0_IRQHandler
 .text.ADC1_IRQHandler
                0x000044b0      0x154 ./Sources/TFC/TFC_ADC.o
                0x000044b0                ADC1_IRQHandler
 *fill*         0x00004604        0x4 00
 .text.TFC_ReadPot
                0x00004608       0xd8 ./Sources/TFC/TFC_ADC.o
                0x00004608                TFC_ReadPot
 .text.TFC_ReadBatteryVoltage
                0x000046e0       0x80 ./Sources/TFC/TFC_ADC.o
                0x000046e0                TFC_ReadBatteryVoltage
 .text.TFC_ReadHBridgeFeedBack
                0x00004760      0x118 ./Sources/TFC/TFC_ADC.o
                0x00004760                TFC_ReadHBridgeFeedBack
 .text.TFC_Init
                0x00004878       0x58 ./Sources/TFC/TFC.o
                0x00004878                TFC_Init
 .text.TFC_Task
                0x000048d0       0x10 ./Sources/TFC/TFC.o
                0x000048d0                TFC_Task
 .text.main     0x000048e0       0x2c ./Sources/main.o
                0x000048e0                main
 .text.Init_Demo
                0x0000490c       0xa0 ./Sources/demo.o
                0x0000490c                Init_Demo
 .text.DemoProgram
                0x000049ac      0x7a4 ./Sources/demo.o
                0x000049ac                DemoProgram
 .text.MasterControlProgram
                0x00005150       0xc8 ./Sources/Spices.o
                0x00005150                MasterControlProgram
 .text.readSwitches
                0x00005218       0x60 ./Sources/Spices.o
                0x00005218                readSwitches
 .text.grabCameraFrame
                0x00005278       0x7c ./Sources/Spices.o
                0x00005278                grabCameraFrame
 .text.derivativeLineScan
                0x000052f4      0x248 ./Sources/Spices.o
                0x000052f4                derivativeLineScan
 .text.findEdges_v2
                0x0000553c      0x198 ./Sources/Spices.o
                0x0000553c                findEdges_v2
 .text.reviewEdges
                0x000056d4      0x3e0 ./Sources/Spices.o
                0x000056d4                reviewEdges
 .text.ActOnTrackStatus
                0x00005ab4       0x58 ./Sources/Spices.o
                0x00005ab4                ActOnTrackStatus
 *fill*         0x00005b0c        0x4 00
 .text.SteeringControl
                0x00005b10      0x200 ./Sources/Spices.o
                0x00005b10                SteeringControl
 .text.Steer    0x00005d10       0x70 ./Sources/Spices.o
                0x00005d10                Steer
 .text.SpeedControl
                0x00005d80      0x14c ./Sources/Spices.o
                0x00005d80                SpeedControl
 .text.Drive    0x00005ecc      0x148 ./Sources/Spices.o
                0x00005ecc                Drive
 .text.adjustLights
                0x00006014       0x6c ./Sources/Spices.o
                0x00006014                adjustLights
 .text.feedbackLights
                0x00006080       0xcc ./Sources/Spices.o
                0x00006080                feedbackLights
 .text.vsprintf
                0x0000614c       0x14 C:/Freescale/CW MCU v10.6/MCU/ARM_GCC_Support/ewl/lib/armv7e-m/fpu\libc.a(vsprintf.o)
                0x0000614c                vsprintf
 .text.sscanf   0x00006160       0x18 C:/Freescale/CW MCU v10.6/MCU/ARM_GCC_Support/ewl/lib/armv7e-m/fpu\libc.a(sscanf.o)
                0x00006160                sscanf
 .text.sprintf  0x00006178       0x1c C:/Freescale/CW MCU v10.6/MCU/ARM_GCC_Support/ewl/lib/armv7e-m/fpu\libc.a(sprintf.o)
                0x00006178                sprintf
 .text.__StringRead
                0x00006194       0x38 C:/Freescale/CW MCU v10.6/MCU/ARM_GCC_Support/ewl/lib/armv7e-m/fpu\libc.a(vsscanf.o)
                0x00006194                __StringRead
 .text.vsscanf  0x000061cc       0x2c C:/Freescale/CW MCU v10.6/MCU/ARM_GCC_Support/ewl/lib/armv7e-m/fpu\libc.a(vsscanf.o)
                0x000061cc                vsscanf
 .text.exit     0x000061f8       0x38 C:/Freescale/CW MCU v10.6/MCU/ARM_GCC_Support/ewl/lib/armv7e-m/fpu\libc.a(exit.o)
                0x000061f8                exit
 .text.memset   0x00006230        0xc C:/Freescale/CW MCU v10.6/MCU/ARM_GCC_Support/ewl/lib/armv7e-m/fpu\libc.a(memset.o)
                0x00006230                memset
 .text.__fill_mem
                0x0000623c       0x76 C:/Freescale/CW MCU v10.6/MCU/ARM_GCC_Support/ewl/lib/armv7e-m/fpu\libc.a(__filll_mem.o)
                0x0000623c                __fill_mem
 .text.strcpy   0x000062b2        0xe C:/Freescale/CW MCU v10.6/MCU/ARM_GCC_Support/ewl/lib/armv7e-m/fpu\libc.a(strcpy.o)
                0x000062b2                strcpy
 .text.strcmp   0x000062c0       0x1a C:/Freescale/CW MCU v10.6/MCU/ARM_GCC_Support/ewl/lib/armv7e-m/fpu\libc.a(strcmp.o)
                0x000062c0                strcmp
 .text.strlen   0x000062da       0x10 C:/Freescale/CW MCU v10.6/MCU/ARM_GCC_Support/ewl/lib/armv7e-m/fpu\libc.a(strlen.o)
                0x000062da                strlen
 .text.long2str.isra.0
                0x000062ea      0x196 C:/Freescale/CW MCU v10.6/MCU/ARM_GCC_Support/ewl/lib/armv7e-m/fpu\libc.a(printformat_.o)
 .text.__pformatter_
                0x00006480      0x3f8 C:/Freescale/CW MCU v10.6/MCU/ARM_GCC_Support/ewl/lib/armv7e-m/fpu\libc.a(printformat_.o)
                0x00006480                __pformatter_
 .text.__sformatter
                0x00006878      0x6f4 C:/Freescale/CW MCU v10.6/MCU/ARM_GCC_Support/ewl/lib/armv7e-m/fpu\libc.a(scanformat_.o)
                0x00006878                __sformatter
 .text.isalpha  0x00006f6c       0x1c C:/Freescale/CW MCU v10.6/MCU/ARM_GCC_Support/ewl/lib/armv7e-m/fpu\libc.a(ctype_aeabi.o)
                0x00006f6c                isalpha
 .text.isspace  0x00006f88       0x1c C:/Freescale/CW MCU v10.6/MCU/ARM_GCC_Support/ewl/lib/armv7e-m/fpu\libc.a(ctype_aeabi.o)
                0x00006f88                isspace
 .text.toupper  0x00006fa4        0xc C:/Freescale/CW MCU v10.6/MCU/ARM_GCC_Support/ewl/lib/armv7e-m/fpu\libc.a(ctype_aeabi.o)
                0x00006fa4                toupper
 .text.__StringWrite
                0x00006fb0       0x2a C:/Freescale/CW MCU v10.6/MCU/ARM_GCC_Support/ewl/lib/armv7e-m/fpu\libc.a(vsnprintf.o)
                0x00006fb0                __StringWrite
 *fill*         0x00006fda        0x2 00
 .text.vsnprintf
                0x00006fdc       0x34 C:/Freescale/CW MCU v10.6/MCU/ARM_GCC_Support/ewl/lib/armv7e-m/fpu\libc.a(vsnprintf.o)
                0x00006fdc                vsnprintf
 .text.__strtoul
                0x00007010      0x214 C:/Freescale/CW MCU v10.6/MCU/ARM_GCC_Support/ewl/lib/armv7e-m/fpu\libc.a(__strtoul.o)
                0x00007010                __strtoul
 .text.strchr   0x00007224       0x1a C:/Freescale/CW MCU v10.6/MCU/ARM_GCC_Support/ewl/lib/armv7e-m/fpu\libc.a(strchr.o)
                0x00007224                strchr
 .text.memcpy   0x0000723e       0x12 C:/Freescale/CW MCU v10.6/MCU/ARM_GCC_Support/ewl/lib/armv7e-m/fpu\libc.a(memcpy.o)
                0x0000723e                memcpy
 .text.memchr   0x00007250       0x18 C:/Freescale/CW MCU v10.6/MCU/ARM_GCC_Support/ewl/lib/armv7e-m/fpu\libc.a(memchr.o)
                0x00007250                memchr
 .text.log      0x00007268        0x4 C:/Freescale/CW MCU v10.6/MCU/ARM_GCC_Support/ewl/lib/armv7e-m/fpu\libm.a(w_log.o)
                0x00007268                log
 .text.exp      0x0000726c        0x4 C:/Freescale/CW MCU v10.6/MCU/ARM_GCC_Support/ewl/lib/armv7e-m/fpu\libm.a(w_exp.o)
                0x0000726c                exp
 .text.__ieee754_log
                0x00007270      0x418 C:/Freescale/CW MCU v10.6/MCU/ARM_GCC_Support/ewl/lib/armv7e-m/fpu\libm.a(e_log.o)
                0x00007270                __ieee754_log
 .text.__ieee754_exp
                0x00007688      0x348 C:/Freescale/CW MCU v10.6/MCU/ARM_GCC_Support/ewl/lib/armv7e-m/fpu\libm.a(e_exp.o)
                0x00007688                __ieee754_exp
 .text.__init_cpp
                0x000079d0       0x4c C:/Freescale/CW MCU v10.6/MCU/ARM_GCC_Support/ewl/lib/armv7e-m/fpu\librt.a(gcc_ctor_dtor.o)
                0x000079d0                __init_cpp
 .text.__fini_cpp
                0x00007a1c       0x34 C:/Freescale/CW MCU v10.6/MCU/ARM_GCC_Support/ewl/lib/armv7e-m/fpu\librt.a(gcc_ctor_dtor.o)
                0x00007a1c                __fini_cpp
 .text.__destroy_global_chain
                0x00007a50       0x18 C:/Freescale/CW MCU v10.6/MCU/ARM_GCC_Support/ewl/lib/armv7e-m/fpu\librt.a(__arm_eabi_init.o)
                0x00007a50                __destroy_global_chain
 .text.__init_registers
                0x00007a68       0x24 C:/Freescale/CW MCU v10.6/MCU/ARM_GCC_Support/ewl/lib/armv7e-m/fpu\librt.a(__arm_eabi_init.o)
                0x00007a68                __init_registers
 .text.__fp_init
                0x00007a8c       0x1c C:/Freescale/CW MCU v10.6/MCU/ARM_GCC_Support/ewl/lib/armv7e-m/fpu\librt.a(__arm_eabi_init.o)
                0x00007a8c                __fp_init
 .text.__init_user
                0x00007aa8        0x4 C:/Freescale/CW MCU v10.6/MCU/ARM_GCC_Support/ewl/lib/armv7e-m/fpu\librt.a(__arm_eabi_init.o)
                0x00007aa8                __init_user
 .text.__copy_rom_section
                0x00007aac       0x44 C:/Freescale/CW MCU v10.6/MCU/ARM_GCC_Support/ewl/lib/armv7e-m/fpu\librt.a(ROMCopy.o)
                0x00007aac                __copy_rom_section
 .text.__copy_rom_sections_to_ram
                0x00007af0       0x30 C:/Freescale/CW MCU v10.6/MCU/ARM_GCC_Support/ewl/lib/armv7e-m/fpu\librt.a(ROMCopy.o)
                0x00007af0                __copy_rom_sections_to_ram
 *(.rodata)
 .rodata        0x00007b20       0x20 ./Sources/TFC/TFC_i2c.o
 .rodata        0x00007b40      0x358 ./Sources/TFC/TFC_Terminal.o
 .rodata        0x00007e98       0x10 ./Sources/demo.o
 *(.rodata*)
 .rodata.str1.1
                0x00007ea8        0x1 C:/Freescale/CW MCU v10.6/MCU/ARM_GCC_Support/ewl/lib/armv7e-m/fpu\libc.a(printformat_.o)
 .rodata.CSWTCH.20
                0x00007ea9        0x5 C:/Freescale/CW MCU v10.6/MCU/ARM_GCC_Support/ewl/lib/armv7e-m/fpu\libc.a(printformat_.o)
 .rodata.CSWTCH.21
                0x00007eae        0x5 C:/Freescale/CW MCU v10.6/MCU/ARM_GCC_Support/ewl/lib/armv7e-m/fpu\libc.a(printformat_.o)
 .rodata.__aeabi_ctype_table_C
                0x00007eb3      0x101 C:/Freescale/CW MCU v10.6/MCU/ARM_GCC_Support/ewl/lib/armv7e-m/fpu\libc.a(ctype_aeabi.o)
                0x00007eb3                __aeabi_ctype_table_C
 *fill*         0x00007fb4        0x4 00
 .rodata.halF   0x00007fb8       0x10 C:/Freescale/CW MCU v10.6/MCU/ARM_GCC_Support/ewl/lib/armv7e-m/fpu\libm.a(e_exp.o)
 .rodata.ln2LO  0x00007fc8       0x10 C:/Freescale/CW MCU v10.6/MCU/ARM_GCC_Support/ewl/lib/armv7e-m/fpu\libm.a(e_exp.o)
 .rodata.ln2HI  0x00007fd8       0x10 C:/Freescale/CW MCU v10.6/MCU/ARM_GCC_Support/ewl/lib/armv7e-m/fpu\libm.a(e_exp.o)
 *(.glue_7)
 .glue_7        0x00000000        0x0 linker stubs
 *(.glue_7t)
 .glue_7t       0x00000000        0x0 linker stubs
 *(.eh_frame)
 *(.init)
 *(.fini)
                0x00007fe8                . = ALIGN (0x4)
                0x00007fe8                _etext = .

.vfp11_veneer   0x00007fe8        0x0
 .vfp11_veneer  0x00000000        0x0 linker stubs

.v4_bx          0x00007fe8        0x0
 .v4_bx         0x00000000        0x0 linker stubs

.iplt           0x00007fe8        0x0
 .iplt          0x00000000        0x0 ./Project_Settings/Startup_Code/kinetis_sysinit.o

.rel.dyn        0x00007fe8        0x0
 .rel.iplt      0x00000000        0x0 ./Project_Settings/Startup_Code/kinetis_sysinit.o

.ARM.extab
 *(.ARM.extab* .gnu.linkonce.armextab.*)

.ARM            0x00007fe8        0x0
                0x00007fe8                __exidx_start = .
 *(.ARM.exidx*)
                0x00007fe8                __exidx_end = .

.ctors          0x00007fe8        0x0
                0x00007fe8                __CTOR_LIST__ = .
 *crtbegin.o(.ctors)
 *(EXCLUDE_FILE(*crtend.o) .ctors)
 *(SORT(.ctors.*))
 *(.ctors)
                0x00007fe8                __CTOR_END__ = .

.dtors          0x00007fe8        0x0
                0x00007fe8                __DTOR_LIST__ = .
 *crtbegin.o(.dtors)
 *(EXCLUDE_FILE(*crtend.o) .dtors)
 *(SORT(.dtors.*))
 *(.dtors)
                0x00007fe8                __DTOR_END__ = .

.preinit_array  0x00007fe8        0x0
                0x00007fe8                PROVIDE (__preinit_array_start, .)
 *(.preinit_array*)
                0x00007fe8                PROVIDE (__preinit_array_end, .)

.init_array     0x00007fe8        0x0
                0x00007fe8                PROVIDE (__init_array_start, .)
 *(SORT(.init_array.*))
 *(.init_array*)
                0x00007fe8                PROVIDE (__init_array_end, .)

.fini_array     0x00007fe8        0x0
                0x00007fe8                PROVIDE (__fini_array_start, .)
 *(SORT(.fini_array.*))
 *(.fini_array*)
                0x00007fe8                PROVIDE (__fini_array_end, .)
                0x00007fe8                ___ROM_AT = .

.data           0x1fff0000       0x5c load address 0x00007fe8
                0x1fff0000                . = ALIGN (0x4)
                0x1fff0000                _sdata = .
 *(.data)
 *(.data*)
 .data.MyTerminalCallbackRecords
                0x1fff0000       0x48 ./Sources/TFC/TFC_Terminal.o
                0x1fff0000                MyTerminalCallbackRecords
 .data.MinLightIntensity
                0x1fff0048        0x2 ./Sources/Spices.o
                0x1fff0048                MinLightIntensity
 *fill*         0x1fff004a        0x2 00
 .data.minDerVal
                0x1fff004c        0x4 ./Sources/Spices.o
                0x1fff004c                minDerVal
 .data.PosDerivThreshold
                0x1fff0050        0x4 ./Sources/Spices.o
                0x1fff0050                PosDerivThreshold
 .data.NegDerivThreshold
                0x1fff0054        0x4 ./Sources/Spices.o
                0x1fff0054                NegDerivThreshold
 .data.killSwitch
                0x1fff0058        0x4 ./Sources/Spices.o
                0x1fff0058                killSwitch
                0x1fff005c                . = ALIGN (0x4)
                0x1fff005c                _edata = .
                0x0000005c                ___data_size = (_edata - _sdata)
                0x00008044                ___m_data2_ROMStart = (___ROM_AT + SIZEOF (.data))

.igot.plt       0x1fff005c        0x0 load address 0x00008044
 .igot.plt      0x00000000        0x0 ./Project_Settings/Startup_Code/kinetis_sysinit.o

.user_data2     0x20000000        0x0 load address 0x00008044
                0x20000000                . = ALIGN (0x4)
                0x20000000                ___m_data2_RAMStart = .
 *(.data2)
                0x20000000                ___m_data2_RAMEnd = .
                0x20000000                . = ALIGN (0x4)
                0x00000000                ___m_data2_ROMSize = (___m_data2_RAMEnd - ___m_data2_RAMStart)
                0x20000000                . = ALIGN (0x4)

.bss            0x1fff005c     0x1768 load address 0x00008044
                0x1fff005c                __START_BSS = .
                0x1fff005c                PROVIDE (__bss_start__, __START_BSS)
 *(.bss)
 *(.bss*)
 .bss.argv      0x1fff005c        0x4 ./Project_Settings/Startup_Code/__arm_start.o
 .bss.DelayTimerTick
                0x1fff0060        0x4 ./Sources/TFC/TFC_SysTick.o
 .bss.StringBuffer
                0x1fff0064      0x100 ./Sources/TFC/TFC_Queue.o
 .bss.LineScanImageReady
                0x1fff0164        0x1 ./Sources/TFC/TFC_LineScanCamera.o
                0x1fff0164                LineScanImageReady
 .bss.CurrentADC0_State
                0x1fff0165        0x1 ./Sources/TFC/TFC_ADC.o
 .bss.CurrentADC1_State
                0x1fff0166        0x1 ./Sources/TFC/TFC_ADC.o
 .bss.CurrentLineScanPixel
                0x1fff0167        0x1 ./Sources/TFC/TFC_ADC.o
                0x1fff0167                CurrentLineScanPixel
 .bss.i         0x1fff0168        0x4 ./Sources/demo.o
                0x1fff0168                i
 .bss.numNegEdges
                0x1fff016c        0x2 ./Sources/Spices.o
                0x1fff016c                numNegEdges
 .bss.numPosEdges
                0x1fff016e        0x2 ./Sources/Spices.o
                0x1fff016e                numPosEdges
 .bss.MaxLightIntensity
                0x1fff0170        0x2 ./Sources/Spices.o
                0x1fff0170                MaxLightIntensity
 *fill*         0x1fff0172        0x2 00
 .bss.maxDerVal
                0x1fff0174        0x4 ./Sources/Spices.o
                0x1fff0174                maxDerVal
 .bss.aveDerVal
                0x1fff0178        0x4 ./Sources/Spices.o
                0x1fff0178                aveDerVal
 .bss.CurrentLinePosError
                0x1fff017c        0x4 ./Sources/Spices.o
                0x1fff017c                CurrentLinePosError
 .bss.LastLinePosError
                0x1fff0180        0x4 ./Sources/Spices.o
                0x1fff0180                LastLinePosError
 .bss.SumLinePosError
                0x1fff0184        0x4 ./Sources/Spices.o
                0x1fff0184                SumLinePosError
 .bss.DerivError
                0x1fff0188        0x4 ./Sources/Spices.o
                0x1fff0188                DerivError
 .bss.CurrentSteerSetting
                0x1fff018c        0x4 ./Sources/Spices.o
                0x1fff018c                CurrentSteerSetting
 .bss.CurrentLeftDriveSetting
                0x1fff0190        0x4 ./Sources/Spices.o
                0x1fff0190                CurrentLeftDriveSetting
 .bss.CurrentRightDriveSetting
                0x1fff0194        0x4 ./Sources/Spices.o
                0x1fff0194                CurrentRightDriveSetting
 .bss.StartGateFoundCount
                0x1fff0198        0x4 ./Sources/Spices.o
                0x1fff0198                StartGateFoundCount
 .bss.UnknownCount
                0x1fff019c        0x4 ./Sources/Spices.o
                0x1fff019c                UnknownCount
 .bss.go        0x1fff01a0        0x4 ./Sources/Spices.o
                0x1fff01a0                go
 .bss.debugFakeMode
                0x1fff01a4        0x4 ./Sources/Spices.o
                0x1fff01a4                debugFakeMode
 .bss.startGateStop
                0x1fff01a8        0x4 ./Sources/Spices.o
                0x1fff01a8                startGateStop
 .bss.doRisky   0x1fff01ac        0x4 ./Sources/Spices.o
                0x1fff01ac                doRisky
 .bss.run_once  0x1fff01b0        0x4 ./Sources/Spices.o
                0x1fff01b0                run_once
 .bss.__stdio_exit
                0x1fff01b4        0x4 C:/Freescale/CW MCU v10.6/MCU/ARM_GCC_Support/ewl/lib/armv7e-m/fpu\libc.a(exit.o)
                0x1fff01b4                __stdio_exit
 .bss.__console_exit
                0x1fff01b8        0x4 C:/Freescale/CW MCU v10.6/MCU/ARM_GCC_Support/ewl/lib/armv7e-m/fpu\libc.a(exit.o)
                0x1fff01b8                __console_exit
 .bss.__global_destructor_chain
                0x1fff01bc        0x4 C:/Freescale/CW MCU v10.6/MCU/ARM_GCC_Support/ewl/lib/armv7e-m/fpu\librt.a(__arm_eabi_init.o)
                0x1fff01bc                __global_destructor_chain
 .bss.__S_romp  0x1fff01c0        0xc C:/Freescale/CW MCU v10.6/MCU/ARM_GCC_Support/ewl/lib/armv7e-m/fpu\librt.a(ROMCopy.o)
 *(COMMON)
 COMMON         0x1fff01cc       0xfc ./Sources/TFC/TFC_i2c.o
                0x1fff01cc                vz
                0x1fff01d0                accavgy
                0x1fff01d4                prev_px
                0x1fff01d8                py
                0x1fff01dc                prev_vx
                0x1fff01e0                accavgz
                0x1fff01e4                vx
                0x1fff01e8                accavgx
                0x1fff01ec                prev_py
                0x1fff01f0                pz
                0x1fff01f4                vy
                0x1fff01f8                accel_data
                0x1fff02b8                prev_vz
                0x1fff02bc                px
                0x1fff02c0                prev_pz
                0x1fff02c4                prev_vy
 COMMON         0x1fff02c8      0x898 ./Sources/TFC/TFC_UART.o
                0x1fff02c8                SDA_SERIAL_INCOMING_QUEUE
                0x1fff02d4                SDA_SERIAL_OUTGOING_QUEUE
                0x1fff02e0                SDA_SERIAL_INCOMING_QUEUE_Storage
                0x1fff0360                SDA_SERIAL_OUTGOING_QUEUE_Storage
 COMMON         0x1fff0b60       0x86 ./Sources/TFC/TFC_Terminal.o
                0x1fff0b60                CmdFound
                0x1fff0b61                NextCharIn
                0x1fff0b64                TerminalLineBuf
                0x1fff0ba4                TerminalArgs
                0x1fff0bc4                TerminalCmdBuf
                0x1fff0be5                TerminalPos
 *fill*         0x1fff0be6        0x2 00
 COMMON         0x1fff0be8       0x14 ./Sources/TFC/TFC_SysTick.o
                0x1fff0be8                TFC_Ticker
 COMMON         0x1fff0bfc        0x1 ./Sources/TFC/TFC_Servo.o
                0x1fff0bfc                ServoTickVar
 *fill*         0x1fff0bfd        0x3 00
 COMMON         0x1fff0c00      0x20c ./Sources/TFC/TFC_LineScanCamera.o
                0x1fff0c00                LineScanWorkingBuffer
                0x1fff0c04                LineScanImage0Buffer
                0x1fff0e04                LineScanImage0WorkingBuffer
                0x1fff0e08                LineScanImage0
 COMMON         0x1fff0e0c        0xa ./Sources/TFC/TFC_ADC.o
                0x1fff0e0c                HBridge_Value
                0x1fff0e10                PotADC_Value
                0x1fff0e14                BatSenseADC_Value
 *fill*         0x1fff0e16        0x2 00
 COMMON         0x1fff0e18      0x290 ./Sources/demo.o
                0x1fff0e18                packet
                0x1fff100c                vAver
                0x1fff1014                iq
                0x1fff1018                buff
                0x1fff107c                accel
                0x1fff1084                z
                0x1fff1088                aq
                0x1fff108c                pixel
                0x1fff1090                exposureTime
                0x1fff1094                gain
                0x1fff1098                packet_index
                0x1fff109c                iAver
                0x1fff10a4                e
 COMMON         0x1fff10a8      0x718 ./Sources/Spices.o
                0x1fff10a8                startRaceTicker
                0x1fff10aa                LastTrackStatus
                0x1fff10ac                CurrentLinePosition
                0x1fff10b0                GrabLineScanImage0
                0x1fff11b0                CurrentTrackStatus
                0x1fff11b4                NegEdges
                0x1fff13b4                AbsError
                0x1fff13b8                PosEdges
                0x1fff15b8                MaxSpeed
                0x1fff15bc                LastLinePosition
                0x1fff15c0                DerivLineScanImage0
 COMMON         0x1fff17c0        0x4 C:/Freescale/CW MCU v10.6/MCU/ARM_GCC_Support/ewl/lib/armv7e-m/fpu\libc.a(errno.o)
                0x1fff17c0                errno
                0x1fff17c4                . = ALIGN (0x4)
                0x1fff17c4                __END_BSS = .
                0x1fff17c4                PROVIDE (__bss_end__, __END_BSS)

._user_heap_stack
                0x1fff17c4     0x1000 load address 0x000097ac
                0x1fff17c4                . = ALIGN (0x4)
                0x1fff17c4                PROVIDE (end, .)
                0x1fff17c4                PROVIDE (_end, .)
                0x1fff17c4                __heap_addr = .
                0x1fff1fc4                . = (. + __heap_size)
 *fill*         0x1fff17c4      0x800 00
                0x1fff27c4                . = (. + __stack_size)
 *fill*         0x1fff1fc4      0x800 00
                0x1fff27c4                . = ALIGN (0x4)
                0x00008044                _romp_at = ((___ROM_AT + SIZEOF (.data)) + SIZEOF (.user_data2))

.romp           0x20000000       0x24 load address 0x00008044
                0x00008044                __S_romp = _romp_at
                0x20000000        0x4 LONG 0x7fe8 ___ROM_AT
                0x20000004        0x4 LONG 0x1fff0000 _sdata
                0x20000008        0x4 LONG 0x5c ___data_size
                0x2000000c        0x4 LONG 0x8044 ___m_data2_ROMStart
                0x20000010        0x4 LONG 0x20000000 ___m_data2_RAMStart
                0x20000014        0x4 LONG 0x0 ___m_data2_ROMSize
                0x20000018        0x4 LONG 0x0
                0x2000001c        0x4 LONG 0x0
                0x20000020        0x4 LONG 0x0

.ARM.attributes
                0x00000000       0x3b
 *(.ARM.attributes)
 .ARM.attributes
                0x00000000       0x3b ./Project_Settings/Startup_Code/kinetis_sysinit.o
 .ARM.attributes
                0x0000003b       0x3b ./Project_Settings/Startup_Code/__arm_start.o
 .ARM.attributes
                0x00000076       0x3b ./Project_Settings/Startup_Code/__arm_end.o
 .ARM.attributes
                0x000000b1       0x3b ./Sources/TFC/TFC_i2c.o
 .ARM.attributes
                0x000000ec       0x3b ./Sources/TFC/TFC_arm_cm4.o
 .ARM.attributes
                0x00000127       0x3b ./Sources/TFC/TFC_UART.o
 .ARM.attributes
                0x00000162       0x3b ./Sources/TFC/TFC_Terminal.o
 .ARM.attributes
                0x0000019d       0x3b ./Sources/TFC/TFC_SysTick.o
 .ARM.attributes
                0x000001d8       0x3b ./Sources/TFC/TFC_Servo.o
 .ARM.attributes
                0x00000213       0x3b ./Sources/TFC/TFC_Queue.o
 .ARM.attributes
                0x0000024e       0x3b ./Sources/TFC/TFC_Motor.o
 .ARM.attributes
                0x00000289       0x3b ./Sources/TFC/TFC_LineScanCamera.o
 .ARM.attributes
                0x000002c4       0x3b ./Sources/TFC/TFC_DMA.o
 .ARM.attributes
                0x000002ff       0x3b ./Sources/TFC/TFC_CrystalClock.o
 .ARM.attributes
                0x0000033a       0x3b ./Sources/TFC/TFC_BoardSupport.o
 .ARM.attributes
                0x00000375       0x3b ./Sources/TFC/TFC_ADC.o
 .ARM.attributes
                0x000003b0       0x3b ./Sources/TFC/TFC.o
 .ARM.attributes
                0x000003eb       0x3b ./Sources/main.o
 .ARM.attributes
                0x00000426       0x3b ./Sources/demo.o
 .ARM.attributes
                0x00000461       0x3b ./Sources/Spices.o
 .ARM.attributes
                0x0000049c       0x3b C:/Freescale/CW MCU v10.6/MCU/ARM_GCC_Support/ewl/lib/armv7e-m/fpu\libc.a(vsprintf.o)
 .ARM.attributes
                0x000004d7       0x3b C:/Freescale/CW MCU v10.6/MCU/ARM_GCC_Support/ewl/lib/armv7e-m/fpu\libc.a(sscanf.o)
 .ARM.attributes
                0x00000512       0x3b C:/Freescale/CW MCU v10.6/MCU/ARM_GCC_Support/ewl/lib/armv7e-m/fpu\libc.a(sprintf.o)
 .ARM.attributes
                0x0000054d       0x3b C:/Freescale/CW MCU v10.6/MCU/ARM_GCC_Support/ewl/lib/armv7e-m/fpu\libc.a(vsscanf.o)
 .ARM.attributes
                0x00000588       0x3b C:/Freescale/CW MCU v10.6/MCU/ARM_GCC_Support/ewl/lib/armv7e-m/fpu\libc.a(exit.o)
 .ARM.attributes
                0x000005c3       0x3b C:/Freescale/CW MCU v10.6/MCU/ARM_GCC_Support/ewl/lib/armv7e-m/fpu\libc.a(memset.o)
 .ARM.attributes
                0x000005fe       0x3b C:/Freescale/CW MCU v10.6/MCU/ARM_GCC_Support/ewl/lib/armv7e-m/fpu\libc.a(__filll_mem.o)
 .ARM.attributes
                0x00000639       0x3b C:/Freescale/CW MCU v10.6/MCU/ARM_GCC_Support/ewl/lib/armv7e-m/fpu\libc.a(strcpy.o)
 .ARM.attributes
                0x00000674       0x3b C:/Freescale/CW MCU v10.6/MCU/ARM_GCC_Support/ewl/lib/armv7e-m/fpu\libc.a(strcmp.o)
 .ARM.attributes
                0x000006af       0x3b C:/Freescale/CW MCU v10.6/MCU/ARM_GCC_Support/ewl/lib/armv7e-m/fpu\libc.a(strlen.o)
 .ARM.attributes
                0x000006ea       0x3b C:/Freescale/CW MCU v10.6/MCU/ARM_GCC_Support/ewl/lib/armv7e-m/fpu\libc.a(printformat_.o)
 .ARM.attributes
                0x00000725       0x3b C:/Freescale/CW MCU v10.6/MCU/ARM_GCC_Support/ewl/lib/armv7e-m/fpu\libc.a(scanformat_.o)
 .ARM.attributes
                0x00000760       0x3b C:/Freescale/CW MCU v10.6/MCU/ARM_GCC_Support/ewl/lib/armv7e-m/fpu\libc.a(ctype_aeabi.o)
 .ARM.attributes
                0x0000079b       0x3b C:/Freescale/CW MCU v10.6/MCU/ARM_GCC_Support/ewl/lib/armv7e-m/fpu\libc.a(vsnprintf.o)
 .ARM.attributes
                0x000007d6       0x3b C:/Freescale/CW MCU v10.6/MCU/ARM_GCC_Support/ewl/lib/armv7e-m/fpu\libc.a(__strtoul.o)
 .ARM.attributes
                0x00000811       0x3b C:/Freescale/CW MCU v10.6/MCU/ARM_GCC_Support/ewl/lib/armv7e-m/fpu\libc.a(strchr.o)
 .ARM.attributes
                0x0000084c       0x3b C:/Freescale/CW MCU v10.6/MCU/ARM_GCC_Support/ewl/lib/armv7e-m/fpu\libc.a(memcpy.o)
 .ARM.attributes
                0x00000887       0x3b C:/Freescale/CW MCU v10.6/MCU/ARM_GCC_Support/ewl/lib/armv7e-m/fpu\libc.a(memchr.o)
 .ARM.attributes
                0x000008c2       0x3b C:/Freescale/CW MCU v10.6/MCU/ARM_GCC_Support/ewl/lib/armv7e-m/fpu\libm.a(w_log.o)
 .ARM.attributes
                0x000008fd       0x3b C:/Freescale/CW MCU v10.6/MCU/ARM_GCC_Support/ewl/lib/armv7e-m/fpu\libm.a(w_exp.o)
 .ARM.attributes
                0x00000938       0x3b C:/Freescale/CW MCU v10.6/MCU/ARM_GCC_Support/ewl/lib/armv7e-m/fpu\libm.a(e_log.o)
 .ARM.attributes
                0x00000973       0x3b C:/Freescale/CW MCU v10.6/MCU/ARM_GCC_Support/ewl/lib/armv7e-m/fpu\libm.a(e_exp.o)
 .ARM.attributes
                0x000009ae       0x24 c:/freescale/cw mcu v10.6/cross_tools/arm-none-eabi-gcc-4_7_3/bin/../lib/gcc/arm-none-eabi/4.7.3/armv7e-m/fpu\libgcc.a(_arm_addsubdf3.o)
 .ARM.attributes
                0x000009d2       0x24 c:/freescale/cw mcu v10.6/cross_tools/arm-none-eabi-gcc-4_7_3/bin/../lib/gcc/arm-none-eabi/4.7.3/armv7e-m/fpu\libgcc.a(_arm_muldivdf3.o)
 .ARM.attributes
                0x000009f6       0x24 c:/freescale/cw mcu v10.6/cross_tools/arm-none-eabi-gcc-4_7_3/bin/../lib/gcc/arm-none-eabi/4.7.3/armv7e-m/fpu\libgcc.a(_arm_cmpdf2.o)
 .ARM.attributes
                0x00000a1a       0x24 c:/freescale/cw mcu v10.6/cross_tools/arm-none-eabi-gcc-4_7_3/bin/../lib/gcc/arm-none-eabi/4.7.3/armv7e-m/fpu\libgcc.a(_arm_fixdfsi.o)
 .ARM.attributes
                0x00000a3e       0x24 c:/freescale/cw mcu v10.6/cross_tools/arm-none-eabi-gcc-4_7_3/bin/../lib/gcc/arm-none-eabi/4.7.3/armv7e-m/fpu\libgcc.a(_arm_truncdfsf2.o)
 .ARM.attributes
                0x00000a62       0x3b C:/Freescale/CW MCU v10.6/MCU/ARM_GCC_Support/ewl/lib/armv7e-m/fpu\librt.a(gcc_ctor_dtor.o)
 .ARM.attributes
                0x00000a9d       0x3b C:/Freescale/CW MCU v10.6/MCU/ARM_GCC_Support/ewl/lib/armv7e-m/fpu\librt.a(__arm_eabi_init.o)
 .ARM.attributes
                0x00000ad8       0x3b C:/Freescale/CW MCU v10.6/MCU/ARM_GCC_Support/ewl/lib/armv7e-m/fpu\librt.a(ROMCopy.o)
 .ARM.attributes
                0x00000b13       0x3b C:/Freescale/CW MCU v10.6/MCU/ARM_GCC_Support/ewl/lib/armv7e-m/fpu\libc.a(errno.o)
OUTPUT(daMigrator.elf elf32-littlearm)

.debug_info     0x00000000     0x87cf
 .debug_info    0x00000000      0x387 ./Project_Settings/Startup_Code/kinetis_sysinit.o
 .debug_info    0x00000387      0x12a ./Project_Settings/Startup_Code/__arm_start.o
 .debug_info    0x000004b1       0x54 ./Project_Settings/Startup_Code/__arm_end.o
 .debug_info    0x00000505      0x943 ./Sources/TFC/TFC_i2c.o
 .debug_info    0x00000e48      0x4a5 ./Sources/TFC/TFC_arm_cm4.o
 .debug_info    0x000012ed      0xa4d ./Sources/TFC/TFC_UART.o
 .debug_info    0x00001d3a      0x487 ./Sources/TFC/TFC_Terminal.o
 .debug_info    0x000021c1      0x1b0 ./Sources/TFC/TFC_SysTick.o
 .debug_info    0x00002371      0x5c5 ./Sources/TFC/TFC_Servo.o
 .debug_info    0x00002936      0x302 ./Sources/TFC/TFC_Queue.o
 .debug_info    0x00002c38      0x580 ./Sources/TFC/TFC_Motor.o
 .debug_info    0x000031b8      0x388 ./Sources/TFC/TFC_LineScanCamera.o
 .debug_info    0x00003540      0x294 ./Sources/TFC/TFC_DMA.o
 .debug_info    0x000037d4      0x39e ./Sources/TFC/TFC_CrystalClock.o
 .debug_info    0x00003b72      0x449 ./Sources/TFC/TFC_BoardSupport.o
 .debug_info    0x00003fbb      0xd77 ./Sources/TFC/TFC_ADC.o
 .debug_info    0x00004d32      0x128 ./Sources/TFC/TFC.o
 .debug_info    0x00004e5a       0xa4 ./Sources/main.o
 .debug_info    0x00004efe      0x301 ./Sources/demo.o
 .debug_info    0x000051ff      0x7af ./Sources/Spices.o
 .debug_info    0x000059ae      0x12a C:/Freescale/CW MCU v10.6/MCU/ARM_GCC_Support/ewl/lib/armv7e-m/fpu\libc.a(vsprintf.o)
 .debug_info    0x00005ad8      0x118 C:/Freescale/CW MCU v10.6/MCU/ARM_GCC_Support/ewl/lib/armv7e-m/fpu\libc.a(sscanf.o)
 .debug_info    0x00005bf0      0x11e C:/Freescale/CW MCU v10.6/MCU/ARM_GCC_Support/ewl/lib/armv7e-m/fpu\libc.a(sprintf.o)
 .debug_info    0x00005d0e      0x252 C:/Freescale/CW MCU v10.6/MCU/ARM_GCC_Support/ewl/lib/armv7e-m/fpu\libc.a(vsscanf.o)
 .debug_info    0x00005f60       0xe8 C:/Freescale/CW MCU v10.6/MCU/ARM_GCC_Support/ewl/lib/armv7e-m/fpu\libc.a(exit.o)
 .debug_info    0x00006048       0xec C:/Freescale/CW MCU v10.6/MCU/ARM_GCC_Support/ewl/lib/armv7e-m/fpu\libc.a(memset.o)
 .debug_info    0x00006134      0x135 C:/Freescale/CW MCU v10.6/MCU/ARM_GCC_Support/ewl/lib/armv7e-m/fpu\libc.a(__filll_mem.o)
 .debug_info    0x00006269      0x108 C:/Freescale/CW MCU v10.6/MCU/ARM_GCC_Support/ewl/lib/armv7e-m/fpu\libc.a(strcpy.o)
 .debug_info    0x00006371      0x114 C:/Freescale/CW MCU v10.6/MCU/ARM_GCC_Support/ewl/lib/armv7e-m/fpu\libc.a(strcmp.o)
 .debug_info    0x00006485       0xeb C:/Freescale/CW MCU v10.6/MCU/ARM_GCC_Support/ewl/lib/armv7e-m/fpu\libc.a(strlen.o)
 .debug_info    0x00006570      0x50e C:/Freescale/CW MCU v10.6/MCU/ARM_GCC_Support/ewl/lib/armv7e-m/fpu\libc.a(printformat_.o)
 .debug_info    0x00006a7e      0x565 C:/Freescale/CW MCU v10.6/MCU/ARM_GCC_Support/ewl/lib/armv7e-m/fpu\libc.a(scanformat_.o)
 .debug_info    0x00006fe3      0x306 C:/Freescale/CW MCU v10.6/MCU/ARM_GCC_Support/ewl/lib/armv7e-m/fpu\libc.a(ctype_aeabi.o)
 .debug_info    0x000072e9      0x205 C:/Freescale/CW MCU v10.6/MCU/ARM_GCC_Support/ewl/lib/armv7e-m/fpu\libc.a(vsnprintf.o)
 .debug_info    0x000074ee      0x1d6 C:/Freescale/CW MCU v10.6/MCU/ARM_GCC_Support/ewl/lib/armv7e-m/fpu\libc.a(__strtoul.o)
 .debug_info    0x000076c4      0x108 C:/Freescale/CW MCU v10.6/MCU/ARM_GCC_Support/ewl/lib/armv7e-m/fpu\libc.a(strchr.o)
 .debug_info    0x000077cc      0x10f C:/Freescale/CW MCU v10.6/MCU/ARM_GCC_Support/ewl/lib/armv7e-m/fpu\libc.a(memcpy.o)
 .debug_info    0x000078db      0x120 C:/Freescale/CW MCU v10.6/MCU/ARM_GCC_Support/ewl/lib/armv7e-m/fpu\libc.a(memchr.o)
 .debug_info    0x000079fb       0xb2 C:/Freescale/CW MCU v10.6/MCU/ARM_GCC_Support/ewl/lib/armv7e-m/fpu\libm.a(w_log.o)
 .debug_info    0x00007aad       0xb2 C:/Freescale/CW MCU v10.6/MCU/ARM_GCC_Support/ewl/lib/armv7e-m/fpu\libm.a(w_exp.o)
 .debug_info    0x00007b5f      0x300 C:/Freescale/CW MCU v10.6/MCU/ARM_GCC_Support/ewl/lib/armv7e-m/fpu\libm.a(e_log.o)
 .debug_info    0x00007e5f      0x325 C:/Freescale/CW MCU v10.6/MCU/ARM_GCC_Support/ewl/lib/armv7e-m/fpu\libm.a(e_exp.o)
 .debug_info    0x00008184      0x136 C:/Freescale/CW MCU v10.6/MCU/ARM_GCC_Support/ewl/lib/armv7e-m/fpu\librt.a(gcc_ctor_dtor.o)
 .debug_info    0x000082ba      0x2de C:/Freescale/CW MCU v10.6/MCU/ARM_GCC_Support/ewl/lib/armv7e-m/fpu\librt.a(__arm_eabi_init.o)
 .debug_info    0x00008598      0x19a C:/Freescale/CW MCU v10.6/MCU/ARM_GCC_Support/ewl/lib/armv7e-m/fpu\librt.a(ROMCopy.o)
 .debug_info    0x00008732       0x9d C:/Freescale/CW MCU v10.6/MCU/ARM_GCC_Support/ewl/lib/armv7e-m/fpu\libc.a(errno.o)

.debug_abbrev   0x00000000     0x288e
 .debug_abbrev  0x00000000       0xf6 ./Project_Settings/Startup_Code/kinetis_sysinit.o
 .debug_abbrev  0x000000f6       0x92 ./Project_Settings/Startup_Code/__arm_start.o
 .debug_abbrev  0x00000188       0x4c ./Project_Settings/Startup_Code/__arm_end.o
 .debug_abbrev  0x000001d4      0x1c1 ./Sources/TFC/TFC_i2c.o
 .debug_abbrev  0x00000395      0x128 ./Sources/TFC/TFC_arm_cm4.o
 .debug_abbrev  0x000004bd      0x194 ./Sources/TFC/TFC_UART.o
 .debug_abbrev  0x00000651      0x143 ./Sources/TFC/TFC_Terminal.o
 .debug_abbrev  0x00000794      0x10e ./Sources/TFC/TFC_SysTick.o
 .debug_abbrev  0x000008a2      0x100 ./Sources/TFC/TFC_Servo.o
 .debug_abbrev  0x000009a2      0x107 ./Sources/TFC/TFC_Queue.o
 .debug_abbrev  0x00000aa9       0xef ./Sources/TFC/TFC_Motor.o
 .debug_abbrev  0x00000b98      0x106 ./Sources/TFC/TFC_LineScanCamera.o
 .debug_abbrev  0x00000c9e       0x9e ./Sources/TFC/TFC_DMA.o
 .debug_abbrev  0x00000d3c       0xbc ./Sources/TFC/TFC_CrystalClock.o
 .debug_abbrev  0x00000df8       0xf7 ./Sources/TFC/TFC_BoardSupport.o
 .debug_abbrev  0x00000eef      0x1b5 ./Sources/TFC/TFC_ADC.o
 .debug_abbrev  0x000010a4       0x83 ./Sources/TFC/TFC.o
 .debug_abbrev  0x00001127       0x3f ./Sources/main.o
 .debug_abbrev  0x00001166      0x114 ./Sources/demo.o
 .debug_abbrev  0x0000127a      0x14c ./Sources/Spices.o
 .debug_abbrev  0x000013c6       0x9d C:/Freescale/CW MCU v10.6/MCU/ARM_GCC_Support/ewl/lib/armv7e-m/fpu\libc.a(vsprintf.o)
 .debug_abbrev  0x00001463       0xb1 C:/Freescale/CW MCU v10.6/MCU/ARM_GCC_Support/ewl/lib/armv7e-m/fpu\libc.a(sscanf.o)
 .debug_abbrev  0x00001514       0xb1 C:/Freescale/CW MCU v10.6/MCU/ARM_GCC_Support/ewl/lib/armv7e-m/fpu\libc.a(sprintf.o)
 .debug_abbrev  0x000015c5      0x15f C:/Freescale/CW MCU v10.6/MCU/ARM_GCC_Support/ewl/lib/armv7e-m/fpu\libc.a(vsscanf.o)
 .debug_abbrev  0x00001724       0x7a C:/Freescale/CW MCU v10.6/MCU/ARM_GCC_Support/ewl/lib/armv7e-m/fpu\libc.a(exit.o)
 .debug_abbrev  0x0000179e       0x62 C:/Freescale/CW MCU v10.6/MCU/ARM_GCC_Support/ewl/lib/armv7e-m/fpu\libc.a(memset.o)
 .debug_abbrev  0x00001800       0x87 C:/Freescale/CW MCU v10.6/MCU/ARM_GCC_Support/ewl/lib/armv7e-m/fpu\libc.a(__filll_mem.o)
 .debug_abbrev  0x00001887       0x78 C:/Freescale/CW MCU v10.6/MCU/ARM_GCC_Support/ewl/lib/armv7e-m/fpu\libc.a(strcpy.o)
 .debug_abbrev  0x000018ff       0x89 C:/Freescale/CW MCU v10.6/MCU/ARM_GCC_Support/ewl/lib/armv7e-m/fpu\libc.a(strcmp.o)
 .debug_abbrev  0x00001988       0x7a C:/Freescale/CW MCU v10.6/MCU/ARM_GCC_Support/ewl/lib/armv7e-m/fpu\libc.a(strlen.o)
 .debug_abbrev  0x00001a02      0x200 C:/Freescale/CW MCU v10.6/MCU/ARM_GCC_Support/ewl/lib/armv7e-m/fpu\libc.a(printformat_.o)
 .debug_abbrev  0x00001c02      0x1f0 C:/Freescale/CW MCU v10.6/MCU/ARM_GCC_Support/ewl/lib/armv7e-m/fpu\libc.a(scanformat_.o)
 .debug_abbrev  0x00001df2       0x85 C:/Freescale/CW MCU v10.6/MCU/ARM_GCC_Support/ewl/lib/armv7e-m/fpu\libc.a(ctype_aeabi.o)
 .debug_abbrev  0x00001e77       0xf0 C:/Freescale/CW MCU v10.6/MCU/ARM_GCC_Support/ewl/lib/armv7e-m/fpu\libc.a(vsnprintf.o)
 .debug_abbrev  0x00001f67       0xc2 C:/Freescale/CW MCU v10.6/MCU/ARM_GCC_Support/ewl/lib/armv7e-m/fpu\libc.a(__strtoul.o)
 .debug_abbrev  0x00002029       0x89 C:/Freescale/CW MCU v10.6/MCU/ARM_GCC_Support/ewl/lib/armv7e-m/fpu\libc.a(strchr.o)
 .debug_abbrev  0x000020b2       0x95 C:/Freescale/CW MCU v10.6/MCU/ARM_GCC_Support/ewl/lib/armv7e-m/fpu\libc.a(memcpy.o)
 .debug_abbrev  0x00002147       0x95 C:/Freescale/CW MCU v10.6/MCU/ARM_GCC_Support/ewl/lib/armv7e-m/fpu\libc.a(memchr.o)
 .debug_abbrev  0x000021dc       0x59 C:/Freescale/CW MCU v10.6/MCU/ARM_GCC_Support/ewl/lib/armv7e-m/fpu\libm.a(w_log.o)
 .debug_abbrev  0x00002235       0x59 C:/Freescale/CW MCU v10.6/MCU/ARM_GCC_Support/ewl/lib/armv7e-m/fpu\libm.a(w_exp.o)
 .debug_abbrev  0x0000228e       0xfb C:/Freescale/CW MCU v10.6/MCU/ARM_GCC_Support/ewl/lib/armv7e-m/fpu\libm.a(e_log.o)
 .debug_abbrev  0x00002389      0x116 C:/Freescale/CW MCU v10.6/MCU/ARM_GCC_Support/ewl/lib/armv7e-m/fpu\libm.a(e_exp.o)
 .debug_abbrev  0x0000249f       0x99 C:/Freescale/CW MCU v10.6/MCU/ARM_GCC_Support/ewl/lib/armv7e-m/fpu\librt.a(gcc_ctor_dtor.o)
 .debug_abbrev  0x00002538      0x1db C:/Freescale/CW MCU v10.6/MCU/ARM_GCC_Support/ewl/lib/armv7e-m/fpu\librt.a(__arm_eabi_init.o)
 .debug_abbrev  0x00002713      0x137 C:/Freescale/CW MCU v10.6/MCU/ARM_GCC_Support/ewl/lib/armv7e-m/fpu\librt.a(ROMCopy.o)
 .debug_abbrev  0x0000284a       0x44 C:/Freescale/CW MCU v10.6/MCU/ARM_GCC_Support/ewl/lib/armv7e-m/fpu\libc.a(errno.o)

.debug_loc      0x00000000     0x39ce
 .debug_loc     0x00000000       0x58 ./Project_Settings/Startup_Code/kinetis_sysinit.o
 .debug_loc     0x00000058       0x2c ./Project_Settings/Startup_Code/__arm_start.o
 .debug_loc     0x00000084       0x38 ./Project_Settings/Startup_Code/__arm_end.o
 .debug_loc     0x000000bc      0x251 ./Sources/TFC/TFC_i2c.o
 .debug_loc     0x0000030d      0x138 ./Sources/TFC/TFC_arm_cm4.o
 .debug_loc     0x00000445      0x170 ./Sources/TFC/TFC_UART.o
 .debug_loc     0x000005b5      0x218 ./Sources/TFC/TFC_Terminal.o
 .debug_loc     0x000007cd       0xd4 ./Sources/TFC/TFC_SysTick.o
 .debug_loc     0x000008a1       0xc8 ./Sources/TFC/TFC_Servo.o
 .debug_loc     0x00000969      0x194 ./Sources/TFC/TFC_Queue.o
 .debug_loc     0x00000afd       0x64 ./Sources/TFC/TFC_Motor.o
 .debug_loc     0x00000b61       0x64 ./Sources/TFC/TFC_LineScanCamera.o
 .debug_loc     0x00000bc5       0x2c ./Sources/TFC/TFC_DMA.o
 .debug_loc     0x00000bf1       0x2c ./Sources/TFC/TFC_CrystalClock.o
 .debug_loc     0x00000c1d       0x9c ./Sources/TFC/TFC_BoardSupport.o
 .debug_loc     0x00000cb9      0x244 ./Sources/TFC/TFC_ADC.o
 .debug_loc     0x00000efd       0x58 ./Sources/TFC/TFC.o
 .debug_loc     0x00000f55       0x2c ./Sources/main.o
 .debug_loc     0x00000f81       0x70 ./Sources/demo.o
 .debug_loc     0x00000ff1      0x2b0 ./Sources/Spices.o
 .debug_loc     0x000012a1       0x64 C:/Freescale/CW MCU v10.6/MCU/ARM_GCC_Support/ewl/lib/armv7e-m/fpu\libc.a(vsprintf.o)
 .debug_loc     0x00001305       0x3f C:/Freescale/CW MCU v10.6/MCU/ARM_GCC_Support/ewl/lib/armv7e-m/fpu\libc.a(sscanf.o)
 .debug_loc     0x00001344       0x3f C:/Freescale/CW MCU v10.6/MCU/ARM_GCC_Support/ewl/lib/armv7e-m/fpu\libc.a(sprintf.o)
 .debug_loc     0x00001383      0x162 C:/Freescale/CW MCU v10.6/MCU/ARM_GCC_Support/ewl/lib/armv7e-m/fpu\libc.a(vsscanf.o)
 .debug_loc     0x000014e5       0x3e C:/Freescale/CW MCU v10.6/MCU/ARM_GCC_Support/ewl/lib/armv7e-m/fpu\libc.a(exit.o)
 .debug_loc     0x00001523       0x64 C:/Freescale/CW MCU v10.6/MCU/ARM_GCC_Support/ewl/lib/armv7e-m/fpu\libc.a(memset.o)
 .debug_loc     0x00001587      0x12c C:/Freescale/CW MCU v10.6/MCU/ARM_GCC_Support/ewl/lib/armv7e-m/fpu\libc.a(__filll_mem.o)
 .debug_loc     0x000016b3       0x64 C:/Freescale/CW MCU v10.6/MCU/ARM_GCC_Support/ewl/lib/armv7e-m/fpu\libc.a(strcmp.o)
 .debug_loc     0x00001717       0x26 C:/Freescale/CW MCU v10.6/MCU/ARM_GCC_Support/ewl/lib/armv7e-m/fpu\libc.a(strlen.o)
 .debug_loc     0x0000173d      0xbdc C:/Freescale/CW MCU v10.6/MCU/ARM_GCC_Support/ewl/lib/armv7e-m/fpu\libc.a(printformat_.o)
 .debug_loc     0x00002319      0x8b6 C:/Freescale/CW MCU v10.6/MCU/ARM_GCC_Support/ewl/lib/armv7e-m/fpu\libc.a(scanformat_.o)
 .debug_loc     0x00002bcf      0x18e C:/Freescale/CW MCU v10.6/MCU/ARM_GCC_Support/ewl/lib/armv7e-m/fpu\libc.a(ctype_aeabi.o)
 .debug_loc     0x00002d5d      0x105 C:/Freescale/CW MCU v10.6/MCU/ARM_GCC_Support/ewl/lib/armv7e-m/fpu\libc.a(vsnprintf.o)
 .debug_loc     0x00002e62      0x2bb C:/Freescale/CW MCU v10.6/MCU/ARM_GCC_Support/ewl/lib/armv7e-m/fpu\libc.a(__strtoul.o)
 .debug_loc     0x0000311d       0x7c C:/Freescale/CW MCU v10.6/MCU/ARM_GCC_Support/ewl/lib/armv7e-m/fpu\libc.a(strchr.o)
 .debug_loc     0x00003199       0x59 C:/Freescale/CW MCU v10.6/MCU/ARM_GCC_Support/ewl/lib/armv7e-m/fpu\libc.a(memcpy.o)
 .debug_loc     0x000031f2       0x62 C:/Freescale/CW MCU v10.6/MCU/ARM_GCC_Support/ewl/lib/armv7e-m/fpu\libc.a(memchr.o)
 .debug_loc     0x00003254       0x1a C:/Freescale/CW MCU v10.6/MCU/ARM_GCC_Support/ewl/lib/armv7e-m/fpu\libm.a(w_log.o)
 .debug_loc     0x0000326e       0x1a C:/Freescale/CW MCU v10.6/MCU/ARM_GCC_Support/ewl/lib/armv7e-m/fpu\libm.a(w_exp.o)
 .debug_loc     0x00003288      0x27a C:/Freescale/CW MCU v10.6/MCU/ARM_GCC_Support/ewl/lib/armv7e-m/fpu\libm.a(e_log.o)
 .debug_loc     0x00003502      0x232 C:/Freescale/CW MCU v10.6/MCU/ARM_GCC_Support/ewl/lib/armv7e-m/fpu\libm.a(e_exp.o)
 .debug_loc     0x00003734       0x9d C:/Freescale/CW MCU v10.6/MCU/ARM_GCC_Support/ewl/lib/armv7e-m/fpu\librt.a(gcc_ctor_dtor.o)
 .debug_loc     0x000037d1      0x144 C:/Freescale/CW MCU v10.6/MCU/ARM_GCC_Support/ewl/lib/armv7e-m/fpu\librt.a(__arm_eabi_init.o)
 .debug_loc     0x00003915       0xb9 C:/Freescale/CW MCU v10.6/MCU/ARM_GCC_Support/ewl/lib/armv7e-m/fpu\librt.a(ROMCopy.o)

.debug_aranges  0x00000000      0x8e0
 .debug_aranges
                0x00000000       0x28 ./Project_Settings/Startup_Code/kinetis_sysinit.o
 .debug_aranges
                0x00000028       0x30 ./Project_Settings/Startup_Code/__arm_start.o
 .debug_aranges
                0x00000058       0x20 ./Project_Settings/Startup_Code/__arm_end.o
 .debug_aranges
                0x00000078       0x70 ./Sources/TFC/TFC_i2c.o
 .debug_aranges
                0x000000e8       0x48 ./Sources/TFC/TFC_arm_cm4.o
 .debug_aranges
                0x00000130       0x50 ./Sources/TFC/TFC_UART.o
 .debug_aranges
                0x00000180       0x68 ./Sources/TFC/TFC_Terminal.o
 .debug_aranges
                0x000001e8       0x38 ./Sources/TFC/TFC_SysTick.o
 .debug_aranges
                0x00000220       0x38 ./Sources/TFC/TFC_Servo.o
 .debug_aranges
                0x00000258       0x50 ./Sources/TFC/TFC_Queue.o
 .debug_aranges
                0x000002a8       0x28 ./Sources/TFC/TFC_Motor.o
 .debug_aranges
                0x000002d0       0x28 ./Sources/TFC/TFC_LineScanCamera.o
 .debug_aranges
                0x000002f8       0x20 ./Sources/TFC/TFC_DMA.o
 .debug_aranges
                0x00000318       0x20 ./Sources/TFC/TFC_CrystalClock.o
 .debug_aranges
                0x00000338       0x30 ./Sources/TFC/TFC_BoardSupport.o
 .debug_aranges
                0x00000368       0x70 ./Sources/TFC/TFC_ADC.o
 .debug_aranges
                0x000003d8       0x28 ./Sources/TFC/TFC.o
 .debug_aranges
                0x00000400       0x20 ./Sources/main.o
 .debug_aranges
                0x00000420       0x28 ./Sources/demo.o
 .debug_aranges
                0x00000448       0x88 ./Sources/Spices.o
 .debug_aranges
                0x000004d0       0x20 C:/Freescale/CW MCU v10.6/MCU/ARM_GCC_Support/ewl/lib/armv7e-m/fpu\libc.a(vsprintf.o)
 .debug_aranges
                0x000004f0       0x20 C:/Freescale/CW MCU v10.6/MCU/ARM_GCC_Support/ewl/lib/armv7e-m/fpu\libc.a(sscanf.o)
 .debug_aranges
                0x00000510       0x20 C:/Freescale/CW MCU v10.6/MCU/ARM_GCC_Support/ewl/lib/armv7e-m/fpu\libc.a(sprintf.o)
 .debug_aranges
                0x00000530       0x28 C:/Freescale/CW MCU v10.6/MCU/ARM_GCC_Support/ewl/lib/armv7e-m/fpu\libc.a(vsscanf.o)
 .debug_aranges
                0x00000558       0x20 C:/Freescale/CW MCU v10.6/MCU/ARM_GCC_Support/ewl/lib/armv7e-m/fpu\libc.a(exit.o)
 .debug_aranges
                0x00000578       0x20 C:/Freescale/CW MCU v10.6/MCU/ARM_GCC_Support/ewl/lib/armv7e-m/fpu\libc.a(memset.o)
 .debug_aranges
                0x00000598       0x20 C:/Freescale/CW MCU v10.6/MCU/ARM_GCC_Support/ewl/lib/armv7e-m/fpu\libc.a(__filll_mem.o)
 .debug_aranges
                0x000005b8       0x20 C:/Freescale/CW MCU v10.6/MCU/ARM_GCC_Support/ewl/lib/armv7e-m/fpu\libc.a(strcpy.o)
 .debug_aranges
                0x000005d8       0x20 C:/Freescale/CW MCU v10.6/MCU/ARM_GCC_Support/ewl/lib/armv7e-m/fpu\libc.a(strcmp.o)
 .debug_aranges
                0x000005f8       0x20 C:/Freescale/CW MCU v10.6/MCU/ARM_GCC_Support/ewl/lib/armv7e-m/fpu\libc.a(strlen.o)
 .debug_aranges
                0x00000618       0x28 C:/Freescale/CW MCU v10.6/MCU/ARM_GCC_Support/ewl/lib/armv7e-m/fpu\libc.a(printformat_.o)
 .debug_aranges
                0x00000640       0x20 C:/Freescale/CW MCU v10.6/MCU/ARM_GCC_Support/ewl/lib/armv7e-m/fpu\libc.a(scanformat_.o)
 .debug_aranges
                0x00000660       0x88 C:/Freescale/CW MCU v10.6/MCU/ARM_GCC_Support/ewl/lib/armv7e-m/fpu\libc.a(ctype_aeabi.o)
 .debug_aranges
                0x000006e8       0x28 C:/Freescale/CW MCU v10.6/MCU/ARM_GCC_Support/ewl/lib/armv7e-m/fpu\libc.a(vsnprintf.o)
 .debug_aranges
                0x00000710       0x20 C:/Freescale/CW MCU v10.6/MCU/ARM_GCC_Support/ewl/lib/armv7e-m/fpu\libc.a(__strtoul.o)
 .debug_aranges
                0x00000730       0x20 C:/Freescale/CW MCU v10.6/MCU/ARM_GCC_Support/ewl/lib/armv7e-m/fpu\libc.a(strchr.o)
 .debug_aranges
                0x00000750       0x20 C:/Freescale/CW MCU v10.6/MCU/ARM_GCC_Support/ewl/lib/armv7e-m/fpu\libc.a(memcpy.o)
 .debug_aranges
                0x00000770       0x20 C:/Freescale/CW MCU v10.6/MCU/ARM_GCC_Support/ewl/lib/armv7e-m/fpu\libc.a(memchr.o)
 .debug_aranges
                0x00000790       0x20 C:/Freescale/CW MCU v10.6/MCU/ARM_GCC_Support/ewl/lib/armv7e-m/fpu\libm.a(w_log.o)
 .debug_aranges
                0x000007b0       0x20 C:/Freescale/CW MCU v10.6/MCU/ARM_GCC_Support/ewl/lib/armv7e-m/fpu\libm.a(w_exp.o)
 .debug_aranges
                0x000007d0       0x20 C:/Freescale/CW MCU v10.6/MCU/ARM_GCC_Support/ewl/lib/armv7e-m/fpu\libm.a(e_log.o)
 .debug_aranges
                0x000007f0       0x20 C:/Freescale/CW MCU v10.6/MCU/ARM_GCC_Support/ewl/lib/armv7e-m/fpu\libm.a(e_exp.o)
 .debug_aranges
                0x00000810       0x28 C:/Freescale/CW MCU v10.6/MCU/ARM_GCC_Support/ewl/lib/armv7e-m/fpu\librt.a(gcc_ctor_dtor.o)
 .debug_aranges
                0x00000838       0x60 C:/Freescale/CW MCU v10.6/MCU/ARM_GCC_Support/ewl/lib/armv7e-m/fpu\librt.a(__arm_eabi_init.o)
 .debug_aranges
                0x00000898       0x30 C:/Freescale/CW MCU v10.6/MCU/ARM_GCC_Support/ewl/lib/armv7e-m/fpu\librt.a(ROMCopy.o)
 .debug_aranges
                0x000008c8       0x18 C:/Freescale/CW MCU v10.6/MCU/ARM_GCC_Support/ewl/lib/armv7e-m/fpu\libc.a(errno.o)

.debug_macinfo  0x00000000   0x707996
 .debug_macinfo
                0x00000000    0x61d23 ./Project_Settings/Startup_Code/kinetis_sysinit.o
 .debug_macinfo
                0x00061d23     0x3f41 ./Project_Settings/Startup_Code/__arm_start.o
 .debug_macinfo
                0x00065c64     0x352a ./Project_Settings/Startup_Code/__arm_end.o
 .debug_macinfo
                0x0006918e    0x638e8 ./Sources/TFC/TFC_i2c.o
 .debug_macinfo
                0x000cca76    0x61ca2 ./Sources/TFC/TFC_arm_cm4.o
 .debug_macinfo
                0x0012e718    0x63878 ./Sources/TFC/TFC_UART.o
 .debug_macinfo
                0x00191f90    0x6390c ./Sources/TFC/TFC_Terminal.o
 .debug_macinfo
                0x001f589c    0x63878 ./Sources/TFC/TFC_SysTick.o
 .debug_macinfo
                0x00259114    0x63927 ./Sources/TFC/TFC_Servo.o
 .debug_macinfo
                0x002bca3b    0x63878 ./Sources/TFC/TFC_Queue.o
 .debug_macinfo
                0x003202b3    0x638cb ./Sources/TFC/TFC_Motor.o
 .debug_macinfo
                0x00383b7e    0x63878 ./Sources/TFC/TFC_LineScanCamera.o
 .debug_macinfo
                0x003e73f6    0x63878 ./Sources/TFC/TFC_DMA.o
 .debug_macinfo
                0x0044ac6e    0x63878 ./Sources/TFC/TFC_CrystalClock.o
 .debug_macinfo
                0x004ae4e6    0x63878 ./Sources/TFC/TFC_BoardSupport.o
 .debug_macinfo
                0x00511d5e    0x640ae ./Sources/TFC/TFC_ADC.o
 .debug_macinfo
                0x00575e0c    0x63878 ./Sources/TFC/TFC.o
 .debug_macinfo
                0x005d9684    0x6543d ./Sources/main.o
 .debug_macinfo
                0x0063eac1    0x65431 ./Sources/demo.o
 .debug_macinfo
                0x006a3ef2    0x63aa4 ./Sources/Spices.o

.debug_line     0x00000000     0x68b0
 .debug_line    0x00000000      0x202 ./Project_Settings/Startup_Code/kinetis_sysinit.o
 .debug_line    0x00000202      0x285 ./Project_Settings/Startup_Code/__arm_start.o
 .debug_line    0x00000487      0x265 ./Project_Settings/Startup_Code/__arm_end.o
 .debug_line    0x000006ec      0x5cb ./Sources/TFC/TFC_i2c.o
 .debug_line    0x00000cb7      0x252 ./Sources/TFC/TFC_arm_cm4.o
 .debug_line    0x00000f09      0x472 ./Sources/TFC/TFC_UART.o
 .debug_line    0x0000137b      0x50d ./Sources/TFC/TFC_Terminal.o
 .debug_line    0x00001888      0x433 ./Sources/TFC/TFC_SysTick.o
 .debug_line    0x00001cbb      0x439 ./Sources/TFC/TFC_Servo.o
 .debug_line    0x000020f4      0x47c ./Sources/TFC/TFC_Queue.o
 .debug_line    0x00002570      0x431 ./Sources/TFC/TFC_Motor.o
 .debug_line    0x000029a1      0x405 ./Sources/TFC/TFC_LineScanCamera.o
 .debug_line    0x00002da6      0x3e1 ./Sources/TFC/TFC_DMA.o
 .debug_line    0x00003187      0x409 ./Sources/TFC/TFC_CrystalClock.o
 .debug_line    0x00003590      0x42d ./Sources/TFC/TFC_BoardSupport.o
 .debug_line    0x000039bd      0x546 ./Sources/TFC/TFC_ADC.o
 .debug_line    0x00003f03      0x3f8 ./Sources/TFC/TFC.o
 .debug_line    0x000042fb      0x488 ./Sources/main.o
 .debug_line    0x00004783      0x4ec ./Sources/demo.o
 .debug_line    0x00004c6f      0x635 ./Sources/Spices.o
 .debug_line    0x000052a4       0x93 C:/Freescale/CW MCU v10.6/MCU/ARM_GCC_Support/ewl/lib/armv7e-m/fpu\libc.a(vsprintf.o)
 .debug_line    0x00005337       0x91 C:/Freescale/CW MCU v10.6/MCU/ARM_GCC_Support/ewl/lib/armv7e-m/fpu\libc.a(sscanf.o)
 .debug_line    0x000053c8       0x94 C:/Freescale/CW MCU v10.6/MCU/ARM_GCC_Support/ewl/lib/armv7e-m/fpu\libc.a(sprintf.o)
 .debug_line    0x0000545c       0xc3 C:/Freescale/CW MCU v10.6/MCU/ARM_GCC_Support/ewl/lib/armv7e-m/fpu\libc.a(vsscanf.o)
 .debug_line    0x0000551f       0x94 C:/Freescale/CW MCU v10.6/MCU/ARM_GCC_Support/ewl/lib/armv7e-m/fpu\libc.a(exit.o)
 .debug_line    0x000055b3       0x8f C:/Freescale/CW MCU v10.6/MCU/ARM_GCC_Support/ewl/lib/armv7e-m/fpu\libc.a(memset.o)
 .debug_line    0x00005642       0xcd C:/Freescale/CW MCU v10.6/MCU/ARM_GCC_Support/ewl/lib/armv7e-m/fpu\libc.a(__filll_mem.o)
 .debug_line    0x0000570f       0x7d C:/Freescale/CW MCU v10.6/MCU/ARM_GCC_Support/ewl/lib/armv7e-m/fpu\libc.a(strcpy.o)
 .debug_line    0x0000578c       0x82 C:/Freescale/CW MCU v10.6/MCU/ARM_GCC_Support/ewl/lib/armv7e-m/fpu\libc.a(strcmp.o)
 .debug_line    0x0000580e       0x83 C:/Freescale/CW MCU v10.6/MCU/ARM_GCC_Support/ewl/lib/armv7e-m/fpu\libc.a(strlen.o)
 .debug_line    0x00005891      0x2b4 C:/Freescale/CW MCU v10.6/MCU/ARM_GCC_Support/ewl/lib/armv7e-m/fpu\libc.a(printformat_.o)
 .debug_line    0x00005b45      0x2df C:/Freescale/CW MCU v10.6/MCU/ARM_GCC_Support/ewl/lib/armv7e-m/fpu\libc.a(scanformat_.o)
 .debug_line    0x00005e24      0x1a9 C:/Freescale/CW MCU v10.6/MCU/ARM_GCC_Support/ewl/lib/armv7e-m/fpu\libc.a(ctype_aeabi.o)
 .debug_line    0x00005fcd       0xd1 C:/Freescale/CW MCU v10.6/MCU/ARM_GCC_Support/ewl/lib/armv7e-m/fpu\libc.a(vsnprintf.o)
 .debug_line    0x0000609e      0x11b C:/Freescale/CW MCU v10.6/MCU/ARM_GCC_Support/ewl/lib/armv7e-m/fpu\libc.a(__strtoul.o)
 .debug_line    0x000061b9       0x7d C:/Freescale/CW MCU v10.6/MCU/ARM_GCC_Support/ewl/lib/armv7e-m/fpu\libc.a(strchr.o)
 .debug_line    0x00006236       0x8b C:/Freescale/CW MCU v10.6/MCU/ARM_GCC_Support/ewl/lib/armv7e-m/fpu\libc.a(memcpy.o)
 .debug_line    0x000062c1       0x9f C:/Freescale/CW MCU v10.6/MCU/ARM_GCC_Support/ewl/lib/armv7e-m/fpu\libc.a(memchr.o)
 .debug_line    0x00006360       0x75 C:/Freescale/CW MCU v10.6/MCU/ARM_GCC_Support/ewl/lib/armv7e-m/fpu\libm.a(w_log.o)
 .debug_line    0x000063d5       0x75 C:/Freescale/CW MCU v10.6/MCU/ARM_GCC_Support/ewl/lib/armv7e-m/fpu\libm.a(w_exp.o)
 .debug_line    0x0000644a      0x105 C:/Freescale/CW MCU v10.6/MCU/ARM_GCC_Support/ewl/lib/armv7e-m/fpu\libm.a(e_log.o)
 .debug_line    0x0000654f       0xdf C:/Freescale/CW MCU v10.6/MCU/ARM_GCC_Support/ewl/lib/armv7e-m/fpu\libm.a(e_exp.o)
 .debug_line    0x0000662e       0x67 C:/Freescale/CW MCU v10.6/MCU/ARM_GCC_Support/ewl/lib/armv7e-m/fpu\librt.a(gcc_ctor_dtor.o)
 .debug_line    0x00006695      0x125 C:/Freescale/CW MCU v10.6/MCU/ARM_GCC_Support/ewl/lib/armv7e-m/fpu\librt.a(__arm_eabi_init.o)
 .debug_line    0x000067ba       0xa9 C:/Freescale/CW MCU v10.6/MCU/ARM_GCC_Support/ewl/lib/armv7e-m/fpu\librt.a(ROMCopy.o)
 .debug_line    0x00006863       0x4d C:/Freescale/CW MCU v10.6/MCU/ARM_GCC_Support/ewl/lib/armv7e-m/fpu\libc.a(errno.o)

.debug_str      0x00000000     0x24fb
 .debug_str     0x00000000      0x25a ./Project_Settings/Startup_Code/kinetis_sysinit.o
                                0x281 (size before relaxing)
 .debug_str     0x0000025a       0x85 ./Project_Settings/Startup_Code/__arm_start.o
                                0x182 (size before relaxing)
 .debug_str     0x000002df       0x41 ./Project_Settings/Startup_Code/__arm_end.o
                                 0xb9 (size before relaxing)
 .debug_str     0x00000320      0x2be ./Sources/TFC/TFC_i2c.o
                                0x421 (size before relaxing)
 .debug_str     0x000005de       0xb7 ./Sources/TFC/TFC_arm_cm4.o
                                0x262 (size before relaxing)
 .debug_str     0x00000695      0x6b3 ./Sources/TFC/TFC_UART.o
                                0x924 (size before relaxing)
 .debug_str     0x00000d48      0x192 ./Sources/TFC/TFC_Terminal.o
                                0x360 (size before relaxing)
 .debug_str     0x00000eda       0x9a ./Sources/TFC/TFC_SysTick.o
                                0x1b3 (size before relaxing)
 .debug_str     0x00000f74      0x114 ./Sources/TFC/TFC_Servo.o
                                0x342 (size before relaxing)
 .debug_str     0x00001088       0xa4 ./Sources/TFC/TFC_Queue.o
                                0x20d (size before relaxing)
 .debug_str     0x0000112c       0x4a ./Sources/TFC/TFC_Motor.o
                                0x30f (size before relaxing)
 .debug_str     0x00001176       0xec ./Sources/TFC/TFC_LineScanCamera.o
                                0x2a8 (size before relaxing)
 .debug_str     0x00001262       0x25 ./Sources/TFC/TFC_DMA.o
                                0x200 (size before relaxing)
 .debug_str     0x00001287       0x55 ./Sources/TFC/TFC_CrystalClock.o
                                0x230 (size before relaxing)
 .debug_str     0x000012dc       0x6f ./Sources/TFC/TFC_BoardSupport.o
                                0x2be (size before relaxing)
 .debug_str     0x0000134b      0x23d ./Sources/TFC/TFC_ADC.o
                                0xa2f (size before relaxing)
 .debug_str     0x00001588       0x27 ./Sources/TFC/TFC.o
                                0x166 (size before relaxing)
 .debug_str     0x000015af       0x23 ./Sources/main.o
                                0x12d (size before relaxing)
 .debug_str     0x000015d2       0x6b ./Sources/demo.o
                                0x210 (size before relaxing)
 .debug_str     0x0000163d      0x417 ./Sources/Spices.o
                                0x5c8 (size before relaxing)
 .debug_str     0x00001a54       0x3f C:/Freescale/CW MCU v10.6/MCU/ARM_GCC_Support/ewl/lib/armv7e-m/fpu\libc.a(vsprintf.o)
                                0x167 (size before relaxing)
 .debug_str     0x00001a93       0x18 C:/Freescale/CW MCU v10.6/MCU/ARM_GCC_Support/ewl/lib/armv7e-m/fpu\libc.a(sscanf.o)
                                0x161 (size before relaxing)
 .debug_str     0x00001aab       0x14 C:/Freescale/CW MCU v10.6/MCU/ARM_GCC_Support/ewl/lib/armv7e-m/fpu\libc.a(sprintf.o)
                                0x163 (size before relaxing)
 .debug_str     0x00001abf       0x9c C:/Freescale/CW MCU v10.6/MCU/ARM_GCC_Support/ewl/lib/armv7e-m/fpu\libc.a(vsscanf.o)
                                0x1e5 (size before relaxing)
 .debug_str     0x00001b5b       0x2e C:/Freescale/CW MCU v10.6/MCU/ARM_GCC_Support/ewl/lib/armv7e-m/fpu\libc.a(exit.o)
                                0x157 (size before relaxing)
 .debug_str     0x00001b89       0x23 C:/Freescale/CW MCU v10.6/MCU/ARM_GCC_Support/ewl/lib/armv7e-m/fpu\libc.a(memset.o)
                                0x140 (size before relaxing)
 .debug_str     0x00001bac       0x25 C:/Freescale/CW MCU v10.6/MCU/ARM_GCC_Support/ewl/lib/armv7e-m/fpu\libc.a(__filll_mem.o)
                                0x152 (size before relaxing)
 .debug_str     0x00001bd1       0x1c C:/Freescale/CW MCU v10.6/MCU/ARM_GCC_Support/ewl/lib/armv7e-m/fpu\libc.a(strcpy.o)
                                0x142 (size before relaxing)
 .debug_str     0x00001bed       0x26 C:/Freescale/CW MCU v10.6/MCU/ARM_GCC_Support/ewl/lib/armv7e-m/fpu\libc.a(strcmp.o)
                                0x152 (size before relaxing)
 .debug_str     0x00001c13       0x1c C:/Freescale/CW MCU v10.6/MCU/ARM_GCC_Support/ewl/lib/armv7e-m/fpu\libc.a(strlen.o)
                                0x140 (size before relaxing)
 .debug_str     0x00001c2f      0x218 C:/Freescale/CW MCU v10.6/MCU/ARM_GCC_Support/ewl/lib/armv7e-m/fpu\libc.a(printformat_.o)
                                0x3b3 (size before relaxing)
 .debug_str     0x00001e47      0x14b C:/Freescale/CW MCU v10.6/MCU/ARM_GCC_Support/ewl/lib/armv7e-m/fpu\libc.a(scanformat_.o)
                                0x3f9 (size before relaxing)
 .debug_str     0x00001f92       0x9d C:/Freescale/CW MCU v10.6/MCU/ARM_GCC_Support/ewl/lib/armv7e-m/fpu\libc.a(ctype_aeabi.o)
                                0x1bc (size before relaxing)
 .debug_str     0x0000202f       0x7c C:/Freescale/CW MCU v10.6/MCU/ARM_GCC_Support/ewl/lib/armv7e-m/fpu\libc.a(vsnprintf.o)
                                0x1cc (size before relaxing)
 .debug_str     0x000020ab       0x5b C:/Freescale/CW MCU v10.6/MCU/ARM_GCC_Support/ewl/lib/armv7e-m/fpu\libc.a(__strtoul.o)
                                0x1fb (size before relaxing)
 .debug_str     0x00002106       0x1c C:/Freescale/CW MCU v10.6/MCU/ARM_GCC_Support/ewl/lib/armv7e-m/fpu\libc.a(strchr.o)
                                0x137 (size before relaxing)
 .debug_str     0x00002122       0x1c C:/Freescale/CW MCU v10.6/MCU/ARM_GCC_Support/ewl/lib/armv7e-m/fpu\libc.a(memcpy.o)
                                0x138 (size before relaxing)
 .debug_str     0x0000213e       0x1c C:/Freescale/CW MCU v10.6/MCU/ARM_GCC_Support/ewl/lib/armv7e-m/fpu\libc.a(memchr.o)
                                0x148 (size before relaxing)
 .debug_str     0x0000215a       0x17 C:/Freescale/CW MCU v10.6/MCU/ARM_GCC_Support/ewl/lib/armv7e-m/fpu\libm.a(w_log.o)
                                0x125 (size before relaxing)
 .debug_str     0x00002171       0x11 C:/Freescale/CW MCU v10.6/MCU/ARM_GCC_Support/ewl/lib/armv7e-m/fpu\libm.a(w_exp.o)
                                0x125 (size before relaxing)
 .debug_str     0x00002182       0x51 C:/Freescale/CW MCU v10.6/MCU/ARM_GCC_Support/ewl/lib/armv7e-m/fpu\libm.a(e_log.o)
                                0x183 (size before relaxing)
 .debug_str     0x000021d3       0x58 C:/Freescale/CW MCU v10.6/MCU/ARM_GCC_Support/ewl/lib/armv7e-m/fpu\libm.a(e_exp.o)
                                0x1ac (size before relaxing)
 .debug_str     0x0000222b      0x126 C:/Freescale/CW MCU v10.6/MCU/ARM_GCC_Support/ewl/lib/armv7e-m/fpu\librt.a(gcc_ctor_dtor.o)
                                0x181 (size before relaxing)
 .debug_str     0x00002351      0x102 C:/Freescale/CW MCU v10.6/MCU/ARM_GCC_Support/ewl/lib/armv7e-m/fpu\librt.a(__arm_eabi_init.o)
                                0x1bf (size before relaxing)
 .debug_str     0x00002453       0x96 C:/Freescale/CW MCU v10.6/MCU/ARM_GCC_Support/ewl/lib/armv7e-m/fpu\librt.a(ROMCopy.o)
                                0x13c (size before relaxing)
 .debug_str     0x000024e9       0x12 C:/Freescale/CW MCU v10.6/MCU/ARM_GCC_Support/ewl/lib/armv7e-m/fpu\libc.a(errno.o)
                                0x12c (size before relaxing)

.comment        0x00000000       0x79
 .comment       0x00000000       0x79 ./Project_Settings/Startup_Code/kinetis_sysinit.o
                                 0x7a (size before relaxing)
 .comment       0x00000000       0x7a ./Project_Settings/Startup_Code/__arm_start.o
 .comment       0x00000000       0x7a ./Project_Settings/Startup_Code/__arm_end.o
 .comment       0x00000000       0x7a ./Sources/TFC/TFC_i2c.o
 .comment       0x00000000       0x7a ./Sources/TFC/TFC_arm_cm4.o
 .comment       0x00000000       0x7a ./Sources/TFC/TFC_UART.o
 .comment       0x00000000       0x7a ./Sources/TFC/TFC_Terminal.o
 .comment       0x00000000       0x7a ./Sources/TFC/TFC_SysTick.o
 .comment       0x00000000       0x7a ./Sources/TFC/TFC_Servo.o
 .comment       0x00000000       0x7a ./Sources/TFC/TFC_Queue.o
 .comment       0x00000000       0x7a ./Sources/TFC/TFC_Motor.o
 .comment       0x00000000       0x7a ./Sources/TFC/TFC_LineScanCamera.o
 .comment       0x00000000       0x7a ./Sources/TFC/TFC_DMA.o
 .comment       0x00000000       0x7a ./Sources/TFC/TFC_CrystalClock.o
 .comment       0x00000000       0x7a ./Sources/TFC/TFC_BoardSupport.o
 .comment       0x00000000       0x7a ./Sources/TFC/TFC_ADC.o
 .comment       0x00000000       0x7a ./Sources/TFC/TFC.o
 .comment       0x00000000       0x7a ./Sources/main.o
 .comment       0x00000000       0x7a ./Sources/demo.o
 .comment       0x00000000       0x7a ./Sources/Spices.o
 .comment       0x00000000       0x7a C:/Freescale/CW MCU v10.6/MCU/ARM_GCC_Support/ewl/lib/armv7e-m/fpu\libc.a(vsprintf.o)
 .comment       0x00000000       0x7a C:/Freescale/CW MCU v10.6/MCU/ARM_GCC_Support/ewl/lib/armv7e-m/fpu\libc.a(sscanf.o)
 .comment       0x00000000       0x7a C:/Freescale/CW MCU v10.6/MCU/ARM_GCC_Support/ewl/lib/armv7e-m/fpu\libc.a(sprintf.o)
 .comment       0x00000000       0x7a C:/Freescale/CW MCU v10.6/MCU/ARM_GCC_Support/ewl/lib/armv7e-m/fpu\libc.a(vsscanf.o)
 .comment       0x00000000       0x7a C:/Freescale/CW MCU v10.6/MCU/ARM_GCC_Support/ewl/lib/armv7e-m/fpu\libc.a(exit.o)
 .comment       0x00000000       0x7a C:/Freescale/CW MCU v10.6/MCU/ARM_GCC_Support/ewl/lib/armv7e-m/fpu\libc.a(memset.o)
 .comment       0x00000000       0x7a C:/Freescale/CW MCU v10.6/MCU/ARM_GCC_Support/ewl/lib/armv7e-m/fpu\libc.a(__filll_mem.o)
 .comment       0x00000000       0x7a C:/Freescale/CW MCU v10.6/MCU/ARM_GCC_Support/ewl/lib/armv7e-m/fpu\libc.a(strcpy.o)
 .comment       0x00000000       0x7a C:/Freescale/CW MCU v10.6/MCU/ARM_GCC_Support/ewl/lib/armv7e-m/fpu\libc.a(strcmp.o)
 .comment       0x00000000       0x7a C:/Freescale/CW MCU v10.6/MCU/ARM_GCC_Support/ewl/lib/armv7e-m/fpu\libc.a(strlen.o)
 .comment       0x00000000       0x7a C:/Freescale/CW MCU v10.6/MCU/ARM_GCC_Support/ewl/lib/armv7e-m/fpu\libc.a(printformat_.o)
 .comment       0x00000000       0x7a C:/Freescale/CW MCU v10.6/MCU/ARM_GCC_Support/ewl/lib/armv7e-m/fpu\libc.a(scanformat_.o)
 .comment       0x00000000       0x7a C:/Freescale/CW MCU v10.6/MCU/ARM_GCC_Support/ewl/lib/armv7e-m/fpu\libc.a(ctype_aeabi.o)
 .comment       0x00000000       0x7a C:/Freescale/CW MCU v10.6/MCU/ARM_GCC_Support/ewl/lib/armv7e-m/fpu\libc.a(vsnprintf.o)
 .comment       0x00000000       0x7a C:/Freescale/CW MCU v10.6/MCU/ARM_GCC_Support/ewl/lib/armv7e-m/fpu\libc.a(__strtoul.o)
 .comment       0x00000000       0x7a C:/Freescale/CW MCU v10.6/MCU/ARM_GCC_Support/ewl/lib/armv7e-m/fpu\libc.a(strchr.o)
 .comment       0x00000000       0x7a C:/Freescale/CW MCU v10.6/MCU/ARM_GCC_Support/ewl/lib/armv7e-m/fpu\libc.a(memcpy.o)
 .comment       0x00000000       0x7a C:/Freescale/CW MCU v10.6/MCU/ARM_GCC_Support/ewl/lib/armv7e-m/fpu\libc.a(memchr.o)
 .comment       0x00000000       0x7a C:/Freescale/CW MCU v10.6/MCU/ARM_GCC_Support/ewl/lib/armv7e-m/fpu\libm.a(w_log.o)
 .comment       0x00000000       0x7a C:/Freescale/CW MCU v10.6/MCU/ARM_GCC_Support/ewl/lib/armv7e-m/fpu\libm.a(w_exp.o)
 .comment       0x00000000       0x7a C:/Freescale/CW MCU v10.6/MCU/ARM_GCC_Support/ewl/lib/armv7e-m/fpu\libm.a(e_log.o)
 .comment       0x00000000       0x7a C:/Freescale/CW MCU v10.6/MCU/ARM_GCC_Support/ewl/lib/armv7e-m/fpu\libm.a(e_exp.o)
 .comment       0x00000000       0x7a C:/Freescale/CW MCU v10.6/MCU/ARM_GCC_Support/ewl/lib/armv7e-m/fpu\librt.a(gcc_ctor_dtor.o)
 .comment       0x00000000       0x7a C:/Freescale/CW MCU v10.6/MCU/ARM_GCC_Support/ewl/lib/armv7e-m/fpu\librt.a(__arm_eabi_init.o)
 .comment       0x00000000       0x7a C:/Freescale/CW MCU v10.6/MCU/ARM_GCC_Support/ewl/lib/armv7e-m/fpu\librt.a(ROMCopy.o)
 .comment       0x00000000       0x7a C:/Freescale/CW MCU v10.6/MCU/ARM_GCC_Support/ewl/lib/armv7e-m/fpu\libc.a(errno.o)

.debug_frame    0x00000000     0x11e8
 .debug_frame   0x00000000       0x40 ./Project_Settings/Startup_Code/kinetis_sysinit.o
 .debug_frame   0x00000040       0x4c ./Project_Settings/Startup_Code/__arm_start.o
 .debug_frame   0x0000008c       0x2c ./Project_Settings/Startup_Code/__arm_end.o
 .debug_frame   0x000000b8      0x164 ./Sources/TFC/TFC_i2c.o
 .debug_frame   0x0000021c       0xb4 ./Sources/TFC/TFC_arm_cm4.o
 .debug_frame   0x000002d0       0xd8 ./Sources/TFC/TFC_UART.o
 .debug_frame   0x000003a8      0x148 ./Sources/TFC/TFC_Terminal.o
 .debug_frame   0x000004f0       0x7c ./Sources/TFC/TFC_SysTick.o
 .debug_frame   0x0000056c       0x7c ./Sources/TFC/TFC_Servo.o
 .debug_frame   0x000005e8       0xf0 ./Sources/TFC/TFC_Queue.o
 .debug_frame   0x000006d8       0x44 ./Sources/TFC/TFC_Motor.o
 .debug_frame   0x0000071c       0x48 ./Sources/TFC/TFC_LineScanCamera.o
 .debug_frame   0x00000764       0x28 ./Sources/TFC/TFC_DMA.o
 .debug_frame   0x0000078c       0x28 ./Sources/TFC/TFC_CrystalClock.o
 .debug_frame   0x000007b4       0x60 ./Sources/TFC/TFC_BoardSupport.o
 .debug_frame   0x00000814      0x14c ./Sources/TFC/TFC_ADC.o
 .debug_frame   0x00000960       0x48 ./Sources/TFC/TFC.o
 .debug_frame   0x000009a8       0x2c ./Sources/main.o
 .debug_frame   0x000009d4       0x54 ./Sources/demo.o
 .debug_frame   0x00000a28      0x198 ./Sources/Spices.o
 .debug_frame   0x00000bc0       0x28 C:/Freescale/CW MCU v10.6/MCU/ARM_GCC_Support/ewl/lib/armv7e-m/fpu\libc.a(vsprintf.o)
 .debug_frame   0x00000be8       0x34 C:/Freescale/CW MCU v10.6/MCU/ARM_GCC_Support/ewl/lib/armv7e-m/fpu\libc.a(sscanf.o)
 .debug_frame   0x00000c1c       0x34 C:/Freescale/CW MCU v10.6/MCU/ARM_GCC_Support/ewl/lib/armv7e-m/fpu\libc.a(sprintf.o)
 .debug_frame   0x00000c50       0x40 C:/Freescale/CW MCU v10.6/MCU/ARM_GCC_Support/ewl/lib/armv7e-m/fpu\libc.a(vsscanf.o)
 .debug_frame   0x00000c90       0x28 C:/Freescale/CW MCU v10.6/MCU/ARM_GCC_Support/ewl/lib/armv7e-m/fpu\libc.a(exit.o)
 .debug_frame   0x00000cb8       0x28 C:/Freescale/CW MCU v10.6/MCU/ARM_GCC_Support/ewl/lib/armv7e-m/fpu\libc.a(memset.o)
 .debug_frame   0x00000ce0       0x2c C:/Freescale/CW MCU v10.6/MCU/ARM_GCC_Support/ewl/lib/armv7e-m/fpu\libc.a(__filll_mem.o)
 .debug_frame   0x00000d0c       0x20 C:/Freescale/CW MCU v10.6/MCU/ARM_GCC_Support/ewl/lib/armv7e-m/fpu\libc.a(strcpy.o)
 .debug_frame   0x00000d2c       0x28 C:/Freescale/CW MCU v10.6/MCU/ARM_GCC_Support/ewl/lib/armv7e-m/fpu\libc.a(strcmp.o)
 .debug_frame   0x00000d54       0x20 C:/Freescale/CW MCU v10.6/MCU/ARM_GCC_Support/ewl/lib/armv7e-m/fpu\libc.a(strlen.o)
 .debug_frame   0x00000d74       0x64 C:/Freescale/CW MCU v10.6/MCU/ARM_GCC_Support/ewl/lib/armv7e-m/fpu\libc.a(printformat_.o)
 .debug_frame   0x00000dd8       0x3c C:/Freescale/CW MCU v10.6/MCU/ARM_GCC_Support/ewl/lib/armv7e-m/fpu\libc.a(scanformat_.o)
 .debug_frame   0x00000e14       0xf0 C:/Freescale/CW MCU v10.6/MCU/ARM_GCC_Support/ewl/lib/armv7e-m/fpu\libc.a(ctype_aeabi.o)
 .debug_frame   0x00000f04       0x4c C:/Freescale/CW MCU v10.6/MCU/ARM_GCC_Support/ewl/lib/armv7e-m/fpu\libc.a(vsnprintf.o)
 .debug_frame   0x00000f50       0x3c C:/Freescale/CW MCU v10.6/MCU/ARM_GCC_Support/ewl/lib/armv7e-m/fpu\libc.a(__strtoul.o)
 .debug_frame   0x00000f8c       0x20 C:/Freescale/CW MCU v10.6/MCU/ARM_GCC_Support/ewl/lib/armv7e-m/fpu\libc.a(strchr.o)
 .debug_frame   0x00000fac       0x28 C:/Freescale/CW MCU v10.6/MCU/ARM_GCC_Support/ewl/lib/armv7e-m/fpu\libc.a(memcpy.o)
 .debug_frame   0x00000fd4       0x20 C:/Freescale/CW MCU v10.6/MCU/ARM_GCC_Support/ewl/lib/armv7e-m/fpu\libc.a(memchr.o)
 .debug_frame   0x00000ff4       0x20 C:/Freescale/CW MCU v10.6/MCU/ARM_GCC_Support/ewl/lib/armv7e-m/fpu\libm.a(w_log.o)
 .debug_frame   0x00001014       0x20 C:/Freescale/CW MCU v10.6/MCU/ARM_GCC_Support/ewl/lib/armv7e-m/fpu\libm.a(w_exp.o)
 .debug_frame   0x00001034       0x38 C:/Freescale/CW MCU v10.6/MCU/ARM_GCC_Support/ewl/lib/armv7e-m/fpu\libm.a(e_log.o)
 .debug_frame   0x0000106c       0x38 C:/Freescale/CW MCU v10.6/MCU/ARM_GCC_Support/ewl/lib/armv7e-m/fpu\libm.a(e_exp.o)
 .debug_frame   0x000010a4       0x40 C:/Freescale/CW MCU v10.6/MCU/ARM_GCC_Support/ewl/lib/armv7e-m/fpu\librt.a(gcc_ctor_dtor.o)
 .debug_frame   0x000010e4       0xbc C:/Freescale/CW MCU v10.6/MCU/ARM_GCC_Support/ewl/lib/armv7e-m/fpu\librt.a(__arm_eabi_init.o)
 .debug_frame   0x000011a0       0x48 C:/Freescale/CW MCU v10.6/MCU/ARM_GCC_Support/ewl/lib/armv7e-m/fpu\librt.a(ROMCopy.o)